Archive member included to satisfy reference by file (symbol)

c:/program files (x86)/gnu tools arm embedded/6 2017-q1-update/bin/../lib/gcc/arm-none-eabi/6.3.1/../../../../arm-none-eabi/lib/thumb/v7-m\libm.a(lib_a-sf_atan.o)
                              ..\obj\imu.o (atanf)
c:/program files (x86)/gnu tools arm embedded/6 2017-q1-update/bin/../lib/gcc/arm-none-eabi/6.3.1/../../../../arm-none-eabi/lib/thumb/v7-m\libm.a(lib_a-sf_fabs.o)
                              c:/program files (x86)/gnu tools arm embedded/6 2017-q1-update/bin/../lib/gcc/arm-none-eabi/6.3.1/../../../../arm-none-eabi/lib/thumb/v7-m\libm.a(lib_a-sf_atan.o) (fabsf)
c:/program files (x86)/gnu tools arm embedded/6 2017-q1-update/bin/../lib/gcc/arm-none-eabi/6.3.1/../../../../arm-none-eabi/lib/thumb/v7-m\libm.a(lib_a-wf_asin.o)
                              ..\obj\imu.o (asinf)
c:/program files (x86)/gnu tools arm embedded/6 2017-q1-update/bin/../lib/gcc/arm-none-eabi/6.3.1/../../../../arm-none-eabi/lib/thumb/v7-m\libm.a(lib_a-wf_atan2.o)
                              ..\obj\imu.o (atan2f)
c:/program files (x86)/gnu tools arm embedded/6 2017-q1-update/bin/../lib/gcc/arm-none-eabi/6.3.1/../../../../arm-none-eabi/lib/thumb/v7-m\libm.a(lib_a-wf_sqrt.o)
                              ..\obj\imu.o (sqrtf)
c:/program files (x86)/gnu tools arm embedded/6 2017-q1-update/bin/../lib/gcc/arm-none-eabi/6.3.1/../../../../arm-none-eabi/lib/thumb/v7-m\libm.a(lib_a-ef_asin.o)
                              c:/program files (x86)/gnu tools arm embedded/6 2017-q1-update/bin/../lib/gcc/arm-none-eabi/6.3.1/../../../../arm-none-eabi/lib/thumb/v7-m\libm.a(lib_a-wf_asin.o) (__ieee754_asinf)
c:/program files (x86)/gnu tools arm embedded/6 2017-q1-update/bin/../lib/gcc/arm-none-eabi/6.3.1/../../../../arm-none-eabi/lib/thumb/v7-m\libm.a(lib_a-ef_atan2.o)
                              c:/program files (x86)/gnu tools arm embedded/6 2017-q1-update/bin/../lib/gcc/arm-none-eabi/6.3.1/../../../../arm-none-eabi/lib/thumb/v7-m\libm.a(lib_a-wf_atan2.o) (__ieee754_atan2f)
c:/program files (x86)/gnu tools arm embedded/6 2017-q1-update/bin/../lib/gcc/arm-none-eabi/6.3.1/../../../../arm-none-eabi/lib/thumb/v7-m\libm.a(lib_a-ef_sqrt.o)
                              c:/program files (x86)/gnu tools arm embedded/6 2017-q1-update/bin/../lib/gcc/arm-none-eabi/6.3.1/../../../../arm-none-eabi/lib/thumb/v7-m\libm.a(lib_a-wf_sqrt.o) (__ieee754_sqrtf)
c:/program files (x86)/gnu tools arm embedded/6 2017-q1-update/bin/../lib/gcc/arm-none-eabi/6.3.1/../../../../arm-none-eabi/lib/thumb/v7-m\libm.a(lib_a-s_lib_ver.o)
                              c:/program files (x86)/gnu tools arm embedded/6 2017-q1-update/bin/../lib/gcc/arm-none-eabi/6.3.1/../../../../arm-none-eabi/lib/thumb/v7-m\libm.a(lib_a-wf_asin.o) (__fdlib_version)
c:/program files (x86)/gnu tools arm embedded/6 2017-q1-update/bin/../lib/gcc/arm-none-eabi/6.3.1/../../../../arm-none-eabi/lib/thumb/v7-m\libm.a(lib_a-s_matherr.o)
                              c:/program files (x86)/gnu tools arm embedded/6 2017-q1-update/bin/../lib/gcc/arm-none-eabi/6.3.1/../../../../arm-none-eabi/lib/thumb/v7-m\libm.a(lib_a-wf_asin.o) (matherr)
c:/program files (x86)/gnu tools arm embedded/6 2017-q1-update/bin/../lib/gcc/arm-none-eabi/6.3.1/../../../../arm-none-eabi/lib/thumb/v7-m\libm.a(lib_a-s_nan.o)
                              c:/program files (x86)/gnu tools arm embedded/6 2017-q1-update/bin/../lib/gcc/arm-none-eabi/6.3.1/../../../../arm-none-eabi/lib/thumb/v7-m\libm.a(lib_a-wf_asin.o) (nan)
c:/program files (x86)/gnu tools arm embedded/6 2017-q1-update/bin/../lib/gcc/arm-none-eabi/6.3.1/thumb/v7-m\libgcc.a(_arm_addsubdf3.o)
                              ..\obj\log.o (__aeabi_f2d)
c:/program files (x86)/gnu tools arm embedded/6 2017-q1-update/bin/../lib/gcc/arm-none-eabi/6.3.1/thumb/v7-m\libgcc.a(_arm_muldivdf3.o)
                              c:/program files (x86)/gnu tools arm embedded/6 2017-q1-update/bin/../lib/gcc/arm-none-eabi/6.3.1/../../../../arm-none-eabi/lib/thumb/v7-m\libm.a(lib_a-wf_sqrt.o) (__aeabi_ddiv)
c:/program files (x86)/gnu tools arm embedded/6 2017-q1-update/bin/../lib/gcc/arm-none-eabi/6.3.1/thumb/v7-m\libgcc.a(_arm_truncdfsf2.o)
                              c:/program files (x86)/gnu tools arm embedded/6 2017-q1-update/bin/../lib/gcc/arm-none-eabi/6.3.1/../../../../arm-none-eabi/lib/thumb/v7-m\libm.a(lib_a-wf_asin.o) (__aeabi_d2f)
c:/program files (x86)/gnu tools arm embedded/6 2017-q1-update/bin/../lib/gcc/arm-none-eabi/6.3.1/thumb/v7-m\libgcc.a(_arm_addsubsf3.o)
                              ..\obj\delay.o (__aeabi_fsub)
c:/program files (x86)/gnu tools arm embedded/6 2017-q1-update/bin/../lib/gcc/arm-none-eabi/6.3.1/thumb/v7-m\libgcc.a(_arm_muldivsf3.o)
                              ..\obj\delay.o (__aeabi_fmul)
c:/program files (x86)/gnu tools arm embedded/6 2017-q1-update/bin/../lib/gcc/arm-none-eabi/6.3.1/thumb/v7-m\libgcc.a(_arm_cmpsf2.o)
[...]
Memory Configuration

Name             Origin             Length             Attributes
rom              0x08003000         0x0001d000         xr
ram              0x20000000         0x00005000         xrw
*default*        0x00000000         0xffffffff

Linker script and memory map

                0x20005000                _eram = 0x20005000

.text           0x08003000     0xcb84
 *(.isr_vector)
 .isr_vector    0x08003000      0x10c ..\obj\startup_stm32f10x_md.o
                0x08003000                g_pfnVectors
 *(.text*)
 .text.Standard_GetConfiguration
                0x0800310c       0x28 ..\obj\usb_core.o
                0x0800310c                Standard_GetConfiguration
 .text.Standard_GetInterface
                0x08003134       0x28 ..\obj\usb_core.o
                0x08003134                Standard_GetInterface
 .text.Standard_GetStatus
                0x0800315c       0x90 ..\obj\usb_core.o
                0x0800315c                Standard_GetStatus
 .text.DataStageIn
                0x080031ec       0xb0 ..\obj\usb_core.o
 .text.Standard_ClearFeature
                0x0800329c       0xd4 ..\obj\usb_core.o
                0x0800329c                Standard_ClearFeature
 .text.Standard_SetEndPointFeature
                0x08003370       0x94 ..\obj\usb_core.o
                0x08003370                Standard_SetEndPointFeature
 .text.Standard_GetDescriptorData
                0x08003404       0x1c ..\obj\usb_core.o
                0x08003404                Standard_GetDescriptorData
 .text.Setup0_Process
                0x08003420      0x3fc ..\obj\usb_core.o
                0x08003420                Setup0_Process
 .text.In0_Process
                0x0800381c       0xcc ..\obj\usb_core.o
                0x0800381c                In0_Process
 .text.Out0_Process
                0x080038e8      0x110 ..\obj\usb_core.o
                0x080038e8                Out0_Process
 .text.SetDeviceAddress
                0x080039f8       0x40 ..\obj\usb_core.o
                0x080039f8                SetDeviceAddress
 .text.NOP_Process
                0x08003a38        0x4 ..\obj\usb_core.o
                0x08003a38                NOP_Process
 .text.SysTick_Handler
                0x08003a3c       0x10 ..\obj\delay.o
                0x08003a3c                SysTick_Handler
 .text._Z10delay_initv
                0x08003a4c       0x48 ..\obj\delay.o
                0x08003a4c                delay_init()
 .text._Z8delay_msm
                0x08003a94       0x34 ..\obj\delay.o
                0x08003a94                delay_ms(unsigned long)
 .text._Z8delay_usf
                0x08003ac8       0x7c ..\obj\delay.o
                0x08003ac8                delay_us(float)
 .text.TIM_TimeBaseInit
                0x08003b44       0xac ..\obj\stm32f10x_tim.o
                0x08003b44                TIM_TimeBaseInit
 .text.TIM_ICInit
                0x08003bf0      0x248 ..\obj\stm32f10x_tim.o
                0x08003bf0                TIM_ICInit
 .text.TIM_TimeBaseStructInit
                0x08003e38       0x10 ..\obj\stm32f10x_tim.o
                0x08003e38                TIM_TimeBaseStructInit
 .text.TIM_ICStructInit
                0x08003e48       0x10 ..\obj\stm32f10x_tim.o
                0x08003e48                TIM_ICStructInit
 .text.TIM_Cmd  0x08003e58       0x1c ..\obj\stm32f10x_tim.o
                0x08003e58                TIM_Cmd
 .text.TIM_ITConfig
                0x08003e74       0x14 ..\obj\stm32f10x_tim.o
                0x08003e74                TIM_ITConfig
 .text.TIM_OC1PolarityConfig
                0x08003e88       0x10 ..\obj\stm32f10x_tim.o
                0x08003e88                TIM_OC1PolarityConfig
 .text.TIM_OC2PolarityConfig
                0x08003e98       0x14 ..\obj\stm32f10x_tim.o
                0x08003e98                TIM_OC2PolarityConfig
 .text.TIM_OC3PolarityConfig
                0x08003eac       0x14 ..\obj\stm32f10x_tim.o
                0x08003eac                TIM_OC3PolarityConfig
 .text.TIM_OC4PolarityConfig
                0x08003ec0       0x14 ..\obj\stm32f10x_tim.o
                0x08003ec0                TIM_OC4PolarityConfig
 .text.TIM_GetCapture1
                0x08003ed4        0x8 ..\obj\stm32f10x_tim.o
                0x08003ed4                TIM_GetCapture1
 .text.TIM_GetCapture2
                0x08003edc        0x8 ..\obj\stm32f10x_tim.o
                0x08003edc                TIM_GetCapture2
 .text.TIM_GetCapture3
                0x08003ee4        0x8 ..\obj\stm32f10x_tim.o
                0x08003ee4                TIM_GetCapture3
 .text.TIM_GetCapture4
                0x08003eec        0x8 ..\obj\stm32f10x_tim.o
                0x08003eec                TIM_GetCapture4
 .text.TIM_GetITStatus
                0x08003ef4       0x18 ..\obj\stm32f10x_tim.o
                0x08003ef4                TIM_GetITStatus
 .text.TIM_ClearITPendingBit
                0x08003f0c        0x8 ..\obj\stm32f10x_tim.o
                0x08003f0c                TIM_ClearITPendingBit
 .text._ZN7MPU605013dmpInitializeEv
                0x08003f14      0x438 ..\obj\imu.o
                0x08003f14                MPU6050::dmpInitialize()
 .text._Z10mpu_selectv
                0x0800434c       0x24 ..\obj\imu.o
                0x0800434c                mpu_select()
 .text._Z12mpu_deselectv
                0x08004370       0x1c ..\obj\imu.o
                0x08004370                mpu_deselect()
 .text._Z8spi_sendh
                0x0800438c       0x40 ..\obj\imu.o
                0x0800438c                spi_send(unsigned char)
 .text._Z8imu_initv
                0x080043cc      0x144 ..\obj\imu.o
                0x080043cc                imu_init()
 .text.EXTI3_IRQHandler
                0x08004510       0xf4 ..\obj\imu.o
                0x08004510                EXTI3_IRQHandler
 .text.startup._GLOBAL__sub_I__ZN7MPU605013dmpInitializeEv
                0x08004604       0x20 ..\obj\imu.o
 .text.CTR_LP   0x08004624      0x180 ..\obj\usb_int.o
                0x08004624                CTR_LP
 .text.DBGMCU_Config
                0x080047a4       0x18 ..\obj\stm32f10x_dbgmcu.o
                0x080047a4                DBGMCU_Config
 .text.SystemInit
                0x080047bc      0x104 ..\obj\system_stm32f10x.o
                0x080047bc                SystemInit
 .text._Z13receiver_initv
                0x080048c0       0xcc ..\obj\receiver.o
                0x080048c0                receiver_init()
 .text.USART1_IRQHandler
                0x0800498c      0x15c ..\obj\receiver.o
                0x0800498c                USART1_IRQHandler
 .text.SetBTABLE
                0x08004ae8       0x10 ..\obj\usb_regs.o
                0x08004ae8                SetBTABLE
 .text.SetEPType
                0x08004af8       0x1c ..\obj\usb_regs.o
                0x08004af8                SetEPType
 .text.SetEPTxStatus
                0x08004b14       0x34 ..\obj\usb_regs.o
                0x08004b14                SetEPTxStatus
 .text.SetEPRxStatus
                0x08004b48       0x34 ..\obj\usb_regs.o
                0x08004b48                SetEPRxStatus
 .text.SetEPTxValid
                0x08004b7c       0x28 ..\obj\usb_regs.o
                0x08004b7c                SetEPTxValid
 .text.SetEPRxValid
                0x08004ba4       0x28 ..\obj\usb_regs.o
                0x08004ba4                SetEPRxValid
 .text.Clear_Status_Out
                0x08004bcc       0x20 ..\obj\usb_regs.o
                0x08004bcc                Clear_Status_Out
 .text.ClearDTOG_RX
                0x08004bec       0x24 ..\obj\usb_regs.o
                0x08004bec                ClearDTOG_RX
 .text.ClearDTOG_TX
                0x08004c10       0x24 ..\obj\usb_regs.o
                0x08004c10                ClearDTOG_TX
 .text.SetEPTxAddr
                0x08004c34       0x20 ..\obj\usb_regs.o
                0x08004c34                SetEPTxAddr
 .text.SetEPRxAddr
                0x08004c54       0x20 ..\obj\usb_regs.o
                0x08004c54                SetEPRxAddr
 .text.GetEPTxAddr
                0x08004c74       0x1c ..\obj\usb_regs.o
                0x08004c74                GetEPTxAddr
 .text.GetEPRxAddr
                0x08004c90       0x1c ..\obj\usb_regs.o
                0x08004c90                GetEPRxAddr
 .text.SetEPTxCount
                0x08004cac       0x1c ..\obj\usb_regs.o
                0x08004cac                SetEPTxCount
 .text.SetEPRxCount
                0x08004cc8       0x44 ..\obj\usb_regs.o
                0x08004cc8                SetEPRxCount
 .text.GetEPRxCount
                0x08004d0c       0x20 ..\obj\usb_regs.o
                0x08004d0c                GetEPRxCount
 .text.ByteSwap
                0x08004d2c        0xc ..\obj\usb_regs.o
                0x08004d2c                ByteSwap
 .text._Z8tim_initv
                0x08004d38      0x158 ..\obj\pwm.o
                0x08004d38                tim_init()
 .text._Z14TIM_IRQHandlerv
                0x08004e90       0xa8 ..\obj\pwm.o
                0x08004e90                TIM_IRQHandler()
 .text.TIM2_IRQHandler
                0x08004f38        0x4 ..\obj\pwm.o
                0x08004f38                TIM2_IRQHandler
 .text.TIM3_IRQHandler
                0x08004f3c        0x4 ..\obj\pwm.o
                0x08004f3c                TIM3_IRQHandler
 .text.TIM4_IRQHandler
                0x08004f40        0x4 ..\obj\pwm.o
                0x08004f40                TIM4_IRQHandler
 .text._Z8pwm_initv
                0x08004f44       0xc8 ..\obj\pwm.o
                0x08004f44                pwm_init()
 .text.Default_Handler
                0x0800500c       0x20 ..\obj\startup_stm32f10x_md.o
                0x0800500c                EXTI2_IRQHandler
                0x0800500c                DebugMon_Handler
                0x0800500c                TIM1_CC_IRQHandler
                0x0800500c                HardFault_Handler
                0x0800500c                PVD_IRQHandler
                0x0800500c                PendSV_Handler
                0x0800500c                NMI_Handler
                0x0800500c                EXTI0_IRQHandler
                0x0800500c                I2C2_EV_IRQHandler
                0x0800500c                UsageFault_Handler
                0x0800500c                ADC1_2_IRQHandler
                0x0800500c                SPI1_IRQHandler
                0x0800500c                TAMPER_IRQHandler
                0x0800500c                DMA1_Channel4_IRQHandler
                0x0800500c                USART3_IRQHandler
                0x0800500c                RTC_IRQHandler
                0x0800500c                DMA1_Channel7_IRQHandler
                0x0800500c                CAN1_RX1_IRQHandler
                0x0800500c                I2C1_EV_IRQHandler
                0x0800500c                DMA1_Channel6_IRQHandler
                0x0800500c                RCC_IRQHandler
                0x0800500c                TIM1_TRG_COM_IRQHandler
                0x0800500c                DMA1_Channel1_IRQHandler
                0x0800500c                EXTI15_10_IRQHandler
                0x0800500c                EXTI9_5_IRQHandler
                0x0800500c                SPI2_IRQHandler
                0x0800500c                MemManage_Handler
                0x0800500c                SVC_Handler
                0x0800500c                DMA1_Channel5_IRQHandler
                0x0800500c                EXTI4_IRQHandler
                0x0800500c                USB_HP_CAN1_TX_IRQHandler
                0x0800500c                DMA1_Channel3_IRQHandler
                0x0800500c                WWDG_IRQHandler
                0x0800500c                TIM1_BRK_IRQHandler
                0x0800500c                EXTI1_IRQHandler
                0x0800500c                RTCAlarm_IRQHandler
                0x0800500c                USART2_IRQHandler
                0x0800500c                I2C2_ER_IRQHandler
                0x0800500c                DMA1_Channel2_IRQHandler
                0x0800500c                CAN1_SCE_IRQHandler
                0x0800500c                FLASH_IRQHandler
                0x0800500c                BusFault_Handler
                0x0800500c                I2C1_ER_IRQHandler
 .text.Default_Reset_Handler
                0x0800502c       0x4c ..\obj\startup_stm32f10x_md.o
                0x0800502c                Default_Reset_Handler
                0x0800502c                Reset_Handler
 .text.Set_System
                0x08005078       0x28 ..\obj\hw_config.o
                0x08005078                Set_System
 .text.Set_USBClock
                0x080050a0       0x18 ..\obj\hw_config.o
                0x080050a0                Set_USBClock
 .text.Leave_LowPowerMode
                0x080050b8       0x24 ..\obj\hw_config.o
                0x080050b8                Leave_LowPowerMode
 .text.USB_Interrupts_Config
                0x080050dc       0x2c ..\obj\hw_config.o
                0x080050dc                USB_Interrupts_Config
 .text.Get_SerialNum
                0x08005108       0xfc ..\obj\hw_config.o
                0x08005108                Get_SerialNum
 .text.CDC_Send_DATA
                0x08005204       0x30 ..\obj\hw_config.o
                0x08005204                CDC_Send_DATA
 .text._ZN6I2Cdev7readBitEhhhPht
                0x08005234       0x2c ..\obj\I2Cdev.o
                0x08005234                I2Cdev::readBit(unsigned char, unsigned char, unsigned char, unsigned char*, unsigned short)
 .text._ZN6I2Cdev8readBitsEhhhhPht
                0x08005260       0x3c ..\obj\I2Cdev.o
                0x08005260                I2Cdev::readBits(unsigned char, unsigned char, unsigned char, unsigned char, unsigned char*, unsigned short)
 .text._ZN6I2Cdev8readByteEhhPht
                0x0800529c       0x24 ..\obj\I2Cdev.o
                0x0800529c                I2Cdev::readByte(unsigned char, unsigned char, unsigned char*, unsigned short)
 .text._ZN6I2Cdev9readBytesEhhhPht
                0x080052c0       0x30 ..\obj\I2Cdev.o
                0x080052c0                I2Cdev::readBytes(unsigned char, unsigned char, unsigned char, unsigned char*, unsigned short)
 .text._ZN6I2Cdev8writeBitEhhhh
                0x080052f0       0x50 ..\obj\I2Cdev.o
                0x080052f0                I2Cdev::writeBit(unsigned char, unsigned char, unsigned char, unsigned char)
 .text._ZN6I2Cdev9writeBitsEhhhhh
                0x08005340       0x64 ..\obj\I2Cdev.o
                0x08005340                I2Cdev::writeBits(unsigned char, unsigned char, unsigned char, unsigned char, unsigned char)
 .text._ZN6I2Cdev9writeByteEhhh
                0x080053a4       0x20 ..\obj\I2Cdev.o
                0x080053a4                I2Cdev::writeByte(unsigned char, unsigned char, unsigned char)
 .text._ZN6I2Cdev9writeWordEhht
                0x080053c4       0x28 ..\obj\I2Cdev.o
                0x080053c4                I2Cdev::writeWord(unsigned char, unsigned char, unsigned short)
 .text._ZN6I2Cdev10writeBytesEhhhPh
                0x080053ec       0x30 ..\obj\I2Cdev.o
                0x080053ec                I2Cdev::writeBytes(unsigned char, unsigned char, unsigned char, unsigned char*)
 .text.GPIO_Init
                0x0800541c      0x36c ..\obj\stm32f10x_gpio.o
                0x0800541c                GPIO_Init
 .text.GPIO_StructInit
                0x08005788       0x10 ..\obj\stm32f10x_gpio.o
                0x08005788                GPIO_StructInit
 .text.GPIO_SetBits
                0x08005798        0x4 ..\obj\stm32f10x_gpio.o
                0x08005798                GPIO_SetBits
 .text.GPIO_WriteBit
                0x0800579c        0xc ..\obj\stm32f10x_gpio.o
                0x0800579c                GPIO_WriteBit
 .text.GPIO_PinRemapConfig
                0x080057a8       0x6c ..\obj\stm32f10x_gpio.o
                0x080057a8                GPIO_PinRemapConfig
 .text.GPIO_EXTILineConfig
                0x08005814       0x30 ..\obj\stm32f10x_gpio.o
                0x08005814                GPIO_EXTILineConfig
 .text.Virtual_Com_Port_SetConfiguration
                0x08005844       0x18 ..\obj\usb_prop.o
                0x08005844                Virtual_Com_Port_SetConfiguration
 .text.Virtual_Com_Port_SetDeviceAddress
                0x0800585c        0xc ..\obj\usb_prop.o
                0x0800585c                Virtual_Com_Port_SetDeviceAddress
 .text.Virtual_Com_Port_Status_In
                0x08005868       0x14 ..\obj\usb_prop.o
                0x08005868                Virtual_Com_Port_Status_In
 .text.Virtual_Com_Port_Status_Out
                0x0800587c        0x4 ..\obj\usb_prop.o
                0x0800587c                Virtual_Com_Port_Status_Out
 .text.Virtual_Com_Port_Data_Setup
                0x08005880       0x5c ..\obj\usb_prop.o
                0x08005880                Virtual_Com_Port_Data_Setup
 .text.Virtual_Com_Port_NoData_Setup
                0x080058dc       0x24 ..\obj\usb_prop.o
                0x080058dc                Virtual_Com_Port_NoData_Setup
 .text.Virtual_Com_Port_Get_Interface_Setting
                0x08005900       0x10 ..\obj\usb_prop.o
                0x08005900                Virtual_Com_Port_Get_Interface_Setting
 .text.Virtual_Com_Port_SetLineCoding
                0x08005910       0x18 ..\obj\usb_prop.o
                0x08005910                Virtual_Com_Port_SetLineCoding
 .text.Virtual_Com_Port_init
                0x08005928       0x24 ..\obj\usb_prop.o
                0x08005928                Virtual_Com_Port_init
 .text.Virtual_Com_Port_Reset
                0x0800594c       0xe0 ..\obj\usb_prop.o
                0x0800594c                Virtual_Com_Port_Reset
 .text.Virtual_Com_Port_GetDeviceDescriptor
                0x08005a2c        0xc ..\obj\usb_prop.o
                0x08005a2c                Virtual_Com_Port_GetDeviceDescriptor
 .text.Virtual_Com_Port_GetConfigDescriptor
                0x08005a38        0xc ..\obj\usb_prop.o
                0x08005a38                Virtual_Com_Port_GetConfigDescriptor
 .text.Virtual_Com_Port_GetStringDescriptor
                0x08005a44       0x20 ..\obj\usb_prop.o
                0x08005a44                Virtual_Com_Port_GetStringDescriptor
 .text.Virtual_Com_Port_GetLineCoding
                0x08005a64       0x18 ..\obj\usb_prop.o
                0x08005a64                Virtual_Com_Port_GetLineCoding
 .text.PowerOn  0x08005a7c       0x2c ..\obj\usb_pwr.o
                0x08005a7c                PowerOn
 .text.Resume   0x08005aa8       0xd4 ..\obj\usb_pwr.o
                0x08005aa8                Resume
 .text.USB_Init
                0x08005b7c       0x38 ..\obj\usb_init.o
                0x08005b7c                USB_Init
 .text._Z8led_initv
                0x08005bb4       0x54 ..\obj\main.o
                0x08005bb4                led_init()
 .text.startup.main
                0x08005c08       0x48 ..\obj\main.o
                0x08005c08                main
 .text.usb_init
                0x08005c50       0x18 ..\obj\usb.o
                0x08005c50                usb_init
 .text.usb_putchar
                0x08005c68       0x30 ..\obj\usb.o
                0x08005c68                usb_putchar
 .text._Z8log_initv
                0x08005c98       0x80 ..\obj\log.o
                0x08005c98                log_init()
 .text.TIM1_UP_IRQHandler
                0x08005d18      0x21c ..\obj\log.o
                0x08005d18                TIM1_UP_IRQHandler
 .text.RCC_USBCLKConfig
                0x08005f34        0xc ..\obj\stm32f10x_rcc.o
                0x08005f34                RCC_USBCLKConfig
 .text.RCC_GetClocksFreq
                0x08005f40       0x98 ..\obj\stm32f10x_rcc.o
                0x08005f40                RCC_GetClocksFreq
 .text.RCC_APB2PeriphClockCmd
                0x08005fd8       0x18 ..\obj\stm32f10x_rcc.o
                0x08005fd8                RCC_APB2PeriphClockCmd
 .text.RCC_APB1PeriphClockCmd
                0x08005ff0       0x18 ..\obj\stm32f10x_rcc.o
                0x08005ff0                RCC_APB1PeriphClockCmd
 .text.EXTI_Init
                0x08006008       0x7c ..\obj\stm32f10x_exti.o
                0x08006008                EXTI_Init
 .text.EXTI_StructInit
                0x08006084       0x10 ..\obj\stm32f10x_exti.o
                0x08006084                EXTI_StructInit
 .text.EXTI_GetITStatus
                0x08006094       0x1c ..\obj\stm32f10x_exti.o
                0x08006094                EXTI_GetITStatus
 .text.EXTI_ClearITPendingBit
                0x080060b0        0xc ..\obj\stm32f10x_exti.o
                0x080060b0                EXTI_ClearITPendingBit
 .text.USART_Init
                0x080060bc       0xbc ..\obj\stm32f10x_usart.o
                0x080060bc                USART_Init
 .text.USART_StructInit
                0x08006178       0x18 ..\obj\stm32f10x_usart.o
                0x08006178                USART_StructInit
 .text.USART_Cmd
                0x08006190       0x1c ..\obj\stm32f10x_usart.o
                0x08006190                USART_Cmd
 .text.USART_ITConfig
                0x080061ac       0x38 ..\obj\stm32f10x_usart.o
                0x080061ac                USART_ITConfig
 .text.USART_SendData
                0x080061e4        0x8 ..\obj\stm32f10x_usart.o
                0x080061e4                USART_SendData
 .text.USART_ReceiveData
                0x080061ec        0x8 ..\obj\stm32f10x_usart.o
                0x080061ec                USART_ReceiveData
 .text.USART_GetFlagStatus
                0x080061f4        0xc ..\obj\stm32f10x_usart.o
                0x080061f4                USART_GetFlagStatus
 .text.USART_GetITStatus
                0x08006200       0x48 ..\obj\stm32f10x_usart.o
                0x08006200                USART_GetITStatus
 .text.USB_SIL_Init
                0x08006248       0x24 ..\obj\usb_sil.o
                0x08006248                USB_SIL_Init
 .text._Z10morse_sendv
                0x0800626c       0xb0 ..\obj\morsecode.o
                0x0800626c                morse_send()
 .text._Z16morse_error_codeh
                0x0800631c       0x20 ..\obj\morsecode.o
                0x0800631c                morse_error_code(unsigned char)
 .text._sbrk    0x0800633c       0x1c ..\obj\syscalls.o
                0x0800633c                _sbrk
 .text._close   0x08006358        0x8 ..\obj\syscalls.o
                0x08006358                _close
 .text._fstat   0x08006360        0xc ..\obj\syscalls.o
                0x08006360                _fstat
 .text._isatty  0x0800636c        0x4 ..\obj\syscalls.o
                0x0800636c                _isatty
 .text._lseek   0x08006370        0x4 ..\obj\syscalls.o
                0x08006370                _lseek
 .text._read    0x08006374        0x4 ..\obj\syscalls.o
                0x08006374                _read
 .text._write   0x08006378       0x1c ..\obj\syscalls.o
                0x08006378                _write
 .text.abort    0x08006394        0x4 ..\obj\syscalls.o
                0x08006394                abort
 .text.USB_LP_CAN1_RX0_IRQHandler
                0x08006398        0x4 ..\obj\stm32_it.o
                0x08006398                USB_LP_CAN1_RX0_IRQHandler
 .text.USBWakeUp_IRQHandler
                0x0800639c        0x8 ..\obj\stm32_it.o
                0x0800639c                USBWakeUp_IRQHandler
 .text.EP1_IN_Callback
                0x080063a4        0xc ..\obj\usb_endp.o
                0x080063a4                EP1_IN_Callback
 .text.EP3_OUT_Callback
                0x080063b0       0x30 ..\obj\usb_endp.o
                0x080063b0                EP3_OUT_Callback
 .text.NVIC_PriorityGroupConfig
                0x080063e0       0x14 ..\obj\misc.o
                0x080063e0                NVIC_PriorityGroupConfig
 .text.NVIC_Init
                0x080063f4       0x64 ..\obj\misc.o
                0x080063f4                NVIC_Init
 .text.SPI_Init
                0x08006458       0x40 ..\obj\stm32f10x_spi.o
                0x08006458                SPI_Init
 .text.SPI_StructInit
                0x08006498       0x18 ..\obj\stm32f10x_spi.o
                0x08006498                SPI_StructInit
 .text.SPI_Cmd  0x080064b0       0x1c ..\obj\stm32f10x_spi.o
                0x080064b0                SPI_Cmd
 .text.SPI_I2S_SendData
                0x080064cc        0x4 ..\obj\stm32f10x_spi.o
                0x080064cc                SPI_I2S_SendData
 .text.SPI_I2S_ReceiveData
                0x080064d0        0x8 ..\obj\stm32f10x_spi.o
                0x080064d0                SPI_I2S_ReceiveData
 .text.SPI_I2S_GetFlagStatus
                0x080064d8        0xc ..\obj\stm32f10x_spi.o
                0x080064d8                SPI_I2S_GetFlagStatus
 .text._ZN7MPU605016writeMemoryBlockEPKhthhbb.constprop.1
                0x080064e4      0x104 ..\obj\MPU6050.o
 .text._ZN7MPU6050C2Ev
                0x080065e8        0x8 ..\obj\MPU6050.o
                0x080065e8                MPU6050::MPU6050()
                0x080065e8                MPU6050::MPU6050()
 .text._ZN7MPU605014testConnectionEv
                0x080065f0       0x34 ..\obj\MPU6050.o
                0x080065f0                MPU6050::testConnection()
 .text._ZN7MPU60507setRateEh
                0x08006624        0xc ..\obj\MPU6050.o
                0x08006624                MPU6050::setRate(unsigned char)
 .text._ZN7MPU605020setExternalFrameSyncEh
                0x08006630       0x18 ..\obj\MPU6050.o
                0x08006630                MPU6050::setExternalFrameSync(unsigned char)
 .text._ZN7MPU605011setDLPFModeEh
                0x08006648       0x18 ..\obj\MPU6050.o
                0x08006648                MPU6050::setDLPFMode(unsigned char)
 .text._ZN7MPU605021setFullScaleGyroRangeEh
                0x08006660       0x18 ..\obj\MPU6050.o
                0x08006660                MPU6050::setFullScaleGyroRange(unsigned char)
 .text._ZN7MPU605027setMotionDetectionThresholdEh
                0x08006678        0xc ..\obj\MPU6050.o
                0x08006678                MPU6050::setMotionDetectionThreshold(unsigned char)
 .text._ZN7MPU605026setMotionDetectionDurationEh
                0x08006684        0xc ..\obj\MPU6050.o
                0x08006684                MPU6050::setMotionDetectionDuration(unsigned char)
 .text._ZN7MPU605031setZeroMotionDetectionThresholdEh
                0x08006690        0xc ..\obj\MPU6050.o
                0x08006690                MPU6050::setZeroMotionDetectionThreshold(unsigned char)
 .text._ZN7MPU605030setZeroMotionDetectionDurationEh
                0x0800669c        0xc ..\obj\MPU6050.o
                0x0800669c                MPU6050::setZeroMotionDetectionDuration(unsigned char)
 .text._ZN7MPU605013setIntEnabledEh
                0x080066a8        0xc ..\obj\MPU6050.o
                0x080066a8                MPU6050::setIntEnabled(unsigned char)
 .text._ZN7MPU605012getIntStatusEv
                0x080066b4       0x1c ..\obj\MPU6050.o
                0x080066b4                MPU6050::getIntStatus()
 .text._ZN7MPU605014setFIFOEnabledEb
                0x080066d0        0xc ..\obj\MPU6050.o
                0x080066d0                MPU6050::setFIFOEnabled(bool)
 .text._ZN7MPU60509resetFIFOEv
                0x080066dc        0xc ..\obj\MPU6050.o
                0x080066dc                MPU6050::resetFIFO()
 .text._ZN7MPU60505resetEv
                0x080066e8        0xc ..\obj\MPU6050.o
                0x080066e8                MPU6050::reset()
 .text._ZN7MPU605015setSleepEnabledEb
                0x080066f4        0xc ..\obj\MPU6050.o
                0x080066f4                MPU6050::setSleepEnabled(bool)
 .text._ZN7MPU605014setClockSourceEh
                0x08006700       0x18 ..\obj\MPU6050.o
                0x08006700                MPU6050::setClockSource(unsigned char)
 .text._ZN7MPU605012getFIFOCountEv
                0x08006718       0x28 ..\obj\MPU6050.o
                0x08006718                MPU6050::getFIFOCount()
 .text._ZN7MPU605012getFIFOBytesEPhh
                0x08006740       0x1c ..\obj\MPU6050.o
                0x08006740                MPU6050::getFIFOBytes(unsigned char*, unsigned char)
 .text._ZN7MPU605015getOTPBankValidEv
                0x0800675c       0x24 ..\obj\MPU6050.o
                0x0800675c                MPU6050::getOTPBankValid()
 .text._ZN7MPU605015setOTPBankValidEb
                0x08006780        0xc ..\obj\MPU6050.o
                0x08006780                MPU6050::setOTPBankValid(bool)
 .text._ZN7MPU605016getXGyroOffsetTCEv
                0x0800678c       0x2c ..\obj\MPU6050.o
                0x0800678c                MPU6050::getXGyroOffsetTC()
 .text._ZN7MPU605016setXGyroOffsetTCEa
                0x080067b8       0x1c ..\obj\MPU6050.o
                0x080067b8                MPU6050::setXGyroOffsetTC(signed char)
 .text._ZN7MPU605016getYGyroOffsetTCEv
                0x080067d4       0x2c ..\obj\MPU6050.o
                0x080067d4                MPU6050::getYGyroOffsetTC()
 .text._ZN7MPU605016setYGyroOffsetTCEa
                0x08006800       0x1c ..\obj\MPU6050.o
                0x08006800                MPU6050::setYGyroOffsetTC(signed char)
 .text._ZN7MPU605016getZGyroOffsetTCEv
                0x0800681c       0x2c ..\obj\MPU6050.o
                0x0800681c                MPU6050::getZGyroOffsetTC()
 .text._ZN7MPU605016setZGyroOffsetTCEa
                0x08006848       0x1c ..\obj\MPU6050.o
                0x08006848                MPU6050::setZGyroOffsetTC(signed char)
 .text._ZN7MPU605014setXGyroOffsetEs
                0x08006864        0xc ..\obj\MPU6050.o
                0x08006864                MPU6050::setXGyroOffset(short)
 .text._ZN7MPU605014setYGyroOffsetEs
                0x08006870        0xc ..\obj\MPU6050.o
                0x08006870                MPU6050::setYGyroOffset(short)
 .text._ZN7MPU605014setZGyroOffsetEs
                0x0800687c        0xc ..\obj\MPU6050.o
                0x0800687c                MPU6050::setZGyroOffset(short)
 .text._ZN7MPU605013setDMPEnabledEb
                0x08006888        0xc ..\obj\MPU6050.o
                0x08006888                MPU6050::setDMPEnabled(bool)
 .text._ZN7MPU60508resetDMPEv
                0x08006894        0xc ..\obj\MPU6050.o
                0x08006894                MPU6050::resetDMP()
 .text._ZN7MPU605013setMemoryBankEhbb
                0x080068a0       0x1c ..\obj\MPU6050.o
                0x080068a0                MPU6050::setMemoryBank(unsigned char, bool, bool)
 .text._ZN7MPU605021setMemoryStartAddressEh
                0x080068bc        0xc ..\obj\MPU6050.o
                0x080068bc                MPU6050::setMemoryStartAddress(unsigned char)
 .text._ZN7MPU605014readMemoryByteEv
                0x080068c8       0x1c ..\obj\MPU6050.o
                0x080068c8                MPU6050::readMemoryByte()
 .text._ZN7MPU605015readMemoryBlockEPhthh
                0x080068e4       0xb4 ..\obj\MPU6050.o
                0x080068e4                MPU6050::readMemoryBlock(unsigned char*, unsigned short, unsigned char, unsigned char)
 .text._ZN7MPU605016writeMemoryBlockEPKhthhbb
                0x08006998      0x16c ..\obj\MPU6050.o
                0x08006998                MPU6050::writeMemoryBlock(unsigned char const*, unsigned short, unsigned char, unsigned char, bool, bool)
 .text._ZN7MPU605020writeProgMemoryBlockEPKhthhb
                0x08006b04       0x1c ..\obj\MPU6050.o
                0x08006b04                MPU6050::writeProgMemoryBlock(unsigned char const*, unsigned short, unsigned char, unsigned char, bool)
 .text._ZN7MPU605028writeProgDMPConfigurationSetEPKht
                0x08006b20       0xb0 ..\obj\MPU6050.o
                0x08006b20                MPU6050::writeProgDMPConfigurationSet(unsigned char const*, unsigned short)
 .text._ZN7MPU605013setDMPConfig1Eh
                0x08006bd0        0xc ..\obj\MPU6050.o
                0x08006bd0                MPU6050::setDMPConfig1(unsigned char)
 .text._ZN7MPU605013setDMPConfig2Eh
                0x08006bdc        0xc ..\obj\MPU6050.o
                0x08006bdc                MPU6050::setDMPConfig2(unsigned char)
 .text.UserToPMABufferCopy
                0x08006be8       0x28 ..\obj\usb_mem.o
                0x08006be8                UserToPMABufferCopy
 .text.PMAToUserBufferCopy
                0x08006c10       0x20 ..\obj\usb_mem.o
                0x08006c10                PMAToUserBufferCopy
 .text.USB_Istr
                0x08006c30      0x160 ..\obj\usb_istr.o
                0x08006c30                USB_Istr
 .text.IWDG_WriteAccessCmd
                0x08006d90        0xc ..\obj\stm32f10x_iwdg.o
                0x08006d90                IWDG_WriteAccessCmd
 .text.IWDG_SetPrescaler
                0x08006d9c        0xc ..\obj\stm32f10x_iwdg.o
                0x08006d9c                IWDG_SetPrescaler
 .text.IWDG_SetReload
                0x08006da8        0xc ..\obj\stm32f10x_iwdg.o
                0x08006da8                IWDG_SetReload
 .text.IWDG_ReloadCounter
                0x08006db4       0x10 ..\obj\stm32f10x_iwdg.o
                0x08006db4                IWDG_ReloadCounter
 .text.IWDG_Enable
                0x08006dc4       0x10 ..\obj\stm32f10x_iwdg.o
                0x08006dc4                IWDG_Enable
 .text          0x08006dd4      0x370 c:/program files (x86)/gnu tools arm embedded/6 2017-q1-update/bin/../lib/gcc/arm-none-eabi/6.3.1/thumb/v7-m\libgcc.a(_arm_addsubdf3.o)
                0x08006dd4                __aeabi_drsub
                0x08006ddc                __aeabi_dsub
                0x08006ddc                __subdf3
                0x08006de0                __aeabi_dadd
                0x08006de0                __adddf3
                0x08007058                __floatunsidf
                0x08007058                __aeabi_ui2d
                0x08007078                __floatsidf
                0x08007078                __aeabi_i2d
                0x0800709c                __aeabi_f2d
                0x0800709c                __extendsfdf2
                0x080070d8                __floatundidf
                0x080070d8                __aeabi_ul2d
                0x080070e8                __floatdidf
                0x080070e8                __aeabi_l2d
 .text          0x08007144      0x424 c:/program files (x86)/gnu tools arm embedded/6 2017-q1-update/bin/../lib/gcc/arm-none-eabi/6.3.1/thumb/v7-m\libgcc.a(_arm_muldivdf3.o)
                0x08007144                __aeabi_dmul
                0x08007144                __muldf3
                0x08007398                __divdf3
                0x08007398                __aeabi_ddiv
 .text          0x08007568      0x21c c:/program files (x86)/gnu tools arm embedded/6 2017-q1-update/bin/../lib/gcc/arm-none-eabi/6.3.1/thumb/v7-m\libgcc.a(_arm_addsubsf3.o)
                0x08007568                __aeabi_frsub
                0x08007570                __subsf3
                0x08007570                __aeabi_fsub
                0x08007574                __aeabi_fadd
                0x08007574                __addsf3
                0x080076d4                __aeabi_ui2f
                0x080076d4                __floatunsisf
                0x080076dc                __aeabi_i2f
                0x080076dc                __floatsisf
                0x080076f8                __aeabi_ul2f
                0x080076f8                __floatundisf
                0x08007708                __aeabi_l2f
                0x08007708                __floatdisf
 .text          0x08007784      0x2a0 c:/program files (x86)/gnu tools arm embedded/6 2017-q1-update/bin/../lib/gcc/arm-none-eabi/6.3.1/thumb/v7-m\libgcc.a(_arm_muldivsf3.o)
                0x08007784                __mulsf3
                0x08007784                __aeabi_fmul
                0x080078ec                __aeabi_fdiv
                0x080078ec                __divsf3
 .text          0x08007a24       0x40 c:/program files (x86)/gnu tools arm embedded/6 2017-q1-update/bin/../lib/gcc/arm-none-eabi/6.3.1/thumb/v7-m\libgcc.a(_arm_fixunssfsi.o)
                0x08007a24                __fixunssfsi
                0x08007a24                __aeabi_f2uiz
 .text          0x08007a64      0x9dc c:/program files (x86)/gnu tools arm embedded/6 2017-q1-update/bin/../lib/gcc/arm-none-eabi/6.3.1/thumb/v7-m\libgcc.a(unwind-arm.o)
                0x08007d28                _Unwind_GetCFA
                0x08007d2c                __gnu_Unwind_RaiseException
                0x08007d8c                __gnu_Unwind_ForcedUnwind
                0x08007da0                __gnu_Unwind_Resume
                0x08007de4                __gnu_Unwind_Resume_or_Rethrow
                0x08007df8                _Unwind_Complete
                0x08007dfc                _Unwind_DeleteException
                0x08007e08                _Unwind_VRS_Get
                0x08007e54                _Unwind_VRS_Set
                0x08007ea4                __gnu_Unwind_Backtrace
                0x080081e8                __aeabi_unwind_cpp_pr0
                0x080081ec                __aeabi_unwind_cpp_pr1
                0x080081f0                __aeabi_unwind_cpp_pr2
                0x080081f4                _Unwind_VRS_Pop
 .text          0x08008440      0x1ac c:/program files (x86)/gnu tools arm embedded/6 2017-q1-update/bin/../lib/gcc/arm-none-eabi/6.3.1/thumb/v7-m\libgcc.a(libunwind.o)
                0x08008440                __restore_core_regs
                0x08008440                restore_core_regs
                0x08008458                __gnu_Unwind_Restore_VFP
                0x08008460                __gnu_Unwind_Save_VFP
                0x08008468                __gnu_Unwind_Restore_VFP_D
                0x08008470                __gnu_Unwind_Save_VFP_D
                0x08008478                __gnu_Unwind_Restore_VFP_D_16_to_31
                0x08008480                __gnu_Unwind_Save_VFP_D_16_to_31
                0x08008488                __gnu_Unwind_Restore_WMMXD
                0x080084cc                __gnu_Unwind_Save_WMMXD
                0x08008510                __gnu_Unwind_Restore_WMMXC
                0x08008524                __gnu_Unwind_Save_WMMXC
                0x08008538                ___Unwind_RaiseException
                0x08008538                _Unwind_RaiseException
                0x0800855c                _Unwind_Resume
                0x0800855c                ___Unwind_Resume
                0x08008580                _Unwind_Resume_or_Rethrow
                0x08008580                ___Unwind_Resume_or_Rethrow
                0x080085a4                _Unwind_ForcedUnwind
                0x080085a4                ___Unwind_ForcedUnwind
                0x080085c8                ___Unwind_Backtrace
                0x080085c8                _Unwind_Backtrace
 .text          0x080085ec      0x384 c:/program files (x86)/gnu tools arm embedded/6 2017-q1-update/bin/../lib/gcc/arm-none-eabi/6.3.1/thumb/v7-m\libgcc.a(pr-support.o)
                0x08008644                __gnu_unwind_execute
                0x08008914                __gnu_unwind_frame
                0x08008940                _Unwind_GetRegionStart
                0x0800894c                _Unwind_GetLanguageSpecificData
                0x08008960                _Unwind_GetTextRelBase
                0x08008968                _Unwind_GetDataRelBase
 .text.isalpha  0x08008970       0x14 c:/program files (x86)/gnu tools arm embedded/6 2017-q1-update/bin/../lib/gcc/arm-none-eabi/6.3.1/../../../../arm-none-eabi/lib/thumb/v7-m\libc.a(lib_a-isalpha.o)
                0x08008970                isalpha
 .text.__locale_mb_cur_max
                0x08008984       0x1c c:/program files (x86)/gnu tools arm embedded/6 2017-q1-update/bin/../lib/gcc/arm-none-eabi/6.3.1/../../../../arm-none-eabi/lib/thumb/v7-m\libc.a(lib_a-locale.o)
                0x08008984                __locale_mb_cur_max
 .text.__locale_ctype_ptr
                0x080089a0       0x1c c:/program files (x86)/gnu tools arm embedded/6 2017-q1-update/bin/../lib/gcc/arm-none-eabi/6.3.1/../../../../arm-none-eabi/lib/thumb/v7-m\libc.a(lib_a-locale.o)
                0x080089a0                __locale_ctype_ptr
 .text.malloc   0x080089bc       0x10 c:/program files (x86)/gnu tools arm embedded/6 2017-q1-update/bin/../lib/gcc/arm-none-eabi/6.3.1/../../../../arm-none-eabi/lib/thumb/v7-m\libc.a(lib_a-malloc.o)
                0x080089bc                malloc
 .text.free     0x080089cc       0x10 c:/program files (x86)/gnu tools arm embedded/6 2017-q1-update/bin/../lib/gcc/arm-none-eabi/6.3.1/../../../../arm-none-eabi/lib/thumb/v7-m\libc.a(lib_a-malloc.o)
                0x080089cc                free
 .text._malloc_r
                0x080089dc      0x544 c:/program files (x86)/gnu tools arm embedded/6 2017-q1-update/bin/../lib/gcc/arm-none-eabi/6.3.1/../../../../arm-none-eabi/lib/thumb/v7-m\libc.a(lib_a-mallocr.o)
                0x080089dc                _malloc_r
 .text.__ascii_mbtowc
                0x08008f20       0x2c c:/program files (x86)/gnu tools arm embedded/6 2017-q1-update/bin/../lib/gcc/arm-none-eabi/6.3.1/../../../../arm-none-eabi/lib/thumb/v7-m\libc.a(lib_a-mbtowc_r.o)
                0x08008f20                __ascii_mbtowc
 .text.memcmp   0x08008f4c       0x60 c:/program files (x86)/gnu tools arm embedded/6 2017-q1-update/bin/../lib/gcc/arm-none-eabi/6.3.1/../../../../arm-none-eabi/lib/thumb/v7-m\libc.a(lib_a-memcmp.o)
                0x08008f4c                memcmp
 .text          0x08008fac       0xec c:/program files (x86)/gnu tools arm embedded/6 2017-q1-update/bin/../lib/gcc/arm-none-eabi/6.3.1/../../../../arm-none-eabi/lib/thumb/v7-m\libc.a(lib_a-memcpy.o)
                0x08008fac                memcpy
 .text.__malloc_lock
                0x08009098        0xc c:/program files (x86)/gnu tools arm embedded/6 2017-q1-update/bin/../lib/gcc/arm-none-eabi/6.3.1/../../../../arm-none-eabi/lib/thumb/v7-m\libc.a(lib_a-mlock.o)
                0x08009098                __malloc_lock
 .text.__malloc_unlock
                0x080090a4        0xc c:/program files (x86)/gnu tools arm embedded/6 2017-q1-update/bin/../lib/gcc/arm-none-eabi/6.3.1/../../../../arm-none-eabi/lib/thumb/v7-m\libc.a(lib_a-mlock.o)
                0x080090a4                __malloc_unlock
 .text.printf   0x080090b0       0x28 c:/program files (x86)/gnu tools arm embedded/6 2017-q1-update/bin/../lib/gcc/arm-none-eabi/6.3.1/../../../../arm-none-eabi/lib/thumb/v7-m\libc.a(lib_a-printf.o)
                0x080090b0                printf
 .text._puts_r  0x080090d8       0x9c c:/program files (x86)/gnu tools arm embedded/6 2017-q1-update/bin/../lib/gcc/arm-none-eabi/6.3.1/../../../../arm-none-eabi/lib/thumb/v7-m\libc.a(lib_a-puts.o)
                0x080090d8                _puts_r
 .text.puts     0x08009174       0x10 c:/program files (x86)/gnu tools arm embedded/6 2017-q1-update/bin/../lib/gcc/arm-none-eabi/6.3.1/../../../../arm-none-eabi/lib/thumb/v7-m\libc.a(lib_a-puts.o)
                0x08009174                puts
 .text.realloc  0x08009184       0x10 c:/program files (x86)/gnu tools arm embedded/6 2017-q1-update/bin/../lib/gcc/arm-none-eabi/6.3.1/../../../../arm-none-eabi/lib/thumb/v7-m\libc.a(lib_a-realloc.o)
                0x08009184                realloc
 .text._realloc_r
                0x08009194      0x36c c:/program files (x86)/gnu tools arm embedded/6 2017-q1-update/bin/../lib/gcc/arm-none-eabi/6.3.1/../../../../arm-none-eabi/lib/thumb/v7-m\libc.a(lib_a-reallocr.o)
                0x08009194                _realloc_r
 .text._sbrk_r  0x08009500       0x24 c:/program files (x86)/gnu tools arm embedded/6 2017-q1-update/bin/../lib/gcc/arm-none-eabi/6.3.1/../../../../arm-none-eabi/lib/thumb/v7-m\libc.a(lib_a-sbrkr.o)
                0x08009500                _sbrk_r
 .text.setvbuf  0x08009524      0x190 c:/program files (x86)/gnu tools arm embedded/6 2017-q1-update/bin/../lib/gcc/arm-none-eabi/6.3.1/../../../../arm-none-eabi/lib/thumb/v7-m\libc.a(lib_a-setvbuf.o)
                0x08009524                setvbuf
 .text.snprintf
                0x080096b4       0x94 c:/program files (x86)/gnu tools arm embedded/6 2017-q1-update/bin/../lib/gcc/arm-none-eabi/6.3.1/../../../../arm-none-eabi/lib/thumb/v7-m\libc.a(lib_a-snprintf.o)
                0x080096b4                snprintf
 .text.strlen   0x08009748       0x5c c:/program files (x86)/gnu tools arm embedded/6 2017-q1-update/bin/../lib/gcc/arm-none-eabi/6.3.1/../../../../arm-none-eabi/lib/thumb/v7-m\libc.a(lib_a-strlen-stub.o)
                0x08009748                strlen
 .text._svfprintf_r
                0x080097a4     0x14f8 c:/program files (x86)/gnu tools arm embedded/6 2017-q1-update/bin/../lib/gcc/arm-none-eabi/6.3.1/../../../../arm-none-eabi/lib/thumb/v7-m\libc.a(lib_a-svfprintf.o)
                0x080097a4                _svfprintf_r
 .text.toupper  0x0800ac9c       0x1c c:/program files (x86)/gnu tools arm embedded/6 2017-q1-update/bin/../lib/gcc/arm-none-eabi/6.3.1/../../../../arm-none-eabi/lib/thumb/v7-m\libc.a(lib_a-toupper.o)
                0x0800ac9c                toupper
 .text._vfprintf_r
                0x0800acb8     0x15e4 c:/program files (x86)/gnu tools arm embedded/6 2017-q1-update/bin/../lib/gcc/arm-none-eabi/6.3.1/../../../../arm-none-eabi/lib/thumb/v7-m\libc.a(lib_a-vfprintf.o)
                0x0800acb8                _vfprintf_r
 .text.__sbprintf
                0x0800c29c       0x88 c:/program files (x86)/gnu tools arm embedded/6 2017-q1-update/bin/../lib/gcc/arm-none-eabi/6.3.1/../../../../arm-none-eabi/lib/thumb/v7-m\libc.a(lib_a-vfprintf.o)
 .text.__ascii_wctomb
                0x0800c324       0x18 c:/program files (x86)/gnu tools arm embedded/6 2017-q1-update/bin/../lib/gcc/arm-none-eabi/6.3.1/../../../../arm-none-eabi/lib/thumb/v7-m\libc.a(lib_a-wctomb_r.o)
                0x0800c324                __ascii_wctomb
 .text.__swsetup_r
                0x0800c33c       0xc8 c:/program files (x86)/gnu tools arm embedded/6 2017-q1-update/bin/../lib/gcc/arm-none-eabi/6.3.1/../../../../arm-none-eabi/lib/thumb/v7-m\libc.a(lib_a-wsetup.o)
                0x0800c33c                __swsetup_r
 .text.quorem   0x0800c404      0x128 c:/program files (x86)/gnu tools arm embedded/6 2017-q1-update/bin/../lib/gcc/arm-none-eabi/6.3.1/../../../../arm-none-eabi/lib/thumb/v7-m\libc.a(lib_a-dtoa.o)
 *fill*         0x0800c52c        0x4 
 .text._dtoa_r  0x0800c530      0xe44 c:/program files (x86)/gnu tools arm embedded/6 2017-q1-update/bin/../lib/gcc/arm-none-eabi/6.3.1/../../../../arm-none-eabi/lib/thumb/v7-m\libc.a(lib_a-dtoa.o)
                0x0800c530                _dtoa_r
 .text.__sflush_r
                0x0800d374      0x138 c:/program files (x86)/gnu tools arm embedded/6 2017-q1-update/bin/../lib/gcc/arm-none-eabi/6.3.1/../../../../arm-none-eabi/lib/thumb/v7-m\libc.a(lib_a-fflush.o)
                0x0800d374                __sflush_r
 .text._fflush_r
                0x0800d4ac       0x54 c:/program files (x86)/gnu tools arm embedded/6 2017-q1-update/bin/../lib/gcc/arm-none-eabi/6.3.1/../../../../arm-none-eabi/lib/thumb/v7-m\libc.a(lib_a-fflush.o)
                0x0800d4ac                _fflush_r
 .text._cleanup_r
                0x0800d500        0xc c:/program files (x86)/gnu tools arm embedded/6 2017-q1-update/bin/../lib/gcc/arm-none-eabi/6.3.1/../../../../arm-none-eabi/lib/thumb/v7-m\libc.a(lib_a-findfp.o)
                0x0800d500                _cleanup_r
 .text.std.isra.0
                0x0800d50c       0x50 c:/program files (x86)/gnu tools arm embedded/6 2017-q1-update/bin/../lib/gcc/arm-none-eabi/6.3.1/../../../../arm-none-eabi/lib/thumb/v7-m\libc.a(lib_a-findfp.o)
 .text.__sinit  0x0800d55c       0x60 c:/program files (x86)/gnu tools arm embedded/6 2017-q1-update/bin/../lib/gcc/arm-none-eabi/6.3.1/../../../../arm-none-eabi/lib/thumb/v7-m\libc.a(lib_a-findfp.o)
                0x0800d55c                __sinit
 .text.__sfp_lock_acquire
                0x0800d5bc        0xc c:/program files (x86)/gnu tools arm embedded/6 2017-q1-update/bin/../lib/gcc/arm-none-eabi/6.3.1/../../../../arm-none-eabi/lib/thumb/v7-m\libc.a(lib_a-findfp.o)
                0x0800d5bc                __sfp_lock_acquire
 .text.__sfp_lock_release
                0x0800d5c8        0xc c:/program files (x86)/gnu tools arm embedded/6 2017-q1-update/bin/../lib/gcc/arm-none-eabi/6.3.1/../../../../arm-none-eabi/lib/thumb/v7-m\libc.a(lib_a-findfp.o)
                0x0800d5c8                __sfp_lock_release
 .text._malloc_trim_r
                0x0800d5d4       0xa0 c:/program files (x86)/gnu tools arm embedded/6 2017-q1-update/bin/../lib/gcc/arm-none-eabi/6.3.1/../../../../arm-none-eabi/lib/thumb/v7-m\libc.a(lib_a-freer.o)
                0x0800d5d4                _malloc_trim_r
 .text._free_r  0x0800d674      0x1cc c:/program files (x86)/gnu tools arm embedded/6 2017-q1-update/bin/../lib/gcc/arm-none-eabi/6.3.1/../../../../arm-none-eabi/lib/thumb/v7-m\libc.a(lib_a-freer.o)
                0x0800d674                _free_r
 .text.__sfvwrite_r
                0x0800d840      0x2f4 c:/program files (x86)/gnu tools arm embedded/6 2017-q1-update/bin/../lib/gcc/arm-none-eabi/6.3.1/../../../../arm-none-eabi/lib/thumb/v7-m\libc.a(lib_a-fvwrite.o)
                0x0800d840                __sfvwrite_r
 .text._fwalk_reent
                0x0800db34       0x50 c:/program files (x86)/gnu tools arm embedded/6 2017-q1-update/bin/../lib/gcc/arm-none-eabi/6.3.1/../../../../arm-none-eabi/lib/thumb/v7-m\libc.a(lib_a-fwalk.o)
                0x0800db34                _fwalk_reent
 .text._localeconv_r
                0x0800db84       0x1c c:/program files (x86)/gnu tools arm embedded/6 2017-q1-update/bin/../lib/gcc/arm-none-eabi/6.3.1/../../../../arm-none-eabi/lib/thumb/v7-m\libc.a(lib_a-localeconv.o)
                0x0800db84                _localeconv_r
 .text.__retarget_lock_init_recursive
                0x0800dba0        0x4 c:/program files (x86)/gnu tools arm embedded/6 2017-q1-update/bin/../lib/gcc/arm-none-eabi/6.3.1/../../../../arm-none-eabi/lib/thumb/v7-m\libc.a(lib_a-lock.o)
                0x0800dba0                __retarget_lock_init_recursive
 .text.__retarget_lock_close_recursive
                0x0800dba4        0x4 c:/program files (x86)/gnu tools arm embedded/6 2017-q1-update/bin/../lib/gcc/arm-none-eabi/6.3.1/../../../../arm-none-eabi/lib/thumb/v7-m\libc.a(lib_a-lock.o)
                0x0800dba4                __retarget_lock_close_recursive
 .text.__retarget_lock_acquire_recursive
                0x0800dba8        0x4 c:/program files (x86)/gnu tools arm embedded/6 2017-q1-update/bin/../lib/gcc/arm-none-eabi/6.3.1/../../../../arm-none-eabi/lib/thumb/v7-m\libc.a(lib_a-lock.o)
                0x0800dba8                __retarget_lock_acquire_recursive
 .text.__retarget_lock_release_recursive
                0x0800dbac        0x4 c:/program files (x86)/gnu tools arm embedded/6 2017-q1-update/bin/../lib/gcc/arm-none-eabi/6.3.1/../../../../arm-none-eabi/lib/thumb/v7-m\libc.a(lib_a-lock.o)
                0x0800dbac                __retarget_lock_release_recursive
 .text.__swhatbuf_r
                0x0800dbb0       0x5c c:/program files (x86)/gnu tools arm embedded/6 2017-q1-update/bin/../lib/gcc/arm-none-eabi/6.3.1/../../../../arm-none-eabi/lib/thumb/v7-m\libc.a(lib_a-makebuf.o)
                0x0800dbb0                __swhatbuf_r
 .text.__smakebuf_r
                0x0800dc0c       0x94 c:/program files (x86)/gnu tools arm embedded/6 2017-q1-update/bin/../lib/gcc/arm-none-eabi/6.3.1/../../../../arm-none-eabi/lib/thumb/v7-m\libc.a(lib_a-makebuf.o)
                0x0800dc0c                __smakebuf_r
 .text.memchr   0x0800dca0       0x8c c:/program files (x86)/gnu tools arm embedded/6 2017-q1-update/bin/../lib/gcc/arm-none-eabi/6.3.1/../../../../arm-none-eabi/lib/thumb/v7-m\libc.a(lib_a-memchr-stub.o)
                0x0800dca0                memchr
 .text.memmove  0x0800dd2c       0xc8 c:/program files (x86)/gnu tools arm embedded/6 2017-q1-update/bin/../lib/gcc/arm-none-eabi/6.3.1/../../../../arm-none-eabi/lib/thumb/v7-m\libc.a(lib_a-memmove.o)
                0x0800dd2c                memmove
 .text.memset   0x0800ddf4       0x9c c:/program files (x86)/gnu tools arm embedded/6 2017-q1-update/bin/../lib/gcc/arm-none-eabi/6.3.1/../../../../arm-none-eabi/lib/thumb/v7-m\libc.a(lib_a-memset.o)
                0x0800ddf4                memset
 .text._Balloc  0x0800de90       0x4c c:/program files (x86)/gnu tools arm embedded/6 2017-q1-update/bin/../lib/gcc/arm-none-eabi/6.3.1/../../../../arm-none-eabi/lib/thumb/v7-m\libc.a(lib_a-mprec.o)
                0x0800de90                _Balloc
 .text._Bfree   0x0800dedc       0x14 c:/program files (x86)/gnu tools arm embedded/6 2017-q1-update/bin/../lib/gcc/arm-none-eabi/6.3.1/../../../../arm-none-eabi/lib/thumb/v7-m\libc.a(lib_a-mprec.o)
                0x0800dedc                _Bfree
 .text.__multadd
                0x0800def0       0x84 c:/program files (x86)/gnu tools arm embedded/6 2017-q1-update/bin/../lib/gcc/arm-none-eabi/6.3.1/../../../../arm-none-eabi/lib/thumb/v7-m\libc.a(lib_a-mprec.o)
                0x0800def0                __multadd
 .text.__hi0bits
                0x0800df74       0x40 c:/program files (x86)/gnu tools arm embedded/6 2017-q1-update/bin/../lib/gcc/arm-none-eabi/6.3.1/../../../../arm-none-eabi/lib/thumb/v7-m\libc.a(lib_a-mprec.o)
                0x0800df74                __hi0bits
 .text.__lo0bits
                0x0800dfb4       0x60 c:/program files (x86)/gnu tools arm embedded/6 2017-q1-update/bin/../lib/gcc/arm-none-eabi/6.3.1/../../../../arm-none-eabi/lib/thumb/v7-m\libc.a(lib_a-mprec.o)
                0x0800dfb4                __lo0bits
 .text.__i2b    0x0800e014       0x14 c:/program files (x86)/gnu tools arm embedded/6 2017-q1-update/bin/../lib/gcc/arm-none-eabi/6.3.1/../../../../arm-none-eabi/lib/thumb/v7-m\libc.a(lib_a-mprec.o)
                0x0800e014                __i2b
 .text.__multiply
                0x0800e028      0x124 c:/program files (x86)/gnu tools arm embedded/6 2017-q1-update/bin/../lib/gcc/arm-none-eabi/6.3.1/../../../../arm-none-eabi/lib/thumb/v7-m\libc.a(lib_a-mprec.o)
                0x0800e028                __multiply
 .text.__pow5mult
                0x0800e14c       0xa0 c:/program files (x86)/gnu tools arm embedded/6 2017-q1-update/bin/../lib/gcc/arm-none-eabi/6.3.1/../../../../arm-none-eabi/lib/thumb/v7-m\libc.a(lib_a-mprec.o)
                0x0800e14c                __pow5mult
 .text.__lshift
                0x0800e1ec       0xa0 c:/program files (x86)/gnu tools arm embedded/6 2017-q1-update/bin/../lib/gcc/arm-none-eabi/6.3.1/../../../../arm-none-eabi/lib/thumb/v7-m\libc.a(lib_a-mprec.o)
                0x0800e1ec                __lshift
 .text.__mcmp   0x0800e28c       0x38 c:/program files (x86)/gnu tools arm embedded/6 2017-q1-update/bin/../lib/gcc/arm-none-eabi/6.3.1/../../../../arm-none-eabi/lib/thumb/v7-m\libc.a(lib_a-mprec.o)
                0x0800e28c                __mcmp
 .text.__mdiff  0x0800e2c4      0x11c c:/program files (x86)/gnu tools arm embedded/6 2017-q1-update/bin/../lib/gcc/arm-none-eabi/6.3.1/../../../../arm-none-eabi/lib/thumb/v7-m\libc.a(lib_a-mprec.o)
                0x0800e2c4                __mdiff
 .text.__d2b    0x0800e3e0       0xa8 c:/program files (x86)/gnu tools arm embedded/6 2017-q1-update/bin/../lib/gcc/arm-none-eabi/6.3.1/../../../../arm-none-eabi/lib/thumb/v7-m\libc.a(lib_a-mprec.o)
                0x0800e3e0                __d2b
 .text.__sread  0x0800e488       0x24 c:/program files (x86)/gnu tools arm embedded/6 2017-q1-update/bin/../lib/gcc/arm-none-eabi/6.3.1/../../../../arm-none-eabi/lib/thumb/v7-m\libc.a(lib_a-stdio.o)
                0x0800e488                __sread
 .text.__swrite
                0x0800e4ac       0x3c c:/program files (x86)/gnu tools arm embedded/6 2017-q1-update/bin/../lib/gcc/arm-none-eabi/6.3.1/../../../../arm-none-eabi/lib/thumb/v7-m\libc.a(lib_a-stdio.o)
                0x0800e4ac                __swrite
 .text.__sseek  0x0800e4e8       0x20 c:/program files (x86)/gnu tools arm embedded/6 2017-q1-update/bin/../lib/gcc/arm-none-eabi/6.3.1/../../../../arm-none-eabi/lib/thumb/v7-m\libc.a(lib_a-stdio.o)
                0x0800e4e8                __sseek
 .text.__sclose
                0x0800e508        0x8 c:/program files (x86)/gnu tools arm embedded/6 2017-q1-update/bin/../lib/gcc/arm-none-eabi/6.3.1/../../../../arm-none-eabi/lib/thumb/v7-m\libc.a(lib_a-stdio.o)
                0x0800e508                __sclose
 .text.__ssprint_r
                0x0800e510       0xfc c:/program files (x86)/gnu tools arm embedded/6 2017-q1-update/bin/../lib/gcc/arm-none-eabi/6.3.1/../../../../arm-none-eabi/lib/thumb/v7-m\libc.a(lib_a-svfiprintf.o)
                0x0800e510                __ssprint_r
 .text.__sprint_r.part.0
                0x0800e60c       0x80 c:/program files (x86)/gnu tools arm embedded/6 2017-q1-update/bin/../lib/gcc/arm-none-eabi/6.3.1/../../../../arm-none-eabi/lib/thumb/v7-m\libc.a(lib_a-vfiprintf.o)
 .text.__sprint_r
                0x0800e68c       0x14 c:/program files (x86)/gnu tools arm embedded/6 2017-q1-update/bin/../lib/gcc/arm-none-eabi/6.3.1/../../../../arm-none-eabi/lib/thumb/v7-m\libc.a(lib_a-vfiprintf.o)
                0x0800e68c                __sprint_r
 .text._write_r
                0x0800e6a0       0x2c c:/program files (x86)/gnu tools arm embedded/6 2017-q1-update/bin/../lib/gcc/arm-none-eabi/6.3.1/../../../../arm-none-eabi/lib/thumb/v7-m\libc.a(lib_a-writer.o)
                0x0800e6a0                _write_r
 .text._calloc_r
                0x0800e6cc       0x60 c:/program files (x86)/gnu tools arm embedded/6 2017-q1-update/bin/../lib/gcc/arm-none-eabi/6.3.1/../../../../arm-none-eabi/lib/thumb/v7-m\libc.a(lib_a-callocr.o)
                0x0800e6cc                _calloc_r
 .text._close_r
                0x0800e72c       0x24 c:/program files (x86)/gnu tools arm embedded/6 2017-q1-update/bin/../lib/gcc/arm-none-eabi/6.3.1/../../../../arm-none-eabi/lib/thumb/v7-m\libc.a(lib_a-closer.o)
                0x0800e72c                _close_r
 .text._fclose_r
                0x0800e750       0xc4 c:/program files (x86)/gnu tools arm embedded/6 2017-q1-update/bin/../lib/gcc/arm-none-eabi/6.3.1/../../../../arm-none-eabi/lib/thumb/v7-m\libc.a(lib_a-fclose.o)
                0x0800e750                _fclose_r
 .text.__fputwc
                0x0800e814       0x98 c:/program files (x86)/gnu tools arm embedded/6 2017-q1-update/bin/../lib/gcc/arm-none-eabi/6.3.1/../../../../arm-none-eabi/lib/thumb/v7-m\libc.a(lib_a-fputwc.o)
                0x0800e814                __fputwc
 .text._fputwc_r
                0x0800e8ac       0x68 c:/program files (x86)/gnu tools arm embedded/6 2017-q1-update/bin/../lib/gcc/arm-none-eabi/6.3.1/../../../../arm-none-eabi/lib/thumb/v7-m\libc.a(lib_a-fputwc.o)
                0x0800e8ac                _fputwc_r
 .text._fstat_r
                0x0800e914       0x28 c:/program files (x86)/gnu tools arm embedded/6 2017-q1-update/bin/../lib/gcc/arm-none-eabi/6.3.1/../../../../arm-none-eabi/lib/thumb/v7-m\libc.a(lib_a-fstatr.o)
                0x0800e914                _fstat_r
 .text._isatty_r
                0x0800e93c       0x24 c:/program files (x86)/gnu tools arm embedded/6 2017-q1-update/bin/../lib/gcc/arm-none-eabi/6.3.1/../../../../arm-none-eabi/lib/thumb/v7-m\libc.a(lib_a-isattyr.o)
                0x0800e93c                _isatty_r
 .text._lseek_r
                0x0800e960       0x2c c:/program files (x86)/gnu tools arm embedded/6 2017-q1-update/bin/../lib/gcc/arm-none-eabi/6.3.1/../../../../arm-none-eabi/lib/thumb/v7-m\libc.a(lib_a-lseekr.o)
                0x0800e960                _lseek_r
 .text._read_r  0x0800e98c       0x2c c:/program files (x86)/gnu tools arm embedded/6 2017-q1-update/bin/../lib/gcc/arm-none-eabi/6.3.1/../../../../arm-none-eabi/lib/thumb/v7-m\libc.a(lib_a-readr.o)
                0x0800e98c                _read_r
 .text.__swbuf_r
                0x0800e9b8       0xb0 c:/program files (x86)/gnu tools arm embedded/6 2017-q1-update/bin/../lib/gcc/arm-none-eabi/6.3.1/../../../../arm-none-eabi/lib/thumb/v7-m\libc.a(lib_a-wbuf.o)
                0x0800e9b8                __swbuf_r
 .text._wcrtomb_r
                0x0800ea68       0x54 c:/program files (x86)/gnu tools arm embedded/6 2017-q1-update/bin/../lib/gcc/arm-none-eabi/6.3.1/../../../../arm-none-eabi/lib/thumb/v7-m\libc.a(lib_a-wcrtomb.o)
                0x0800ea68                _wcrtomb_r
 .text          0x0800eabc      0x110 c:/program files (x86)/gnu tools arm embedded/6 2017-q1-update/bin/../lib/gcc/arm-none-eabi/6.3.1/thumb/v7-m\libgcc.a(_arm_cmpdf2.o)
                0x0800eabc                __gtdf2
                0x0800eabc                __gedf2
                0x0800eac4                __ltdf2
                0x0800eac4                __ledf2
                0x0800eacc                __nedf2
                0x0800eacc                __eqdf2
                0x0800eacc                __cmpdf2
                0x0800eb48                __aeabi_cdrcmple
                0x0800eb58                __aeabi_cdcmpeq
                0x0800eb58                __aeabi_cdcmple
                0x0800eb68                __aeabi_dcmpeq
                0x0800eb7c                __aeabi_dcmplt
                0x0800eb90                __aeabi_dcmple
                0x0800eba4                __aeabi_dcmpge
                0x0800ebb8                __aeabi_dcmpgt
 .text          0x0800ebcc       0x2c c:/program files (x86)/gnu tools arm embedded/6 2017-q1-update/bin/../lib/gcc/arm-none-eabi/6.3.1/thumb/v7-m\libgcc.a(_arm_unorddf2.o)
                0x0800ebcc                __unorddf2
                0x0800ebcc                __aeabi_dcmpun
 .text          0x0800ebf8       0x50 c:/program files (x86)/gnu tools arm embedded/6 2017-q1-update/bin/../lib/gcc/arm-none-eabi/6.3.1/thumb/v7-m\libgcc.a(_arm_fixdfsi.o)
                0x0800ebf8                __aeabi_d2iz
                0x0800ebf8                __fixdfsi
 .text          0x0800ec48       0x30 c:/program files (x86)/gnu tools arm embedded/6 2017-q1-update/bin/../lib/gcc/arm-none-eabi/6.3.1/thumb/v7-m\libgcc.a(_aeabi_uldivmod.o)
                0x0800ec48                __aeabi_uldivmod
 .text          0x0800ec78      0x2dc c:/program files (x86)/gnu tools arm embedded/6 2017-q1-update/bin/../lib/gcc/arm-none-eabi/6.3.1/thumb/v7-m\libgcc.a(_udivmoddi4.o)
                0x0800ec78                __udivmoddi4
 .text          0x0800ef54        0x4 c:/program files (x86)/gnu tools arm embedded/6 2017-q1-update/bin/../lib/gcc/arm-none-eabi/6.3.1/thumb/v7-m\libgcc.a(_dvmd_tls.o)
                0x0800ef54                __aeabi_idiv0
                0x0800ef54                __aeabi_ldiv0
 *(.init)
 *(.fini)
 *crtbegin.o(.ctors)
 *crtbegin?.o(.ctors)
 *(EXCLUDE_FILE(*crtend.o *crtend?.o) .ctors)
 *(SORT(.ctors.*))
 *(.ctors)
 *crtbegin.o(.dtors)
 *crtbegin?.o(.dtors)
 *(EXCLUDE_FILE(*crtend.o *crtend?.o) .dtors)
 *(SORT(.dtors.*))
 *(.dtors)
 *(.rodata*)
 .rodata        0x0800ef58      0x87b ..\obj\imu.o
 *fill*         0x0800f7d3        0x1 
 .rodata        0x0800f7d4       0xb6 ..\obj\usb_desc.o
                0x0800f7d4                Virtual_Com_Port_StringProduct
                0x0800f808                Virtual_Com_Port_StringVendor
                0x0800f830                Virtual_Com_Port_StringLangID
                0x0800f834                Virtual_Com_Port_ConfigDescriptor
                0x0800f878                Virtual_Com_Port_DeviceDescriptor
 *fill*         0x0800f88a        0x2 
 .rodata.str1.4
                0x0800f88c       0x1a ..\obj\log.o
 *fill*         0x0800f8a6        0x2 
 .rodata        0x0800f8a8       0x26 ..\obj\morsecode.o
 *fill*         0x0800f8ce        0x2 
 .rodata.str1.4
                0x0800f8d0        0x5 ..\obj\morsecode.o
 *fill*         0x0800f8d5        0x3 
 .rodata._setlocale_r.str1.4
                0x0800f8d8        0xa c:/program files (x86)/gnu tools arm embedded/6 2017-q1-update/bin/../lib/gcc/arm-none-eabi/6.3.1/../../../../arm-none-eabi/lib/thumb/v7-m\libc.a(lib_a-locale.o)
                                  0xd (size before relaxing)
 *fill*         0x0800f8e2        0x2 
 .rodata.str1.4
                0x0800f8e4        0x2 c:/program files (x86)/gnu tools arm embedded/6 2017-q1-update/bin/../lib/gcc/arm-none-eabi/6.3.1/../../../../arm-none-eabi/lib/thumb/v7-m\libc.a(lib_a-locale.o)
 *fill*         0x0800f8e6        0x2 
 .rodata._puts_r.str1.4
                0x0800f8e8        0x2 c:/program files (x86)/gnu tools arm embedded/6 2017-q1-update/bin/../lib/gcc/arm-none-eabi/6.3.1/../../../../arm-none-eabi/lib/thumb/v7-m\libc.a(lib_a-puts.o)
 *fill*         0x0800f8ea        0x2 
 .rodata._svfprintf_r.str1.4
                0x0800f8ec       0x42 c:/program files (x86)/gnu tools arm embedded/6 2017-q1-update/bin/../lib/gcc/arm-none-eabi/6.3.1/../../../../arm-none-eabi/lib/thumb/v7-m\libc.a(lib_a-svfprintf.o)
 *fill*         0x0800f92e        0x2 
 .rodata.blanks.7228
                0x0800f930       0x10 c:/program files (x86)/gnu tools arm embedded/6 2017-q1-update/bin/../lib/gcc/arm-none-eabi/6.3.1/../../../../arm-none-eabi/lib/thumb/v7-m\libc.a(lib_a-svfprintf.o)
 .rodata.zeroes.7229
                0x0800f940       0x10 c:/program files (x86)/gnu tools arm embedded/6 2017-q1-update/bin/../lib/gcc/arm-none-eabi/6.3.1/../../../../arm-none-eabi/lib/thumb/v7-m\libc.a(lib_a-svfprintf.o)
 .rodata._vfprintf_r.str1.4
                0x0800f950       0x42 c:/program files (x86)/gnu tools arm embedded/6 2017-q1-update/bin/../lib/gcc/arm-none-eabi/6.3.1/../../../../arm-none-eabi/lib/thumb/v7-m\libc.a(lib_a-vfprintf.o)
 .rodata.blanks.7243
                0x0800f950       0x10 c:/program files (x86)/gnu tools arm embedded/6 2017-q1-update/bin/../lib/gcc/arm-none-eabi/6.3.1/../../../../arm-none-eabi/lib/thumb/v7-m\libc.a(lib_a-vfprintf.o)
 .rodata.zeroes.7244
                0x0800f960       0x10 c:/program files (x86)/gnu tools arm embedded/6 2017-q1-update/bin/../lib/gcc/arm-none-eabi/6.3.1/../../../../arm-none-eabi/lib/thumb/v7-m\libc.a(lib_a-vfprintf.o)
 .rodata._ctype_
                0x0800f970      0x101 c:/program files (x86)/gnu tools arm embedded/6 2017-q1-update/bin/../lib/gcc/arm-none-eabi/6.3.1/../../../../arm-none-eabi/lib/thumb/v7-m\libc.a(lib_a-ctype_.o)
                0x0800f970                _ctype_
 *fill*         0x0800fa71        0x3 
 .rodata._dtoa_r.str1.4
                0x0800fa74       0x10 c:/program files (x86)/gnu tools arm embedded/6 2017-q1-update/bin/../lib/gcc/arm-none-eabi/6.3.1/../../../../arm-none-eabi/lib/thumb/v7-m\libc.a(lib_a-dtoa.o)
                                 0x12 (size before relaxing)
 *fill*         0x0800fa84        0x4 
 .rodata.__mprec_bigtens
                0x0800fa88       0x28 c:/program files (x86)/gnu tools arm embedded/6 2017-q1-update/bin/../lib/gcc/arm-none-eabi/6.3.1/../../../../arm-none-eabi/lib/thumb/v7-m\libc.a(lib_a-mprec.o)
                0x0800fa88                __mprec_bigtens
 .rodata.__mprec_tens
                0x0800fab0       0xc8 c:/program files (x86)/gnu tools arm embedded/6 2017-q1-update/bin/../lib/gcc/arm-none-eabi/6.3.1/../../../../arm-none-eabi/lib/thumb/v7-m\libc.a(lib_a-mprec.o)
                0x0800fab0                __mprec_tens
 .rodata.p05.6060
                0x0800fb78        0xc c:/program files (x86)/gnu tools arm embedded/6 2017-q1-update/bin/../lib/gcc/arm-none-eabi/6.3.1/../../../../arm-none-eabi/lib/thumb/v7-m\libc.a(lib_a-mprec.o)
 *(.eh_fram e*)

.glue_7         0x0800fb84        0x0
 .glue_7        0x0800fb84        0x0 linker stubs

.glue_7t        0x0800fb84        0x0
 .glue_7t       0x0800fb84        0x0 linker stubs

.vfp11_veneer   0x0800fb84        0x0
 .vfp11_veneer  0x0800fb84        0x0 linker stubs

.v4_bx          0x0800fb84        0x0
 .v4_bx         0x0800fb84        0x0 linker stubs

.iplt           0x0800fb84        0x0
 .iplt          0x0800fb84        0x0 ..\obj\usb_core.o

.ARM.extab      0x0800fb84       0x30
 *(.ARM.extab* .gnu.linkonce.armextab.*)
 .ARM.extab.text._Z12mpu_deselectv
                0x0800fb84        0xc ..\obj\imu.o
 .ARM.extab.text.startup.main
                0x0800fb90        0xc ..\obj\main.o
 .ARM.extab     0x0800fb9c       0x18 c:/program files (x86)/gnu tools arm embedded/6 2017-q1-update/bin/../lib/gcc/arm-none-eabi/6.3.1/thumb/v7-m\libgcc.a(pr-support.o)
                0x0800fbb4                __exidx_start = .

.ARM.exidx      0x0800fbb4      0x290
 *(.ARM.exidx* .gnu.linkonce.armexidx.*)
 .ARM.exidx.text.SysTick_Handler
                0x0800fbb4        0x8 ..\obj\delay.o
 .ARM.exidx.text._Z10delay_initv
                0x0800fbbc        0x8 ..\obj\delay.o
 .ARM.exidx.text._Z8delay_msm
                0x0800fbc4        0x8 ..\obj\delay.o
 .ARM.exidx.text._Z8delay_usf
                0x0800fbcc        0x0 ..\obj\delay.o
                                  0x8 (size before relaxing)
 .ARM.exidx.text._ZN7MPU605013dmpInitializeEv
                0x0800fbcc        0x8 ..\obj\imu.o
 .ARM.exidx.text._Z10mpu_selectv
                0x0800fbd4        0x8 ..\obj\imu.o
 .ARM.exidx.text._Z12mpu_deselectv
                0x0800fbdc        0x8 ..\obj\imu.o
 .ARM.exidx.text._Z8spi_sendh
                0x0800fbe4        0x8 ..\obj\imu.o
 .ARM.exidx.text._Z8imu_initv
                0x0800fbec        0x8 ..\obj\imu.o
 .ARM.exidx.text.EXTI3_IRQHandler
                0x0800fbf4        0x8 ..\obj\imu.o
 .ARM.exidx.text.startup._GLOBAL__sub_I__ZN7MPU605013dmpInitializeEv
                0x0800fbfc        0x8 ..\obj\imu.o
 .ARM.exidx.text._Z13receiver_initv
                0x0800fc04        0x8 ..\obj\receiver.o
 .ARM.exidx.text.USART1_IRQHandler
                0x0800fc0c       0x10 ..\obj\receiver.o
                                  0x8 (size before relaxing)
 .ARM.exidx.text._Z8tim_initv
                0x0800fc1c        0x8 ..\obj\pwm.o
 .ARM.exidx.text._Z14TIM_IRQHandlerv
                0x0800fc24        0x8 ..\obj\pwm.o
 .ARM.exidx.text.TIM2_IRQHandler
                0x0800fc2c        0x8 ..\obj\pwm.o
 .ARM.exidx.text.TIM3_IRQHandler
                0x0800fc34        0x0 ..\obj\pwm.o
                                  0x8 (size before relaxing)
 .ARM.exidx.text.TIM4_IRQHandler
                0x0800fc34        0x0 ..\obj\pwm.o
                                  0x8 (size before relaxing)
 .ARM.exidx.text._Z8pwm_initv
                0x0800fc34       0x10 ..\obj\pwm.o
                                  0x8 (size before relaxing)
 .ARM.exidx.text._ZN6I2Cdev7readBitEhhhPht
                0x0800fc44        0x8 ..\obj\I2Cdev.o
 .ARM.exidx.text._ZN6I2Cdev8readBitsEhhhhPht
                0x0800fc4c        0x8 ..\obj\I2Cdev.o
 .ARM.exidx.text._ZN6I2Cdev8readByteEhhPht
                0x0800fc54        0x8 ..\obj\I2Cdev.o
 .ARM.exidx.text._ZN6I2Cdev9readBytesEhhhPht
                0x0800fc5c        0x8 ..\obj\I2Cdev.o
 .ARM.exidx.text._ZN6I2Cdev8writeBitEhhhh
                0x0800fc64        0x8 ..\obj\I2Cdev.o
 .ARM.exidx.text._ZN6I2Cdev9writeBitsEhhhhh
                0x0800fc6c        0x8 ..\obj\I2Cdev.o
 .ARM.exidx.text._ZN6I2Cdev9writeByteEhhh
                0x0800fc74        0x8 ..\obj\I2Cdev.o
 .ARM.exidx.text._ZN6I2Cdev9writeWordEhht
                0x0800fc7c        0x0 ..\obj\I2Cdev.o
                                  0x8 (size before relaxing)
 .ARM.exidx.text._ZN6I2Cdev10writeBytesEhhhPh
                0x0800fc7c       0x10 ..\obj\I2Cdev.o
                                  0x8 (size before relaxing)
 .ARM.exidx.text._Z8led_initv
                0x0800fc8c        0x8 ..\obj\main.o
 .ARM.exidx.text.startup.main
                0x0800fc94       0x10 ..\obj\main.o
                                  0x8 (size before relaxing)
 .ARM.exidx.text._Z8log_initv
                0x0800fca4        0x8 ..\obj\log.o
 .ARM.exidx.text.TIM1_UP_IRQHandler
                0x0800fcac       0x10 ..\obj\log.o
                                  0x8 (size before relaxing)
 .ARM.exidx.text._Z10morse_sendv
                0x0800fcbc        0x8 ..\obj\morsecode.o
 .ARM.exidx.text._Z16morse_error_codeh
                0x0800fcc4       0x10 ..\obj\morsecode.o
                                  0x8 (size before relaxing)
 .ARM.exidx.text._ZN7MPU605016writeMemoryBlockEPKhthhbb.constprop.1
                0x0800fcd4        0x8 ..\obj\MPU6050.o
 .ARM.exidx.text._ZN7MPU6050C2Ev
                0x0800fcdc        0x8 ..\obj\MPU6050.o
 .ARM.exidx.text._ZN7MPU605014testConnectionEv
                0x0800fce4        0x8 ..\obj\MPU6050.o
 .ARM.exidx.text._ZN7MPU60507setRateEh
                0x0800fcec        0x8 ..\obj\MPU6050.o
 .ARM.exidx.text._ZN7MPU605020setExternalFrameSyncEh
                0x0800fcf4        0x8 ..\obj\MPU6050.o
 .ARM.exidx.text._ZN7MPU605011setDLPFModeEh
                0x0800fcfc        0x0 ..\obj\MPU6050.o
                                  0x8 (size before relaxing)
 .ARM.exidx.text._ZN7MPU605021setFullScaleGyroRangeEh
                0x0800fcfc        0x0 ..\obj\MPU6050.o
                                  0x8 (size before relaxing)
 .ARM.exidx.text._ZN7MPU605027setMotionDetectionThresholdEh
                0x0800fcfc        0x8 ..\obj\MPU6050.o
 .ARM.exidx.text._ZN7MPU605026setMotionDetectionDurationEh
                0x0800fd04        0x0 ..\obj\MPU6050.o
                                  0x8 (size before relaxing)
 .ARM.exidx.text._ZN7MPU605031setZeroMotionDetectionThresholdEh
                0x0800fd04        0x0 ..\obj\MPU6050.o
                                  0x8 (size before relaxing)
 .ARM.exidx.text._ZN7MPU605030setZeroMotionDetectionDurationEh
                0x0800fd04        0x0 ..\obj\MPU6050.o
                                  0x8 (size before relaxing)
 .ARM.exidx.text._ZN7MPU605013setIntEnabledEh
                0x0800fd04        0x0 ..\obj\MPU6050.o
                                  0x8 (size before relaxing)
 .ARM.exidx.text._ZN7MPU605012getIntStatusEv
                0x0800fd04        0x8 ..\obj\MPU6050.o
 .ARM.exidx.text._ZN7MPU605014setFIFOEnabledEb
                0x0800fd0c        0x8 ..\obj\MPU6050.o
 .ARM.exidx.text._ZN7MPU60509resetFIFOEv
                0x0800fd14        0x0 ..\obj\MPU6050.o
                                  0x8 (size before relaxing)
 .ARM.exidx.text._ZN7MPU60505resetEv
                0x0800fd14        0x0 ..\obj\MPU6050.o
                                  0x8 (size before relaxing)
 .ARM.exidx.text._ZN7MPU605015setSleepEnabledEb
                0x0800fd14        0x0 ..\obj\MPU6050.o
                                  0x8 (size before relaxing)
 .ARM.exidx.text._ZN7MPU605014setClockSourceEh
                0x0800fd14        0x8 ..\obj\MPU6050.o
 .ARM.exidx.text._ZN7MPU605012getFIFOCountEv
                0x0800fd1c        0x8 ..\obj\MPU6050.o
 .ARM.exidx.text._ZN7MPU605012getFIFOBytesEPhh
                0x0800fd24        0x0 ..\obj\MPU6050.o
                                  0x8 (size before relaxing)
 .ARM.exidx.text._ZN7MPU605015getOTPBankValidEv
                0x0800fd24        0x0 ..\obj\MPU6050.o
                                  0x8 (size before relaxing)
 .ARM.exidx.text._ZN7MPU605015setOTPBankValidEb
                0x0800fd24        0x8 ..\obj\MPU6050.o
 .ARM.exidx.text._ZN7MPU605016getXGyroOffsetTCEv
                0x0800fd2c        0x8 ..\obj\MPU6050.o
 .ARM.exidx.text._ZN7MPU605016setXGyroOffsetTCEa
                0x0800fd34        0x8 ..\obj\MPU6050.o
 .ARM.exidx.text._ZN7MPU605016getYGyroOffsetTCEv
                0x0800fd3c        0x8 ..\obj\MPU6050.o
 .ARM.exidx.text._ZN7MPU605016setYGyroOffsetTCEa
                0x0800fd44        0x8 ..\obj\MPU6050.o
 .ARM.exidx.text._ZN7MPU605016getZGyroOffsetTCEv
                0x0800fd4c        0x8 ..\obj\MPU6050.o
 .ARM.exidx.text._ZN7MPU605016setZGyroOffsetTCEa
                0x0800fd54        0x8 ..\obj\MPU6050.o
 .ARM.exidx.text._ZN7MPU605014setXGyroOffsetEs
                0x0800fd5c        0x8 ..\obj\MPU6050.o
 .ARM.exidx.text._ZN7MPU605014setYGyroOffsetEs
                0x0800fd64        0x0 ..\obj\MPU6050.o
                                  0x8 (size before relaxing)
 .ARM.exidx.text._ZN7MPU605014setZGyroOffsetEs
                0x0800fd64        0x0 ..\obj\MPU6050.o
                                  0x8 (size before relaxing)
 .ARM.exidx.text._ZN7MPU605013setDMPEnabledEb
                0x0800fd64        0x0 ..\obj\MPU6050.o
                                  0x8 (size before relaxing)
 .ARM.exidx.text._ZN7MPU60508resetDMPEv
                0x0800fd64        0x0 ..\obj\MPU6050.o
                                  0x8 (size before relaxing)
 .ARM.exidx.text._ZN7MPU605013setMemoryBankEhbb
                0x0800fd64        0x0 ..\obj\MPU6050.o
                                  0x8 (size before relaxing)
 .ARM.exidx.text._ZN7MPU605021setMemoryStartAddressEh
                0x0800fd64        0x0 ..\obj\MPU6050.o
                                  0x8 (size before relaxing)
 .ARM.exidx.text._ZN7MPU605014readMemoryByteEv
                0x0800fd64        0x8 ..\obj\MPU6050.o
 .ARM.exidx.text._ZN7MPU605015readMemoryBlockEPhthh
                0x0800fd6c        0x8 ..\obj\MPU6050.o
 .ARM.exidx.text._ZN7MPU605016writeMemoryBlockEPKhthhbb
                0x0800fd74        0x8 ..\obj\MPU6050.o
 .ARM.exidx.text._ZN7MPU605020writeProgMemoryBlockEPKhthhb
                0x0800fd7c        0x8 ..\obj\MPU6050.o
 .ARM.exidx.text._ZN7MPU605028writeProgDMPConfigurationSetEPKht
                0x0800fd84        0x8 ..\obj\MPU6050.o
 .ARM.exidx.text._ZN7MPU605013setDMPConfig1Eh
                0x0800fd8c        0x8 ..\obj\MPU6050.o
 .ARM.exidx.text._ZN7MPU605013setDMPConfig2Eh
                0x0800fd94        0x0 ..\obj\MPU6050.o
                                  0x8 (size before relaxing)
 .ARM.exidx     0x0800fd94       0x78 c:/program files (x86)/gnu tools arm embedded/6 2017-q1-update/bin/../lib/gcc/arm-none-eabi/6.3.1/thumb/v7-m\libgcc.a(unwind-arm.o)
                                 0xd8 (size before relaxing)
 .ARM.exidx     0x0800fe0c       0x38 c:/program files (x86)/gnu tools arm embedded/6 2017-q1-update/bin/../lib/gcc/arm-none-eabi/6.3.1/thumb/v7-m\libgcc.a(pr-support.o)
                                 0x48 (size before relaxing)
 .ARM.exidx     0x0800fe44        0x0 c:/program files (x86)/gnu tools arm embedded/6 2017-q1-update/bin/../lib/gcc/arm-none-eabi/6.3.1/thumb/v7-m\libgcc.a(_udivmoddi4.o)
                                  0x8 (size before relaxing)
                0x0800fe44                __exidx_end = .
                0x0800fe44                __etext = .
                0x0800fe44                _sidata = __etext

.rel.dyn        0x0800fe44        0x0
 .rel.iplt      0x0800fe44        0x0 ..\obj\usb_core.o

.data           0x20000000      0xb58 load address 0x0800fe44
                0x20000000                __data_start__ = .
                0x20000000                _sdata = __data_start__
 *(vtable)
 *(.data*)
 .data          0x20000000       0x14 ..\obj\system_stm32f10x.o
                0x20000000                AHBPrescTable
                0x20000010                SystemCoreClock
 .data          0x20000014       0x1a ..\obj\usb_desc.o
                0x20000014                Virtual_Com_Port_StringSerial
 *fill*         0x2000002e        0x2 
 .data          0x20000030       0x90 ..\obj\pwm.o
 .data          0x200000c0        0x2 ..\obj\I2Cdev.o
                0x200000c0                I2Cdev::readTimeout
 *fill*         0x200000c2        0x2 
 .data          0x200000c4       0x8e ..\obj\usb_prop.o
                0x200000c4                linecoding
                0x200000cc                Device_Property
                0x200000fc                Device_Descriptor
                0x20000104                Config_Descriptor
                0x2000010c                String_Descriptor
                0x2000012c                User_Standard_Requests
                0x20000150                Device_Table
 *fill*         0x20000152        0x2 
 .data          0x20000154        0x8 ..\obj\usb.o
                0x20000154                packet_receive
                0x20000158                packet_sent
 .data          0x2000015c       0x14 ..\obj\stm32f10x_rcc.o
 .data          0x20000170       0x38 ..\obj\usb_istr.o
                0x20000170                pEpInt_OUT
                0x2000018c                pEpInt_IN
 .data._impure_ptr
                0x200001a8        0x4 c:/program files (x86)/gnu tools arm embedded/6 2017-q1-update/bin/../lib/gcc/arm-none-eabi/6.3.1/../../../../arm-none-eabi/lib/thumb/v7-m\libc.a(lib_a-impure.o)
                0x200001a8                _impure_ptr
 *fill*         0x200001ac        0x4 
 .data.impure_data
                0x200001b0      0x428 c:/program files (x86)/gnu tools arm embedded/6 2017-q1-update/bin/../lib/gcc/arm-none-eabi/6.3.1/../../../../arm-none-eabi/lib/thumb/v7-m\libc.a(lib_a-impure.o)
 .data.__global_locale
                0x200005d8      0x16c c:/program files (x86)/gnu tools arm embedded/6 2017-q1-update/bin/../lib/gcc/arm-none-eabi/6.3.1/../../../../arm-none-eabi/lib/thumb/v7-m\libc.a(lib_a-locale.o)
                0x200005d8                __global_locale
 .data.__malloc_av_
                0x20000744      0x408 c:/program files (x86)/gnu tools arm embedded/6 2017-q1-update/bin/../lib/gcc/arm-none-eabi/6.3.1/../../../../arm-none-eabi/lib/thumb/v7-m\libc.a(lib_a-mallocr.o)
                0x20000744                __malloc_av_
 .data.__malloc_sbrk_base
                0x20000b4c        0x4 c:/program files (x86)/gnu tools arm embedded/6 2017-q1-update/bin/../lib/gcc/arm-none-eabi/6.3.1/../../../../arm-none-eabi/lib/thumb/v7-m\libc.a(lib_a-mallocr.o)
                0x20000b4c                __malloc_sbrk_base
 .data.__malloc_trim_threshold
                0x20000b50        0x4 c:/program files (x86)/gnu tools arm embedded/6 2017-q1-update/bin/../lib/gcc/arm-none-eabi/6.3.1/../../../../arm-none-eabi/lib/thumb/v7-m\libc.a(lib_a-mallocr.o)
                0x20000b50                __malloc_trim_threshold
                0x20000b54                . = ALIGN (0x4)
                [!provide]                PROVIDE (__preinit_array_start, .)
 *(.preinit_array)
                [!provide]                PROVIDE (__preinit_array_end, .)
                0x20000b54                . = ALIGN (0x4)
                [!provide]                PROVIDE (__init_array_start, .)
 *(SORT(.init_array.*))
 *(.init_array)
 .init_array    0x20000b54        0x4 ..\obj\imu.o
                [!provide]                PROVIDE (__init_array_end, .)
                0x20000b58                . = ALIGN (0x4)
                [!provide]                PROVIDE (__fini_array_start, .)
 *(SORT(.fini_array.*))
 *(.fini_array)
                [!provide]                PROVIDE (__fini_array_end, .)
 *(.jcr*)
                0x20000b58                . = ALIGN (0x4)
                0x20000b58                __data_end__ = .
                0x20000b58                _edata = __data_end__

.igot.plt       0x20000b58        0x0 load address 0x0801099c
 .igot.plt      0x20000b58        0x0 ..\obj\usb_core.o

.bss            0x20000b58      0x24c load address 0x0801099c
                0x20000b58                . = ALIGN (0x4)
                0x20000b58                __bss_start__ = .
                0x20000b58                _sbss = __bss_start__
 *(.bss*)
 .bss           0x20000b58        0x1 ..\obj\usb_core.o
                0x20000b58                Data_Mul_MaxPacketSize
 *fill*         0x20000b59        0x3 
 .bss           0x20000b5c        0x4 ..\obj\delay.o
                0x20000b5c                millis
 .bss           0x20000b60       0x81 ..\obj\imu.o
                0x20000b60                mpu6050
                0x20000b78                packetSize
                0x20000b7c                fifoBuffer
                0x20000bbc                q
                0x20000bcc                quaternion
                0x20000bdc                fifoCount
                0x20000bde                devStatus
                0x20000bdf                mpuIntStatus
                0x20000be0                dmpReady
 *fill*         0x20000be1        0x3 
 .bss           0x20000be4       0x25 ..\obj\receiver.o
                0x20000bf4                receiver_channel
 *fill*         0x20000c09        0x3 
 .bss           0x20000c0c       0x18 ..\obj\pwm.o
                0x20000c0c                pwm_cycle_width
                0x20000c18                pwm_duty_width
 .bss           0x20000c24        0x1 ..\obj\usb_prop.o
                0x20000c24                Request
 *fill*         0x20000c25        0x3 
 .bss           0x20000c28        0x8 ..\obj\usb_pwr.o
                0x20000c28                remotewakeupon
                0x20000c2c                bDeviceState
 .bss           0x20000c30        0x1 ..\obj\usb.o
                0x20000c30                Send_Buffer_pos
 *fill*         0x20000c31        0x1 
 .bss           0x20000c32        0x2 ..\obj\log.o
 .bss           0x20000c34        0xc ..\obj\morsecode.o
                0x20000c34                morse_string
 .bss           0x20000c40        0x4 ..\obj\syscalls.o
 .bss           0x20000c44        0xc ..\obj\usb_istr.o
                0x20000c44                bIntPackSOF
                0x20000c48                esof_counter
                0x20000c4c                wCNTR
 .bss.__malloc_current_mallinfo
                0x20000c50       0x28 c:/program files (x86)/gnu tools arm embedded/6 2017-q1-update/bin/../lib/gcc/arm-none-eabi/6.3.1/../../../../arm-none-eabi/lib/thumb/v7-m\libc.a(lib_a-mallocr.o)
                0x20000c50                __malloc_current_mallinfo
 .bss.__malloc_max_sbrked_mem
                0x20000c78        0x4 c:/program files (x86)/gnu tools arm embedded/6 2017-q1-update/bin/../lib/gcc/arm-none-eabi/6.3.1/../../../../arm-none-eabi/lib/thumb/v7-m\libc.a(lib_a-mallocr.o)
                0x20000c78                __malloc_max_sbrked_mem
 .bss.__malloc_max_total_mem
                0x20000c7c        0x4 c:/program files (x86)/gnu tools arm embedded/6 2017-q1-update/bin/../lib/gcc/arm-none-eabi/6.3.1/../../../../arm-none-eabi/lib/thumb/v7-m\libc.a(lib_a-mallocr.o)
                0x20000c7c                __malloc_max_total_mem
 .bss.__malloc_top_pad
                0x20000c80        0x4 c:/program files (x86)/gnu tools arm embedded/6 2017-q1-update/bin/../lib/gcc/arm-none-eabi/6.3.1/../../../../arm-none-eabi/lib/thumb/v7-m\libc.a(lib_a-mallocr.o)
                0x20000c80                __malloc_top_pad
 *(COMMON)
 COMMON         0x20000c84        0x2 ..\obj\usb_core.o
                0x20000c84                StatusInfo
 COMMON         0x20000c86        0x4 ..\obj\usb_int.o
                0x20000c86                SaveRState
                0x20000c88                SaveTState
 *fill*         0x20000c8a        0x2 
 COMMON         0x20000c8c       0x50 ..\obj\hw_config.o
                0x20000c8c                HSEStartUpStatus
                0x20000c90                Receive_Buffer
                0x20000cd0                EXTI_InitStructure
                0x20000cd8                Send_length
 COMMON         0x20000cdc       0x24 ..\obj\usb_pwr.o
                0x20000cdc                ResumeS
                0x20000ce0                EP
 COMMON         0x20000d00       0x32 ..\obj\usb_init.o
                0x20000d00                SaveState
                0x20000d04                pProperty
                0x20000d08                EPindex
                0x20000d0c                Device_Info
                0x20000d28                pUser_Standard_Requests
                0x20000d2c                pInformation
                0x20000d30                wInterrupt_Mask
 *fill*         0x20000d32        0x2 
 COMMON         0x20000d34       0x40 ..\obj\usb.o
                0x20000d34                Send_Buffer
 COMMON         0x20000d74        0x4 ..\obj\usb_endp.o
                0x20000d74                Receive_length
 COMMON         0x20000d78        0x2 ..\obj\usb_istr.o
                0x20000d78                wIstr
 *fill*         0x20000d7a        0x2 
 COMMON         0x20000d7c       0x21 c:/program files (x86)/gnu tools arm embedded/6 2017-q1-update/bin/../lib/gcc/arm-none-eabi/6.3.1/../../../../arm-none-eabi/lib/thumb/v7-m\libc.a(lib_a-lock.o)
                0x20000d7c                __lock___atexit_recursive_mutex
                0x20000d80                __lock___arc4random_mutex
                0x20000d84                __lock___env_recursive_mutex
                0x20000d88                __lock___sinit_recursive_mutex
                0x20000d8c                __lock___malloc_recursive_mutex
                0x20000d90                __lock___at_quick_exit_mutex
                0x20000d94                __lock___dd_hash_mutex
                0x20000d98                __lock___tz_mutex
                0x20000d9c                __lock___sfp_recursive_mutex
 *fill*         0x20000d9d        0x3 
 COMMON         0x20000da0        0x4 c:/program files (x86)/gnu tools arm embedded/6 2017-q1-update/bin/../lib/gcc/arm-none-eabi/6.3.1/../../../../arm-none-eabi/lib/thumb/v7-m\libc.a(lib_a-reent.o)
                0x20000da0                errno
                0x20000da4                . = ALIGN (0x4)
                0x20000da4                __bss_end__ = .
                0x20000da4                _ebss = __bss_end__

.heap           0x20000da4        0x0
                0x20000da4                __end__ = .
                0x20000da4                _end = __end__
                0x20000da4                end = __end__
 *(.heap*)
                0x20000da4                __HeapLimit = .

.co_stack       0x20000da4     0x4004 load address 0x08010be8
                0x20000da8                . = ALIGN (0x8)
 *fill*         0x20000da4        0x4 
 *(.co_stack .co_stack.*)
 .co_stack      0x20000da8     0x4000 ..\obj\startup_stm32f10x_md.o
                0x20000da8                pulStack
                0x20005000                __StackTop = (ORIGIN (ram) + LENGTH (ram))
                0x20000ffc                __StackLimit = (__StackTop - SIZEOF (.co_stack))
                [!provide]                PROVIDE (__stack, __StackTop)
                0x00000001                ASSERT ((__StackLimit >= __HeapLimit), region ram  overflowed with stack)
LOAD ..\obj\otgd_fs_pcd.o
LOAD ..\obj\usb_core.o
LOAD ..\obj\delay.o
LOAD ..\obj\stm32f10x_tim.o
LOAD ..\obj\imu.o
LOAD ..\obj\usb_int.o
LOAD ..\obj\stm32f10x_dbgmcu.o
LOAD ..\obj\system_stm32f10x.o
LOAD ..\obj\receiver.o
LOAD ..\obj\usb_desc.o
LOAD ..\obj\usb_regs.o
LOAD ..\obj\pwm.o
LOAD ..\obj\stm32f10x_pwr.o
LOAD ..\obj\startup_stm32f10x_md.o
LOAD ..\obj\hw_config.o
LOAD ..\obj\I2Cdev.o
LOAD ..\obj\stm32f10x_gpio.o
LOAD ..\obj\usb_prop.o
LOAD ..\obj\usb_pwr.o
LOAD ..\obj\usb_init.o
LOAD ..\obj\main.o
LOAD ..\obj\usb.o
LOAD ..\obj\otgd_fs_dev.o
LOAD ..\obj\log.o
LOAD ..\obj\stm32f10x_rcc.o
LOAD ..\obj\stm32f10x_exti.o
LOAD ..\obj\stm32f10x_usart.o
LOAD ..\obj\otgd_fs_int.o
LOAD ..\obj\usb_sil.o
LOAD ..\obj\morsecode.o
LOAD ..\obj\syscalls.o
LOAD ..\obj\otgd_fs_cal.o
LOAD ..\obj\stm32_it.o
LOAD ..\obj\usb_endp.o
LOAD ..\obj\misc.o
LOAD ..\obj\stm32f10x_spi.o
LOAD ..\obj\MPU6050.o
LOAD ..\obj\usb_mem.o
LOAD ..\obj\usb_istr.o
LOAD ..\obj\stm32f10x_iwdg.o
LOAD c:/program files (x86)/gnu tools arm embedded/6 2017-q1-update/bin/../lib/gcc/arm-none-eabi/6.3.1/../../../../arm-none-eabi/lib/thumb/v7-m\libm.a
LOAD c:/program files (x86)/gnu tools arm embedded/6 2017-q1-update/bin/../lib/gcc/arm-none-eabi/6.3.1/thumb/v7-m\libgcc.a
LOAD c:/program files (x86)/gnu tools arm embedded/6 2017-q1-update/bin/../lib/gcc/arm-none-eabi/6.3.1/../../../../arm-none-eabi/lib/thumb/v7-m\libc.a
START GROUP
LOAD c:/program files (x86)/gnu tools arm embedded/6 2017-q1-update/bin/../lib/gcc/arm-none-eabi/6.3.1/thumb/v7-m\libgcc.a
LOAD c:/program files (x86)/gnu tools arm embedded/6 2017-q1-update/bin/../lib/gcc/arm-none-eabi/6.3.1/../../../../arm-none-eabi/lib/thumb/v7-m\libg.a
LOAD c:/program files (x86)/gnu tools arm embedded/6 2017-q1-update/bin/../lib/gcc/arm-none-eabi/6.3.1/../../../../arm-none-eabi/lib/thumb/v7-m\libc.a
END GROUP
OUTPUT(BlackboxCC3D-OPFW.elf elf32-littlearm)

.debug_info     0x00000000    0x23b40
 .debug_info    0x00000000      0xf76 ..\obj\usb_core.o
 .debug_info    0x00000f76      0x7ed ..\obj\delay.o
 .debug_info    0x00001763     0x2592 ..\obj\stm32f10x_tim.o
 .debug_info    0x00003cf5     0x59d3 ..\obj\imu.o
 .debug_info    0x000096c8      0x5b9 ..\obj\usb_int.o
 .debug_info    0x00009c81      0x16d ..\obj\stm32f10x_dbgmcu.o
 .debug_info    0x00009dee      0x4c7 ..\obj\system_stm32f10x.o
 .debug_info    0x0000a2b5     0x12bd ..\obj\receiver.o
 .debug_info    0x0000b572      0x5a2 ..\obj\usb_desc.o
 .debug_info    0x0000bb14     0x10aa ..\obj\usb_regs.o
 .debug_info    0x0000cbbe     0x111e ..\obj\pwm.o
 .debug_info    0x0000dcdc      0x3ce ..\obj\startup_stm32f10x_md.o
 .debug_info    0x0000e0aa      0xc1a ..\obj\hw_config.o
 .debug_info    0x0000ecc4      0xf14 ..\obj\I2Cdev.o
 .debug_info    0x0000fbd8      0x896 ..\obj\stm32f10x_gpio.o
 .debug_info    0x0001046e      0xc0e ..\obj\usb_prop.o
 .debug_info    0x0001107c      0x965 ..\obj\usb_pwr.o
 .debug_info    0x000119e1      0x508 ..\obj\usb_init.o
 .debug_info    0x00011ee9      0xd79 ..\obj\main.o
 .debug_info    0x00012c62      0x6d7 ..\obj\usb.o
 .debug_info    0x00013339     0x1a4d ..\obj\log.o
 .debug_info    0x00014d86      0x947 ..\obj\stm32f10x_rcc.o
 .debug_info    0x000156cd      0x361 ..\obj\stm32f10x_exti.o
 .debug_info    0x00015a2e      0xb31 ..\obj\stm32f10x_usart.o
 .debug_info    0x0001655f      0x607 ..\obj\usb_sil.o
 .debug_info    0x00016b66      0xd36 ..\obj\morsecode.o
 .debug_info    0x0001789c      0xcd9 ..\obj\syscalls.o
 .debug_info    0x00018575      0x4f8 ..\obj\stm32_it.o
 .debug_info    0x00018a6d      0x64e ..\obj\usb_endp.o
 .debug_info    0x000190bb      0x54d ..\obj\misc.o
 .debug_info    0x00019608      0x9d4 ..\obj\stm32f10x_spi.o
 .debug_info    0x00019fdc     0x8da3 ..\obj\MPU6050.o
 .debug_info    0x00022d7f      0x59e ..\obj\usb_mem.o
 .debug_info    0x0002331d      0x60f ..\obj\usb_istr.o
 .debug_info    0x0002392c      0x214 ..\obj\stm32f10x_iwdg.o

.debug_abbrev   0x00000000     0x54e5
 .debug_abbrev  0x00000000      0x3ee ..\obj\usb_core.o
 .debug_abbrev  0x000003ee      0x264 ..\obj\delay.o
 .debug_abbrev  0x00000652      0x2c6 ..\obj\stm32f10x_tim.o
 .debug_abbrev  0x00000918      0x788 ..\obj\imu.o
 .debug_abbrev  0x000010a0      0x192 ..\obj\usb_int.o
 .debug_abbrev  0x00001232      0x100 ..\obj\stm32f10x_dbgmcu.o
 .debug_abbrev  0x00001332      0x18a ..\obj\system_stm32f10x.o