Archive member included to satisfy reference by file (symbol)

c:/program files (x86)/gnu tools arm embedded/6 2017-q1-update/bin/../lib/gcc/arm-none-eabi/6.3.1/../../../../arm-none-eabi/lib/thumb/v7-m\libm.a(lib_a-sf_atan.o)
                              ..\obj\imu.o (atanf)
c:/program files (x86)/gnu tools arm embedded/6 2017-q1-update/bin/../lib/gcc/arm-none-eabi/6.3.1/../../../../arm-none-eabi/lib/thumb/v7-m\libm.a(lib_a-sf_fabs.o)
                              c:/program files (x86)/gnu tools arm embedded/6 2017-q1-update/bin/../lib/gcc/arm-none-eabi/6.3.1/../../../../arm-none-eabi/lib/thumb/v7-m\libm.a(lib_a-sf_atan.o) (fabsf)
c:/program files (x86)/gnu tools arm embedded/6 2017-q1-update/bin/../lib/gcc/arm-none-eabi/6.3.1/../../../../arm-none-eabi/lib/thumb/v7-m\libm.a(lib_a-wf_asin.o)
                              ..\obj\imu.o (asinf)
c:/program files (x86)/gnu tools arm embedded/6 2017-q1-update/bin/../lib/gcc/arm-none-eabi/6.3.1/../../../../arm-none-eabi/lib/thumb/v7-m\libm.a(lib_a-wf_atan2.o)
                              ..\obj\imu.o (atan2f)
c:/program files (x86)/gnu tools arm embedded/6 2017-q1-update/bin/../lib/gcc/arm-none-eabi/6.3.1/../../../../arm-none-eabi/lib/thumb/v7-m\libm.a(lib_a-wf_sqrt.o)
                              ..\obj\imu.o (sqrtf)
c:/program files (x86)/gnu tools arm embedded/6 2017-q1-update/bin/../lib/gcc/arm-none-eabi/6.3.1/../../../../arm-none-eabi/lib/thumb/v7-m\libm.a(lib_a-ef_asin.o)
                              c:/program files (x86)/gnu tools arm embedded/6 2017-q1-update/bin/../lib/gcc/arm-none-eabi/6.3.1/../../../../arm-none-eabi/lib/thumb/v7-m\libm.a(lib_a-wf_asin.o) (__ieee754_asinf)
c:/program files (x86)/gnu tools arm embedded/6 2017-q1-update/bin/../lib/gcc/arm-none-eabi/6.3.1/../../../../arm-none-eabi/lib/thumb/v7-m\libm.a(lib_a-ef_atan2.o)
                              c:/program files (x86)/gnu tools arm embedded/6 2017-q1-update/bin/../lib/gcc/arm-none-eabi/6.3.1/../../../../arm-none-eabi/lib/thumb/v7-m\libm.a(lib_a-wf_atan2.o) (__ieee754_atan2f)
c:/program files (x86)/gnu tools arm embedded/6 2017-q1-update/bin/../lib/gcc/arm-none-eabi/6.3.1/../../../../arm-none-eabi/lib/thumb/v7-m\libm.a(lib_a-ef_sqrt.o)
                              c:/program files (x86)/gnu tools arm embedded/6 2017-q1-update/bin/../lib/gcc/arm-none-eabi/6.3.1/../../../../arm-none-eabi/lib/thumb/v7-m\libm.a(lib_a-wf_sqrt.o) (__ieee754_sqrtf)
c:/program files (x86)/gnu tools arm embedded/6 2017-q1-update/bin/../lib/gcc/arm-none-eabi/6.3.1/../../../../arm-none-eabi/lib/thumb/v7-m\libm.a(lib_a-s_lib_ver.o)
                              c:/program files (x86)/gnu tools arm embedded/6 2017-q1-update/bin/../lib/gcc/arm-none-eabi/6.3.1/../../../../arm-none-eabi/lib/thumb/v7-m\libm.a(lib_a-wf_asin.o) (__fdlib_version)
c:/program files (x86)/gnu tools arm embedded/6 2017-q1-update/bin/../lib/gcc/arm-none-eabi/6.3.1/../../../../arm-none-eabi/lib/thumb/v7-m\libm.a(lib_a-s_matherr.o)
                              c:/program files (x86)/gnu tools arm embedded/6 2017-q1-update/bin/../lib/gcc/arm-none-eabi/6.3.1/../../../../arm-none-eabi/lib/thumb/v7-m\libm.a(lib_a-wf_asin.o) (matherr)
c:/program files (x86)/gnu tools arm embedded/6 2017-q1-update/bin/../lib/gcc/arm-none-eabi/6.3.1/../../../../arm-none-eabi/lib/thumb/v7-m\libm.a(lib_a-s_nan.o)
                              c:/program files (x86)/gnu tools arm embedded/6 2017-q1-update/bin/../lib/gcc/arm-none-eabi/6.3.1/../../../../arm-none-eabi/lib/thumb/v7-m\libm.a(lib_a-wf_asin.o) (nan)
c:/program files (x86)/gnu tools arm embedded/6 2017-q1-update/bin/../lib/gcc/arm-none-eabi/6.3.1/thumb/v7-m\libgcc.a(_arm_addsubdf3.o)
                              ..\obj\log.o (__aeabi_f2d)
c:/program files (x86)/gnu tools arm embedded/6 2017-q1-update/bin/../lib/gcc/arm-none-eabi/6.3.1/thumb/v7-m\libgcc.a(_arm_muldivdf3.o)
                              c:/program files (x86)/gnu tools arm embedded/6 2017-q1-update/bin/../lib/gcc/arm-none-eabi/6.3.1/../../../../arm-none-eabi/lib/thumb/v7-m\libm.a(lib_a-wf_sqrt.o) (__aeabi_ddiv)
c:/program files (x86)/gnu tools arm embedded/6 2017-q1-update/bin/../lib/gcc/arm-none-eabi/6.3.1/thumb/v7-m\libgcc.a(_arm_truncdfsf2.o)
                              c:/program files (x86)/gnu tools arm embedded/6 2017-q1-update/bin/../lib/gcc/arm-none-eabi/6.3.1/../../../../arm-none-eabi/lib/thumb/v7-m\libm.a(lib_a-wf_asin.o) (__aeabi_d2f)
c:/program files (x86)/gnu tools arm embedded/6 2017-q1-update/bin/../lib/gcc/arm-none-eabi/6.3.1/thumb/v7-m\libgcc.a(_arm_addsubsf3.o)
                              ..\obj\delay.o (__aeabi_fsub)
c:/program files (x86)/gnu tools arm embedded/6 2017-q1-update/bin/../lib/gcc/arm-none-eabi/6.3.1/thumb/v7-m\libgcc.a(_arm_muldivsf3.o)
                              ..\obj\delay.o (__aeabi_fmul)
c:/program files (x86)/gnu tools arm embedded/6 2017-q1-update/bin/../lib/gcc/arm-none-eabi/6.3.1/thumb/v7-m\libgcc.a(_arm_cmpsf2.o)
[...]
Memory Configuration

Name             Origin             Length             Attributes
rom              0x08000000         0x00020000         xr
ram              0x20000000         0x00005000         xrw
*default*        0x00000000         0xffffffff

Linker script and memory map

                0x20005000                _eram = 0x20005000

.text           0x08000000     0xb22d
 *(.isr_vector)
 .isr_vector    0x08000000      0x10c ..\obj\startup_stm32f10x_md.o
                0x08000000                g_pfnVectors
 *(.text*)
 .text.Standard_GetConfiguration
                0x0800010c       0x28 ..\obj\usb_core.o
                0x0800010c                Standard_GetConfiguration
 .text.Standard_GetInterface
                0x08000134       0x28 ..\obj\usb_core.o
                0x08000134                Standard_GetInterface
 .text.Standard_GetStatus
                0x0800015c       0x90 ..\obj\usb_core.o
                0x0800015c                Standard_GetStatus
 .text.DataStageIn
                0x080001ec       0xb0 ..\obj\usb_core.o
 .text.Standard_ClearFeature
                0x0800029c       0xd4 ..\obj\usb_core.o
                0x0800029c                Standard_ClearFeature
 .text.Standard_SetEndPointFeature
                0x08000370       0x94 ..\obj\usb_core.o
                0x08000370                Standard_SetEndPointFeature
 .text.Standard_GetDescriptorData
                0x08000404       0x1c ..\obj\usb_core.o
                0x08000404                Standard_GetDescriptorData
 .text.Setup0_Process
                0x08000420      0x3fc ..\obj\usb_core.o
                0x08000420                Setup0_Process
 .text.In0_Process
                0x0800081c       0xcc ..\obj\usb_core.o
                0x0800081c                In0_Process
 .text.Out0_Process
                0x080008e8      0x110 ..\obj\usb_core.o
                0x080008e8                Out0_Process
 .text.SetDeviceAddress
                0x080009f8       0x40 ..\obj\usb_core.o
                0x080009f8                SetDeviceAddress
 .text.NOP_Process
                0x08000a38        0x4 ..\obj\usb_core.o
                0x08000a38                NOP_Process
 .text.SysTick_Handler
                0x08000a3c       0x10 ..\obj\delay.o
                0x08000a3c                SysTick_Handler
 .text._Z10delay_initv
                0x08000a4c       0x48 ..\obj\delay.o
                0x08000a4c                delay_init()
 .text._Z8delay_msm
                0x08000a94       0x34 ..\obj\delay.o
                0x08000a94                delay_ms(unsigned long)
 .text._Z8delay_usf
                0x08000ac8       0x7c ..\obj\delay.o
                0x08000ac8                delay_us(float)
 .text.TIM_TimeBaseInit
                0x08000b44       0xac ..\obj\stm32f10x_tim.o
                0x08000b44                TIM_TimeBaseInit
 .text.TIM_ICInit
                0x08000bf0      0x248 ..\obj\stm32f10x_tim.o
                0x08000bf0                TIM_ICInit
 .text.TIM_Cmd  0x08000e38       0x1c ..\obj\stm32f10x_tim.o
                0x08000e38                TIM_Cmd
 .text.TIM_ITConfig
                0x08000e54       0x14 ..\obj\stm32f10x_tim.o
                0x08000e54                TIM_ITConfig
 .text.TIM_OC1PolarityConfig
                0x08000e68       0x10 ..\obj\stm32f10x_tim.o
                0x08000e68                TIM_OC1PolarityConfig
 .text.TIM_OC2PolarityConfig
                0x08000e78       0x14 ..\obj\stm32f10x_tim.o
                0x08000e78                TIM_OC2PolarityConfig
 .text.TIM_OC3PolarityConfig
                0x08000e8c       0x14 ..\obj\stm32f10x_tim.o
                0x08000e8c                TIM_OC3PolarityConfig
 .text.TIM_OC4PolarityConfig
                0x08000ea0       0x14 ..\obj\stm32f10x_tim.o
                0x08000ea0                TIM_OC4PolarityConfig
 .text.TIM_GetCapture1
                0x08000eb4        0x8 ..\obj\stm32f10x_tim.o
                0x08000eb4                TIM_GetCapture1
 .text.TIM_GetCapture2
                0x08000ebc        0x8 ..\obj\stm32f10x_tim.o
                0x08000ebc                TIM_GetCapture2
 .text.TIM_GetCapture3
                0x08000ec4        0x8 ..\obj\stm32f10x_tim.o
                0x08000ec4                TIM_GetCapture3
 .text.TIM_GetCapture4
                0x08000ecc        0x8 ..\obj\stm32f10x_tim.o
                0x08000ecc                TIM_GetCapture4
 .text.TIM_GetITStatus
                0x08000ed4       0x18 ..\obj\stm32f10x_tim.o
                0x08000ed4                TIM_GetITStatus
 .text.TIM_ClearITPendingBit
                0x08000eec        0x8 ..\obj\stm32f10x_tim.o
                0x08000eec                TIM_ClearITPendingBit
 .text._ZN7MPU605013dmpInitializeEv
                0x08000ef4      0x438 ..\obj\imu.o
                0x08000ef4                MPU6050::dmpInitialize()
 .text._Z10mpu_selectv
                0x0800132c       0x24 ..\obj\imu.o
                0x0800132c                mpu_select()
 .text._Z12mpu_deselectv
                0x08001350       0x1c ..\obj\imu.o
                0x08001350                mpu_deselect()
 .text._Z8spi_sendh
                0x0800136c       0x40 ..\obj\imu.o
                0x0800136c                spi_send(unsigned char)
 .text._Z8imu_initv
                0x080013ac      0x13c ..\obj\imu.o
                0x080013ac                imu_init()
 .text.EXTI3_IRQHandler
                0x080014e8      0x104 ..\obj\imu.o
                0x080014e8                EXTI3_IRQHandler
 .text.startup._GLOBAL__sub_I__ZN7MPU605013dmpInitializeEv
                0x080015ec       0x20 ..\obj\imu.o
 .text.CTR_LP   0x0800160c      0x180 ..\obj\usb_int.o
                0x0800160c                CTR_LP
 .text.DBGMCU_Config
                0x0800178c       0x18 ..\obj\stm32f10x_dbgmcu.o
                0x0800178c                DBGMCU_Config
 .text.SystemInit
                0x080017a4      0x104 ..\obj\system_stm32f10x.o
                0x080017a4                SystemInit
 .text._Z13receiver_initv
                0x080018a8       0x88 ..\obj\receiver.o
                0x080018a8                receiver_init()
 .text.USART1_IRQHandler
                0x08001930      0x13c ..\obj\receiver.o
                0x08001930                USART1_IRQHandler
 .text.SetBTABLE
                0x08001a6c       0x10 ..\obj\usb_regs.o
                0x08001a6c                SetBTABLE
 .text.SetEPType
                0x08001a7c       0x1c ..\obj\usb_regs.o
                0x08001a7c                SetEPType
 .text.SetEPTxStatus
                0x08001a98       0x34 ..\obj\usb_regs.o
                0x08001a98                SetEPTxStatus
 .text.SetEPRxStatus
                0x08001acc       0x34 ..\obj\usb_regs.o
                0x08001acc                SetEPRxStatus
 .text.SetEPTxValid
                0x08001b00       0x28 ..\obj\usb_regs.o
                0x08001b00                SetEPTxValid
 .text.SetEPRxValid
                0x08001b28       0x28 ..\obj\usb_regs.o
                0x08001b28                SetEPRxValid
 .text.Clear_Status_Out
                0x08001b50       0x20 ..\obj\usb_regs.o
                0x08001b50                Clear_Status_Out
 .text.ClearDTOG_RX
                0x08001b70       0x24 ..\obj\usb_regs.o
                0x08001b70                ClearDTOG_RX
 .text.ClearDTOG_TX
                0x08001b94       0x24 ..\obj\usb_regs.o
                0x08001b94                ClearDTOG_TX
 .text.SetEPTxAddr
                0x08001bb8       0x20 ..\obj\usb_regs.o
                0x08001bb8                SetEPTxAddr
 .text.SetEPRxAddr
                0x08001bd8       0x20 ..\obj\usb_regs.o
                0x08001bd8                SetEPRxAddr
 .text.GetEPTxAddr
                0x08001bf8       0x1c ..\obj\usb_regs.o
                0x08001bf8                GetEPTxAddr
 .text.GetEPRxAddr
                0x08001c14       0x1c ..\obj\usb_regs.o
                0x08001c14                GetEPRxAddr
 .text.SetEPTxCount
                0x08001c30       0x1c ..\obj\usb_regs.o
                0x08001c30                SetEPTxCount
 .text.SetEPRxCount
                0x08001c4c       0x44 ..\obj\usb_regs.o
                0x08001c4c                SetEPRxCount
 .text.GetEPRxCount
                0x08001c90       0x20 ..\obj\usb_regs.o
                0x08001c90                GetEPRxCount
 .text.ByteSwap
                0x08001cb0        0xc ..\obj\usb_regs.o
                0x08001cb0                ByteSwap
 .text._Z8tim_initv
                0x08001cbc      0x150 ..\obj\pwm.o
                0x08001cbc                tim_init()
 .text._Z14TIM_IRQHandlerv
                0x08001e0c       0xa8 ..\obj\pwm.o
                0x08001e0c                TIM_IRQHandler()
 .text.TIM2_IRQHandler
                0x08001eb4        0x4 ..\obj\pwm.o
                0x08001eb4                TIM2_IRQHandler
 .text.TIM3_IRQHandler
                0x08001eb8        0x4 ..\obj\pwm.o
                0x08001eb8                TIM3_IRQHandler
 .text.TIM4_IRQHandler
                0x08001ebc        0x4 ..\obj\pwm.o
                0x08001ebc                TIM4_IRQHandler
 .text._Z8pwm_initv
                0x08001ec0       0xc8 ..\obj\pwm.o
                0x08001ec0                pwm_init()
 .text.Default_Handler
                0x08001f88        0x4 ..\obj\startup_stm32f10x_md.o
                0x08001f88                EXTI2_IRQHandler
                0x08001f88                DebugMon_Handler
                0x08001f88                TIM1_CC_IRQHandler
                0x08001f88                HardFault_Handler
                0x08001f88                PVD_IRQHandler
                0x08001f88                PendSV_Handler
                0x08001f88                NMI_Handler
                0x08001f88                EXTI0_IRQHandler
                0x08001f88                I2C2_EV_IRQHandler
                0x08001f88                UsageFault_Handler
                0x08001f88                ADC1_2_IRQHandler
                0x08001f88                SPI1_IRQHandler
                0x08001f88                TAMPER_IRQHandler
                0x08001f88                DMA1_Channel4_IRQHandler
                0x08001f88                USART3_IRQHandler
                0x08001f88                RTC_IRQHandler
                0x08001f88                DMA1_Channel7_IRQHandler
                0x08001f88                CAN1_RX1_IRQHandler
                0x08001f88                I2C1_EV_IRQHandler
                0x08001f88                DMA1_Channel6_IRQHandler
                0x08001f88                RCC_IRQHandler
                0x08001f88                TIM1_TRG_COM_IRQHandler
                0x08001f88                DMA1_Channel1_IRQHandler
                0x08001f88                EXTI15_10_IRQHandler
                0x08001f88                EXTI9_5_IRQHandler
                0x08001f88                SPI2_IRQHandler
                0x08001f88                MemManage_Handler
                0x08001f88                SVC_Handler
                0x08001f88                DMA1_Channel5_IRQHandler
                0x08001f88                EXTI4_IRQHandler
                0x08001f88                USB_HP_CAN1_TX_IRQHandler
                0x08001f88                DMA1_Channel3_IRQHandler
                0x08001f88                TIM1_UP_IRQHandler
                0x08001f88                WWDG_IRQHandler
                0x08001f88                TIM1_BRK_IRQHandler
                0x08001f88                EXTI1_IRQHandler
                0x08001f88                RTCAlarm_IRQHandler
                0x08001f88                USART2_IRQHandler
                0x08001f88                I2C2_ER_IRQHandler
                0x08001f88                DMA1_Channel2_IRQHandler
                0x08001f88                CAN1_SCE_IRQHandler
                0x08001f88                FLASH_IRQHandler
                0x08001f88                BusFault_Handler
                0x08001f88                I2C1_ER_IRQHandler
 .text.Default_Reset_Handler
                0x08001f8c       0x4c ..\obj\startup_stm32f10x_md.o
                0x08001f8c                Default_Reset_Handler
                0x08001f8c                Reset_Handler
 .text.Set_System
                0x08001fd8       0x28 ..\obj\hw_config.o
                0x08001fd8                Set_System
 .text.Set_USBClock
                0x08002000       0x18 ..\obj\hw_config.o
                0x08002000                Set_USBClock
 .text.Leave_LowPowerMode
                0x08002018       0x24 ..\obj\hw_config.o
                0x08002018                Leave_LowPowerMode
 .text.USB_Interrupts_Config
                0x0800203c       0x2c ..\obj\hw_config.o
                0x0800203c                USB_Interrupts_Config
 .text.Get_SerialNum
                0x08002068       0xfc ..\obj\hw_config.o
                0x08002068                Get_SerialNum
 .text.CDC_Send_DATA
                0x08002164       0x30 ..\obj\hw_config.o
                0x08002164                CDC_Send_DATA
 .text._ZN6I2Cdev7readBitEhhhPht
                0x08002194       0x2c ..\obj\I2Cdev.o
                0x08002194                I2Cdev::readBit(unsigned char, unsigned char, unsigned char, unsigned char*, unsigned short)
 .text._ZN6I2Cdev8readBitsEhhhhPht
                0x080021c0       0x3c ..\obj\I2Cdev.o
                0x080021c0                I2Cdev::readBits(unsigned char, unsigned char, unsigned char, unsigned char, unsigned char*, unsigned short)
 .text._ZN6I2Cdev8readByteEhhPht
                0x080021fc       0x24 ..\obj\I2Cdev.o
                0x080021fc                I2Cdev::readByte(unsigned char, unsigned char, unsigned char*, unsigned short)
 .text._ZN6I2Cdev9readBytesEhhhPht
                0x08002220       0x30 ..\obj\I2Cdev.o
                0x08002220                I2Cdev::readBytes(unsigned char, unsigned char, unsigned char, unsigned char*, unsigned short)
 .text._ZN6I2Cdev8writeBitEhhhh
                0x08002250       0x50 ..\obj\I2Cdev.o
                0x08002250                I2Cdev::writeBit(unsigned char, unsigned char, unsigned char, unsigned char)
 .text._ZN6I2Cdev9writeBitsEhhhhh
                0x080022a0       0x64 ..\obj\I2Cdev.o
                0x080022a0                I2Cdev::writeBits(unsigned char, unsigned char, unsigned char, unsigned char, unsigned char)
 .text._ZN6I2Cdev9writeByteEhhh
                0x08002304       0x20 ..\obj\I2Cdev.o
                0x08002304                I2Cdev::writeByte(unsigned char, unsigned char, unsigned char)
 .text._ZN6I2Cdev9writeWordEhht
                0x08002324       0x28 ..\obj\I2Cdev.o
                0x08002324                I2Cdev::writeWord(unsigned char, unsigned char, unsigned short)
 .text._ZN6I2Cdev10writeBytesEhhhPh
                0x0800234c       0x30 ..\obj\I2Cdev.o
                0x0800234c                I2Cdev::writeBytes(unsigned char, unsigned char, unsigned char, unsigned char*)
 .text.GPIO_Init
                0x0800237c      0x36c ..\obj\stm32f10x_gpio.o
                0x0800237c                GPIO_Init
 .text.GPIO_StructInit
                0x080026e8       0x10 ..\obj\stm32f10x_gpio.o
                0x080026e8                GPIO_StructInit
 .text.GPIO_SetBits
                0x080026f8        0x4 ..\obj\stm32f10x_gpio.o
                0x080026f8                GPIO_SetBits
 .text.GPIO_WriteBit
                0x080026fc        0xc ..\obj\stm32f10x_gpio.o
                0x080026fc                GPIO_WriteBit
 .text.GPIO_PinRemapConfig
                0x08002708       0x6c ..\obj\stm32f10x_gpio.o
                0x08002708                GPIO_PinRemapConfig
 .text.GPIO_EXTILineConfig
                0x08002774       0x30 ..\obj\stm32f10x_gpio.o
                0x08002774                GPIO_EXTILineConfig
 .text.Virtual_Com_Port_SetConfiguration
                0x080027a4       0x18 ..\obj\usb_prop.o
                0x080027a4                Virtual_Com_Port_SetConfiguration
 .text.Virtual_Com_Port_SetDeviceAddress
                0x080027bc        0xc ..\obj\usb_prop.o
                0x080027bc                Virtual_Com_Port_SetDeviceAddress
 .text.Virtual_Com_Port_Status_In
                0x080027c8       0x14 ..\obj\usb_prop.o
                0x080027c8                Virtual_Com_Port_Status_In
 .text.Virtual_Com_Port_Status_Out
                0x080027dc        0x4 ..\obj\usb_prop.o
                0x080027dc                Virtual_Com_Port_Status_Out
 .text.Virtual_Com_Port_Data_Setup
                0x080027e0       0x5c ..\obj\usb_prop.o
                0x080027e0                Virtual_Com_Port_Data_Setup
 .text.Virtual_Com_Port_NoData_Setup
                0x0800283c       0x24 ..\obj\usb_prop.o
                0x0800283c                Virtual_Com_Port_NoData_Setup
 .text.Virtual_Com_Port_Get_Interface_Setting
                0x08002860       0x10 ..\obj\usb_prop.o
                0x08002860                Virtual_Com_Port_Get_Interface_Setting
 .text.Virtual_Com_Port_SetLineCoding
                0x08002870       0x18 ..\obj\usb_prop.o
                0x08002870                Virtual_Com_Port_SetLineCoding
 .text.Virtual_Com_Port_init
                0x08002888       0x24 ..\obj\usb_prop.o
                0x08002888                Virtual_Com_Port_init
 .text.Virtual_Com_Port_Reset
                0x080028ac       0xe0 ..\obj\usb_prop.o
                0x080028ac                Virtual_Com_Port_Reset
 .text.Virtual_Com_Port_GetDeviceDescriptor
                0x0800298c        0xc ..\obj\usb_prop.o
                0x0800298c                Virtual_Com_Port_GetDeviceDescriptor
 .text.Virtual_Com_Port_GetConfigDescriptor
                0x08002998        0xc ..\obj\usb_prop.o
                0x08002998                Virtual_Com_Port_GetConfigDescriptor
 .text.Virtual_Com_Port_GetStringDescriptor
                0x080029a4       0x20 ..\obj\usb_prop.o
                0x080029a4                Virtual_Com_Port_GetStringDescriptor
 .text.Virtual_Com_Port_GetLineCoding
                0x080029c4       0x18 ..\obj\usb_prop.o
                0x080029c4                Virtual_Com_Port_GetLineCoding
 .text.PowerOn  0x080029dc       0x2c ..\obj\usb_pwr.o
                0x080029dc                PowerOn
 .text.Resume   0x08002a08       0xd4 ..\obj\usb_pwr.o
                0x08002a08                Resume
 .text.USB_Init
                0x08002adc       0x38 ..\obj\usb_init.o
                0x08002adc                USB_Init
 .text._Z8led_initv
                0x08002b14       0x54 ..\obj\main.o
                0x08002b14                led_init()
 .text.startup.main
                0x08002b68       0xc0 ..\obj\main.o
                0x08002b68                main
 .text.usb_init
                0x08002c28       0x18 ..\obj\usb.o
                0x08002c28                usb_init
 .text.usb_putchar
                0x08002c40       0x30 ..\obj\usb.o
                0x08002c40                usb_putchar
 .text._Z5log_1t
                0x08002c70       0x4c ..\obj\log.o
                0x08002c70                log_1(unsigned short)
 .text._Z5log_1f
                0x08002cbc       0x44 ..\obj\log.o
                0x08002cbc                log_1(float)
 .text._Z8log_syncv
                0x08002d00       0x40 ..\obj\log.o
                0x08002d00                log_sync()
 .text._Z8log_initv
                0x08002d40       0xac ..\obj\log.o
                0x08002d40                log_init()
 .text.RCC_USBCLKConfig
                0x08002dec        0xc ..\obj\stm32f10x_rcc.o
                0x08002dec                RCC_USBCLKConfig
 .text.RCC_GetClocksFreq
                0x08002df8       0x98 ..\obj\stm32f10x_rcc.o
                0x08002df8                RCC_GetClocksFreq
 .text.RCC_APB2PeriphClockCmd
                0x08002e90       0x18 ..\obj\stm32f10x_rcc.o
                0x08002e90                RCC_APB2PeriphClockCmd
 .text.RCC_APB1PeriphClockCmd
                0x08002ea8       0x18 ..\obj\stm32f10x_rcc.o
                0x08002ea8                RCC_APB1PeriphClockCmd
 .text.EXTI_Init
                0x08002ec0       0x7c ..\obj\stm32f10x_exti.o
                0x08002ec0                EXTI_Init
 .text.EXTI_StructInit
                0x08002f3c       0x10 ..\obj\stm32f10x_exti.o
                0x08002f3c                EXTI_StructInit
 .text.EXTI_GetITStatus
                0x08002f4c       0x1c ..\obj\stm32f10x_exti.o
                0x08002f4c                EXTI_GetITStatus
 .text.EXTI_ClearITPendingBit
                0x08002f68        0xc ..\obj\stm32f10x_exti.o
                0x08002f68                EXTI_ClearITPendingBit
 .text.USART_Init
                0x08002f74       0xbc ..\obj\stm32f10x_usart.o
                0x08002f74                USART_Init
 .text.USART_Cmd
                0x08003030       0x1c ..\obj\stm32f10x_usart.o
                0x08003030                USART_Cmd
 .text.USART_ITConfig
                0x0800304c       0x38 ..\obj\stm32f10x_usart.o
                0x0800304c                USART_ITConfig
 .text.USART_SendData
                0x08003084        0x8 ..\obj\stm32f10x_usart.o
                0x08003084                USART_SendData
 .text.USART_ReceiveData
                0x0800308c        0x8 ..\obj\stm32f10x_usart.o
                0x0800308c                USART_ReceiveData
 .text.USART_GetFlagStatus
                0x08003094        0xc ..\obj\stm32f10x_usart.o
                0x08003094                USART_GetFlagStatus
 .text.USART_GetITStatus
                0x080030a0       0x48 ..\obj\stm32f10x_usart.o
                0x080030a0                USART_GetITStatus
 .text.USB_SIL_Init
                0x080030e8       0x24 ..\obj\usb_sil.o
                0x080030e8                USB_SIL_Init
 .text._sbrk    0x0800310c       0x1c ..\obj\syscalls.o
                0x0800310c                _sbrk
 .text._close   0x08003128        0x8 ..\obj\syscalls.o
                0x08003128                _close
 .text._fstat   0x08003130        0xc ..\obj\syscalls.o
                0x08003130                _fstat
 .text._isatty  0x0800313c        0x4 ..\obj\syscalls.o
                0x0800313c                _isatty
 .text._lseek   0x08003140        0x4 ..\obj\syscalls.o
                0x08003140                _lseek
 .text._read    0x08003144        0x4 ..\obj\syscalls.o
                0x08003144                _read
 .text._write   0x08003148       0x1c ..\obj\syscalls.o
                0x08003148                _write
 .text.abort    0x08003164        0x4 ..\obj\syscalls.o
                0x08003164                abort
 .text.USB_LP_CAN1_RX0_IRQHandler
                0x08003168        0x4 ..\obj\stm32_it.o
                0x08003168                USB_LP_CAN1_RX0_IRQHandler
 .text.USBWakeUp_IRQHandler
                0x0800316c        0x8 ..\obj\stm32_it.o
                0x0800316c                USBWakeUp_IRQHandler
 .text.EP1_IN_Callback
                0x08003174        0xc ..\obj\usb_endp.o
                0x08003174                EP1_IN_Callback
 .text.EP3_OUT_Callback
                0x08003180       0x30 ..\obj\usb_endp.o
                0x08003180                EP3_OUT_Callback
 .text.NVIC_PriorityGroupConfig
                0x080031b0       0x14 ..\obj\misc.o
                0x080031b0                NVIC_PriorityGroupConfig
 .text.NVIC_Init
                0x080031c4       0x64 ..\obj\misc.o
                0x080031c4                NVIC_Init
 .text.SPI_Init
                0x08003228       0x40 ..\obj\stm32f10x_spi.o
                0x08003228                SPI_Init
 .text.SPI_StructInit
                0x08003268       0x18 ..\obj\stm32f10x_spi.o
                0x08003268                SPI_StructInit
 .text.SPI_Cmd  0x08003280       0x1c ..\obj\stm32f10x_spi.o
                0x08003280                SPI_Cmd
 .text.SPI_I2S_SendData
                0x0800329c        0x4 ..\obj\stm32f10x_spi.o
                0x0800329c                SPI_I2S_SendData
 .text.SPI_I2S_ReceiveData
                0x080032a0        0x8 ..\obj\stm32f10x_spi.o
                0x080032a0                SPI_I2S_ReceiveData
 .text.SPI_I2S_GetFlagStatus
                0x080032a8        0xc ..\obj\stm32f10x_spi.o
                0x080032a8                SPI_I2S_GetFlagStatus
 .text._ZN7MPU605016writeMemoryBlockEPKhthhbb.constprop.1
                0x080032b4      0x104 ..\obj\MPU6050.o
 .text._ZN7MPU6050C2Ev
                0x080033b8        0x8 ..\obj\MPU6050.o
                0x080033b8                MPU6050::MPU6050()
                0x080033b8                MPU6050::MPU6050()
 .text._ZN7MPU605014testConnectionEv
                0x080033c0       0x34 ..\obj\MPU6050.o
                0x080033c0                MPU6050::testConnection()
 .text._ZN7MPU60507setRateEh
                0x080033f4        0xc ..\obj\MPU6050.o
                0x080033f4                MPU6050::setRate(unsigned char)
 .text._ZN7MPU605020setExternalFrameSyncEh
                0x08003400       0x18 ..\obj\MPU6050.o
                0x08003400                MPU6050::setExternalFrameSync(unsigned char)
 .text._ZN7MPU605011setDLPFModeEh
                0x08003418       0x18 ..\obj\MPU6050.o
                0x08003418                MPU6050::setDLPFMode(unsigned char)
 .text._ZN7MPU605021setFullScaleGyroRangeEh
                0x08003430       0x18 ..\obj\MPU6050.o
                0x08003430                MPU6050::setFullScaleGyroRange(unsigned char)
 .text._ZN7MPU605027setMotionDetectionThresholdEh
                0x08003448        0xc ..\obj\MPU6050.o
                0x08003448                MPU6050::setMotionDetectionThreshold(unsigned char)
 .text._ZN7MPU605026setMotionDetectionDurationEh
                0x08003454        0xc ..\obj\MPU6050.o
                0x08003454                MPU6050::setMotionDetectionDuration(unsigned char)
 .text._ZN7MPU605031setZeroMotionDetectionThresholdEh
                0x08003460        0xc ..\obj\MPU6050.o
                0x08003460                MPU6050::setZeroMotionDetectionThreshold(unsigned char)
 .text._ZN7MPU605030setZeroMotionDetectionDurationEh
                0x0800346c        0xc ..\obj\MPU6050.o
                0x0800346c                MPU6050::setZeroMotionDetectionDuration(unsigned char)
 .text._ZN7MPU605013setIntEnabledEh
                0x08003478        0xc ..\obj\MPU6050.o
                0x08003478                MPU6050::setIntEnabled(unsigned char)
 .text._ZN7MPU605012getIntStatusEv
                0x08003484       0x1c ..\obj\MPU6050.o
                0x08003484                MPU6050::getIntStatus()
 .text._ZN7MPU605014setFIFOEnabledEb
                0x080034a0        0xc ..\obj\MPU6050.o
                0x080034a0                MPU6050::setFIFOEnabled(bool)
 .text._ZN7MPU60509resetFIFOEv
                0x080034ac        0xc ..\obj\MPU6050.o
                0x080034ac                MPU6050::resetFIFO()
 .text._ZN7MPU60505resetEv
                0x080034b8        0xc ..\obj\MPU6050.o
                0x080034b8                MPU6050::reset()
 .text._ZN7MPU605015setSleepEnabledEb
                0x080034c4        0xc ..\obj\MPU6050.o
                0x080034c4                MPU6050::setSleepEnabled(bool)
 .text._ZN7MPU605014setClockSourceEh
                0x080034d0       0x18 ..\obj\MPU6050.o
                0x080034d0                MPU6050::setClockSource(unsigned char)
 .text._ZN7MPU605012getFIFOCountEv
                0x080034e8       0x28 ..\obj\MPU6050.o
                0x080034e8                MPU6050::getFIFOCount()
 .text._ZN7MPU605012getFIFOBytesEPhh
                0x08003510       0x1c ..\obj\MPU6050.o
                0x08003510                MPU6050::getFIFOBytes(unsigned char*, unsigned char)
 .text._ZN7MPU605015getOTPBankValidEv
                0x0800352c       0x24 ..\obj\MPU6050.o
                0x0800352c                MPU6050::getOTPBankValid()
 .text._ZN7MPU605015setOTPBankValidEb
                0x08003550        0xc ..\obj\MPU6050.o
                0x08003550                MPU6050::setOTPBankValid(bool)
 .text._ZN7MPU605016getXGyroOffsetTCEv
                0x0800355c       0x2c ..\obj\MPU6050.o
                0x0800355c                MPU6050::getXGyroOffsetTC()
 .text._ZN7MPU605016setXGyroOffsetTCEa
                0x08003588       0x1c ..\obj\MPU6050.o
                0x08003588                MPU6050::setXGyroOffsetTC(signed char)
 .text._ZN7MPU605016getYGyroOffsetTCEv
                0x080035a4       0x2c ..\obj\MPU6050.o
                0x080035a4                MPU6050::getYGyroOffsetTC()
 .text._ZN7MPU605016setYGyroOffsetTCEa
                0x080035d0       0x1c ..\obj\MPU6050.o
                0x080035d0                MPU6050::setYGyroOffsetTC(signed char)
 .text._ZN7MPU605016getZGyroOffsetTCEv
                0x080035ec       0x2c ..\obj\MPU6050.o
                0x080035ec                MPU6050::getZGyroOffsetTC()
 .text._ZN7MPU605016setZGyroOffsetTCEa
                0x08003618       0x1c ..\obj\MPU6050.o
                0x08003618                MPU6050::setZGyroOffsetTC(signed char)
 .text._ZN7MPU605014setXGyroOffsetEs
                0x08003634        0xc ..\obj\MPU6050.o
                0x08003634                MPU6050::setXGyroOffset(short)
 .text._ZN7MPU605014setYGyroOffsetEs
                0x08003640        0xc ..\obj\MPU6050.o
                0x08003640                MPU6050::setYGyroOffset(short)
 .text._ZN7MPU605014setZGyroOffsetEs
                0x0800364c        0xc ..\obj\MPU6050.o
                0x0800364c                MPU6050::setZGyroOffset(short)
 .text._ZN7MPU605013setDMPEnabledEb
                0x08003658        0xc ..\obj\MPU6050.o
                0x08003658                MPU6050::setDMPEnabled(bool)
 .text._ZN7MPU60508resetDMPEv
                0x08003664        0xc ..\obj\MPU6050.o
                0x08003664                MPU6050::resetDMP()
 .text._ZN7MPU605013setMemoryBankEhbb
                0x08003670       0x1c ..\obj\MPU6050.o
                0x08003670                MPU6050::setMemoryBank(unsigned char, bool, bool)
 .text._ZN7MPU605021setMemoryStartAddressEh
                0x0800368c        0xc ..\obj\MPU6050.o
                0x0800368c                MPU6050::setMemoryStartAddress(unsigned char)
 .text._ZN7MPU605014readMemoryByteEv
                0x08003698       0x1c ..\obj\MPU6050.o
                0x08003698                MPU6050::readMemoryByte()
 .text._ZN7MPU605015readMemoryBlockEPhthh
                0x080036b4       0xb4 ..\obj\MPU6050.o
                0x080036b4                MPU6050::readMemoryBlock(unsigned char*, unsigned short, unsigned char, unsigned char)
 .text._ZN7MPU605016writeMemoryBlockEPKhthhbb
                0x08003768      0x16c ..\obj\MPU6050.o
                0x08003768                MPU6050::writeMemoryBlock(unsigned char const*, unsigned short, unsigned char, unsigned char, bool, bool)
 .text._ZN7MPU605020writeProgMemoryBlockEPKhthhb
                0x080038d4       0x1c ..\obj\MPU6050.o
                0x080038d4                MPU6050::writeProgMemoryBlock(unsigned char const*, unsigned short, unsigned char, unsigned char, bool)
 .text._ZN7MPU605028writeProgDMPConfigurationSetEPKht
                0x080038f0       0xb0 ..\obj\MPU6050.o
                0x080038f0                MPU6050::writeProgDMPConfigurationSet(unsigned char const*, unsigned short)
 .text._ZN7MPU605013setDMPConfig1Eh
                0x080039a0        0xc ..\obj\MPU6050.o
                0x080039a0                MPU6050::setDMPConfig1(unsigned char)
 .text._ZN7MPU605013setDMPConfig2Eh
                0x080039ac        0xc ..\obj\MPU6050.o
                0x080039ac                MPU6050::setDMPConfig2(unsigned char)
 .text.UserToPMABufferCopy
                0x080039b8       0x28 ..\obj\usb_mem.o
                0x080039b8                UserToPMABufferCopy
 .text.PMAToUserBufferCopy
                0x080039e0       0x20 ..\obj\usb_mem.o
                0x080039e0                PMAToUserBufferCopy
 .text.USB_Istr
                0x08003a00      0x160 ..\obj\usb_istr.o
                0x08003a00                USB_Istr
 .text.IWDG_WriteAccessCmd
                0x08003b60        0xc ..\obj\stm32f10x_iwdg.o
                0x08003b60                IWDG_WriteAccessCmd
 .text.IWDG_SetPrescaler
                0x08003b6c        0xc ..\obj\stm32f10x_iwdg.o
                0x08003b6c                IWDG_SetPrescaler
 .text.IWDG_SetReload
                0x08003b78        0xc ..\obj\stm32f10x_iwdg.o
                0x08003b78                IWDG_SetReload
 .text.IWDG_ReloadCounter
                0x08003b84       0x10 ..\obj\stm32f10x_iwdg.o
                0x08003b84                IWDG_ReloadCounter
 .text.IWDG_Enable
                0x08003b94       0x10 ..\obj\stm32f10x_iwdg.o
                0x08003b94                IWDG_Enable
 .text          0x08003ba4      0x370 c:/program files (x86)/gnu tools arm embedded/6 2017-q1-update/bin/../lib/gcc/arm-none-eabi/6.3.1/thumb/v7-m\libgcc.a(_arm_addsubdf3.o)
                0x08003ba4                __aeabi_drsub
                0x08003bac                __aeabi_dsub
                0x08003bac                __subdf3
                0x08003bb0                __aeabi_dadd
                0x08003bb0                __adddf3
                0x08003e28                __floatunsidf
                0x08003e28                __aeabi_ui2d
                0x08003e48                __floatsidf
                0x08003e48                __aeabi_i2d
                0x08003e6c                __aeabi_f2d
                0x08003e6c                __extendsfdf2
                0x08003ea8                __floatundidf
                0x08003ea8                __aeabi_ul2d
                0x08003eb8                __floatdidf
                0x08003eb8                __aeabi_l2d
 .text          0x08003f14      0x424 c:/program files (x86)/gnu tools arm embedded/6 2017-q1-update/bin/../lib/gcc/arm-none-eabi/6.3.1/thumb/v7-m\libgcc.a(_arm_muldivdf3.o)
                0x08003f14                __aeabi_dmul
                0x08003f14                __muldf3
                0x08004168                __divdf3
                0x08004168                __aeabi_ddiv
 .text          0x08004338      0x21c c:/program files (x86)/gnu tools arm embedded/6 2017-q1-update/bin/../lib/gcc/arm-none-eabi/6.3.1/thumb/v7-m\libgcc.a(_arm_addsubsf3.o)
                0x08004338                __aeabi_frsub
                0x08004340                __subsf3
                0x08004340                __aeabi_fsub
                0x08004344                __aeabi_fadd
                0x08004344                __addsf3
                0x080044a4                __aeabi_ui2f
                0x080044a4                __floatunsisf
                0x080044ac                __aeabi_i2f
                0x080044ac                __floatsisf
                0x080044c8                __aeabi_ul2f
                0x080044c8                __floatundisf
                0x080044d8                __aeabi_l2f
                0x080044d8                __floatdisf
 .text          0x08004554      0x2a0 c:/program files (x86)/gnu tools arm embedded/6 2017-q1-update/bin/../lib/gcc/arm-none-eabi/6.3.1/thumb/v7-m\libgcc.a(_arm_muldivsf3.o)
                0x08004554                __mulsf3
                0x08004554                __aeabi_fmul
                0x080046bc                __aeabi_fdiv
                0x080046bc                __divsf3
 .text          0x080047f4       0x40 c:/program files (x86)/gnu tools arm embedded/6 2017-q1-update/bin/../lib/gcc/arm-none-eabi/6.3.1/thumb/v7-m\libgcc.a(_arm_fixunssfsi.o)
                0x080047f4                __fixunssfsi
                0x080047f4                __aeabi_f2uiz
 .text          0x08004834      0x9dc c:/program files (x86)/gnu tools arm embedded/6 2017-q1-update/bin/../lib/gcc/arm-none-eabi/6.3.1/thumb/v7-m\libgcc.a(unwind-arm.o)
                0x08004af8                _Unwind_GetCFA
                0x08004afc                __gnu_Unwind_RaiseException
                0x08004b5c                __gnu_Unwind_ForcedUnwind
                0x08004b70                __gnu_Unwind_Resume
                0x08004bb4                __gnu_Unwind_Resume_or_Rethrow
                0x08004bc8                _Unwind_Complete
                0x08004bcc                _Unwind_DeleteException
                0x08004bd8                _Unwind_VRS_Get
                0x08004c24                _Unwind_VRS_Set
                0x08004c74                __gnu_Unwind_Backtrace
                0x08004fb8                __aeabi_unwind_cpp_pr0
                0x08004fbc                __aeabi_unwind_cpp_pr1
                0x08004fc0                __aeabi_unwind_cpp_pr2
                0x08004fc4                _Unwind_VRS_Pop
 .text          0x08005210      0x1ac c:/program files (x86)/gnu tools arm embedded/6 2017-q1-update/bin/../lib/gcc/arm-none-eabi/6.3.1/thumb/v7-m\libgcc.a(libunwind.o)
                0x08005210                __restore_core_regs
                0x08005210                restore_core_regs
                0x08005228                __gnu_Unwind_Restore_VFP
                0x08005230                __gnu_Unwind_Save_VFP
                0x08005238                __gnu_Unwind_Restore_VFP_D
                0x08005240                __gnu_Unwind_Save_VFP_D
                0x08005248                __gnu_Unwind_Restore_VFP_D_16_to_31
                0x08005250                __gnu_Unwind_Save_VFP_D_16_to_31
                0x08005258                __gnu_Unwind_Restore_WMMXD
                0x0800529c                __gnu_Unwind_Save_WMMXD
                0x080052e0                __gnu_Unwind_Restore_WMMXC
                0x080052f4                __gnu_Unwind_Save_WMMXC
                0x08005308                ___Unwind_RaiseException
                0x08005308                _Unwind_RaiseException
                0x0800532c                _Unwind_Resume
                0x0800532c                ___Unwind_Resume
                0x08005350                _Unwind_Resume_or_Rethrow
                0x08005350                ___Unwind_Resume_or_Rethrow
                0x08005374                _Unwind_ForcedUnwind
                0x08005374                ___Unwind_ForcedUnwind
                0x08005398                ___Unwind_Backtrace
                0x08005398                _Unwind_Backtrace
 .text          0x080053bc      0x384 c:/program files (x86)/gnu tools arm embedded/6 2017-q1-update/bin/../lib/gcc/arm-none-eabi/6.3.1/thumb/v7-m\libgcc.a(pr-support.o)
                0x08005414                __gnu_unwind_execute
                0x080056e4                __gnu_unwind_frame
                0x08005710                _Unwind_GetRegionStart
                0x0800571c                _Unwind_GetLanguageSpecificData
                0x08005730                _Unwind_GetTextRelBase
                0x08005738                _Unwind_GetDataRelBase
 .text.malloc   0x08005740       0x10 c:/program files (x86)/gnu tools arm embedded/6 2017-q1-update/bin/../lib/gcc/arm-none-eabi/6.3.1/../../../../arm-none-eabi/lib/thumb/v7-m\libc.a(lib_a-malloc.o)
                0x08005740                malloc
 .text.free     0x08005750       0x10 c:/program files (x86)/gnu tools arm embedded/6 2017-q1-update/bin/../lib/gcc/arm-none-eabi/6.3.1/../../../../arm-none-eabi/lib/thumb/v7-m\libc.a(lib_a-malloc.o)
                0x08005750                free
 .text._malloc_r
                0x08005760      0x544 c:/program files (x86)/gnu tools arm embedded/6 2017-q1-update/bin/../lib/gcc/arm-none-eabi/6.3.1/../../../../arm-none-eabi/lib/thumb/v7-m\libc.a(lib_a-mallocr.o)
                0x08005760                _malloc_r
 .text.memcmp   0x08005ca4       0x60 c:/program files (x86)/gnu tools arm embedded/6 2017-q1-update/bin/../lib/gcc/arm-none-eabi/6.3.1/../../../../arm-none-eabi/lib/thumb/v7-m\libc.a(lib_a-memcmp.o)
                0x08005ca4                memcmp
 .text          0x08005d04       0xec c:/program files (x86)/gnu tools arm embedded/6 2017-q1-update/bin/../lib/gcc/arm-none-eabi/6.3.1/../../../../arm-none-eabi/lib/thumb/v7-m\libc.a(lib_a-memcpy.o)
                0x08005d04                memcpy
 .text.__malloc_lock
                0x08005df0        0xc c:/program files (x86)/gnu tools arm embedded/6 2017-q1-update/bin/../lib/gcc/arm-none-eabi/6.3.1/../../../../arm-none-eabi/lib/thumb/v7-m\libc.a(lib_a-mlock.o)
                0x08005df0                __malloc_lock
 .text.__malloc_unlock
                0x08005dfc        0xc c:/program files (x86)/gnu tools arm embedded/6 2017-q1-update/bin/../lib/gcc/arm-none-eabi/6.3.1/../../../../arm-none-eabi/lib/thumb/v7-m\libc.a(lib_a-mlock.o)
                0x08005dfc                __malloc_unlock
 .text.printf   0x08005e08       0x28 c:/program files (x86)/gnu tools arm embedded/6 2017-q1-update/bin/../lib/gcc/arm-none-eabi/6.3.1/../../../../arm-none-eabi/lib/thumb/v7-m\libc.a(lib_a-printf.o)
                0x08005e08                printf
 .text._puts_r  0x08005e30       0x9c c:/program files (x86)/gnu tools arm embedded/6 2017-q1-update/bin/../lib/gcc/arm-none-eabi/6.3.1/../../../../arm-none-eabi/lib/thumb/v7-m\libc.a(lib_a-puts.o)
                0x08005e30                _puts_r
 .text.puts     0x08005ecc       0x10 c:/program files (x86)/gnu tools arm embedded/6 2017-q1-update/bin/../lib/gcc/arm-none-eabi/6.3.1/../../../../arm-none-eabi/lib/thumb/v7-m\libc.a(lib_a-puts.o)
                0x08005ecc                puts
 .text.realloc  0x08005edc       0x10 c:/program files (x86)/gnu tools arm embedded/6 2017-q1-update/bin/../lib/gcc/arm-none-eabi/6.3.1/../../../../arm-none-eabi/lib/thumb/v7-m\libc.a(lib_a-realloc.o)
                0x08005edc                realloc
 .text._realloc_r
                0x08005eec      0x36c c:/program files (x86)/gnu tools arm embedded/6 2017-q1-update/bin/../lib/gcc/arm-none-eabi/6.3.1/../../../../arm-none-eabi/lib/thumb/v7-m\libc.a(lib_a-reallocr.o)
                0x08005eec                _realloc_r
 .text._sbrk_r  0x08006258       0x24 c:/program files (x86)/gnu tools arm embedded/6 2017-q1-update/bin/../lib/gcc/arm-none-eabi/6.3.1/../../../../arm-none-eabi/lib/thumb/v7-m\libc.a(lib_a-sbrkr.o)
                0x08006258                _sbrk_r
 .text.setvbuf  0x0800627c      0x190 c:/program files (x86)/gnu tools arm embedded/6 2017-q1-update/bin/../lib/gcc/arm-none-eabi/6.3.1/../../../../arm-none-eabi/lib/thumb/v7-m\libc.a(lib_a-setvbuf.o)
                0x0800627c                setvbuf
 .text.strlen   0x0800640c       0x5c c:/program files (x86)/gnu tools arm embedded/6 2017-q1-update/bin/../lib/gcc/arm-none-eabi/6.3.1/../../../../arm-none-eabi/lib/thumb/v7-m\libc.a(lib_a-strlen-stub.o)
                0x0800640c                strlen
 .text._vfprintf_r
                0x08006468     0x15e4 c:/program files (x86)/gnu tools arm embedded/6 2017-q1-update/bin/../lib/gcc/arm-none-eabi/6.3.1/../../../../arm-none-eabi/lib/thumb/v7-m\libc.a(lib_a-vfprintf.o)
                0x08006468                _vfprintf_r
 .text.__sbprintf
                0x08007a4c       0x88 c:/program files (x86)/gnu tools arm embedded/6 2017-q1-update/bin/../lib/gcc/arm-none-eabi/6.3.1/../../../../arm-none-eabi/lib/thumb/v7-m\libc.a(lib_a-vfprintf.o)
 .text.__swsetup_r
                0x08007ad4       0xc8 c:/program files (x86)/gnu tools arm embedded/6 2017-q1-update/bin/../lib/gcc/arm-none-eabi/6.3.1/../../../../arm-none-eabi/lib/thumb/v7-m\libc.a(lib_a-wsetup.o)
                0x08007ad4                __swsetup_r
 .text.quorem   0x08007b9c      0x128 c:/program files (x86)/gnu tools arm embedded/6 2017-q1-update/bin/../lib/gcc/arm-none-eabi/6.3.1/../../../../arm-none-eabi/lib/thumb/v7-m\libc.a(lib_a-dtoa.o)
 *fill*         0x08007cc4        0x4 
 .text._dtoa_r  0x08007cc8      0xe44 c:/program files (x86)/gnu tools arm embedded/6 2017-q1-update/bin/../lib/gcc/arm-none-eabi/6.3.1/../../../../arm-none-eabi/lib/thumb/v7-m\libc.a(lib_a-dtoa.o)
                0x08007cc8                _dtoa_r
 .text.__sflush_r
                0x08008b0c      0x138 c:/program files (x86)/gnu tools arm embedded/6 2017-q1-update/bin/../lib/gcc/arm-none-eabi/6.3.1/../../../../arm-none-eabi/lib/thumb/v7-m\libc.a(lib_a-fflush.o)
                0x08008b0c                __sflush_r
 .text._fflush_r
                0x08008c44       0x54 c:/program files (x86)/gnu tools arm embedded/6 2017-q1-update/bin/../lib/gcc/arm-none-eabi/6.3.1/../../../../arm-none-eabi/lib/thumb/v7-m\libc.a(lib_a-fflush.o)
                0x08008c44                _fflush_r
 .text._cleanup_r
                0x08008c98        0xc c:/program files (x86)/gnu tools arm embedded/6 2017-q1-update/bin/../lib/gcc/arm-none-eabi/6.3.1/../../../../arm-none-eabi/lib/thumb/v7-m\libc.a(lib_a-findfp.o)
                0x08008c98                _cleanup_r
 .text.std.isra.0
                0x08008ca4       0x50 c:/program files (x86)/gnu tools arm embedded/6 2017-q1-update/bin/../lib/gcc/arm-none-eabi/6.3.1/../../../../arm-none-eabi/lib/thumb/v7-m\libc.a(lib_a-findfp.o)
 .text.__sinit  0x08008cf4       0x60 c:/program files (x86)/gnu tools arm embedded/6 2017-q1-update/bin/../lib/gcc/arm-none-eabi/6.3.1/../../../../arm-none-eabi/lib/thumb/v7-m\libc.a(lib_a-findfp.o)
                0x08008cf4                __sinit
 .text.__sfp_lock_acquire
                0x08008d54        0xc c:/program files (x86)/gnu tools arm embedded/6 2017-q1-update/bin/../lib/gcc/arm-none-eabi/6.3.1/../../../../arm-none-eabi/lib/thumb/v7-m\libc.a(lib_a-findfp.o)
                0x08008d54                __sfp_lock_acquire
 .text.__sfp_lock_release
                0x08008d60        0xc c:/program files (x86)/gnu tools arm embedded/6 2017-q1-update/bin/../lib/gcc/arm-none-eabi/6.3.1/../../../../arm-none-eabi/lib/thumb/v7-m\libc.a(lib_a-findfp.o)
                0x08008d60                __sfp_lock_release
 .text._malloc_trim_r
                0x08008d6c       0xa0 c:/program files (x86)/gnu tools arm embedded/6 2017-q1-update/bin/../lib/gcc/arm-none-eabi/6.3.1/../../../../arm-none-eabi/lib/thumb/v7-m\libc.a(lib_a-freer.o)
                0x08008d6c                _malloc_trim_r
 .text._free_r  0x08008e0c      0x1cc c:/program files (x86)/gnu tools arm embedded/6 2017-q1-update/bin/../lib/gcc/arm-none-eabi/6.3.1/../../../../arm-none-eabi/lib/thumb/v7-m\libc.a(lib_a-freer.o)
                0x08008e0c                _free_r
 .text.__sfvwrite_r
                0x08008fd8      0x2f4 c:/program files (x86)/gnu tools arm embedded/6 2017-q1-update/bin/../lib/gcc/arm-none-eabi/6.3.1/../../../../arm-none-eabi/lib/thumb/v7-m\libc.a(lib_a-fvwrite.o)
                0x08008fd8                __sfvwrite_r
 .text._fwalk_reent
                0x080092cc       0x50 c:/program files (x86)/gnu tools arm embedded/6 2017-q1-update/bin/../lib/gcc/arm-none-eabi/6.3.1/../../../../arm-none-eabi/lib/thumb/v7-m\libc.a(lib_a-fwalk.o)
                0x080092cc                _fwalk_reent
 .text._localeconv_r
                0x0800931c       0x1c c:/program files (x86)/gnu tools arm embedded/6 2017-q1-update/bin/../lib/gcc/arm-none-eabi/6.3.1/../../../../arm-none-eabi/lib/thumb/v7-m\libc.a(lib_a-localeconv.o)
                0x0800931c                _localeconv_r
 .text.__retarget_lock_init_recursive
                0x08009338        0x4 c:/program files (x86)/gnu tools arm embedded/6 2017-q1-update/bin/../lib/gcc/arm-none-eabi/6.3.1/../../../../arm-none-eabi/lib/thumb/v7-m\libc.a(lib_a-lock.o)
                0x08009338                __retarget_lock_init_recursive
 .text.__retarget_lock_close_recursive
                0x0800933c        0x4 c:/program files (x86)/gnu tools arm embedded/6 2017-q1-update/bin/../lib/gcc/arm-none-eabi/6.3.1/../../../../arm-none-eabi/lib/thumb/v7-m\libc.a(lib_a-lock.o)
                0x0800933c                __retarget_lock_close_recursive
 .text.__retarget_lock_acquire_recursive
                0x08009340        0x4 c:/program files (x86)/gnu tools arm embedded/6 2017-q1-update/bin/../lib/gcc/arm-none-eabi/6.3.1/../../../../arm-none-eabi/lib/thumb/v7-m\libc.a(lib_a-lock.o)
                0x08009340                __retarget_lock_acquire_recursive
 .text.__retarget_lock_release_recursive
                0x08009344        0x4 c:/program files (x86)/gnu tools arm embedded/6 2017-q1-update/bin/../lib/gcc/arm-none-eabi/6.3.1/../../../../arm-none-eabi/lib/thumb/v7-m\libc.a(lib_a-lock.o)
                0x08009344                __retarget_lock_release_recursive
 .text.__swhatbuf_r
                0x08009348       0x5c c:/program files (x86)/gnu tools arm embedded/6 2017-q1-update/bin/../lib/gcc/arm-none-eabi/6.3.1/../../../../arm-none-eabi/lib/thumb/v7-m\libc.a(lib_a-makebuf.o)
                0x08009348                __swhatbuf_r
 .text.__smakebuf_r
                0x080093a4       0x94 c:/program files (x86)/gnu tools arm embedded/6 2017-q1-update/bin/../lib/gcc/arm-none-eabi/6.3.1/../../../../arm-none-eabi/lib/thumb/v7-m\libc.a(lib_a-makebuf.o)
                0x080093a4                __smakebuf_r
 .text.memchr   0x08009438       0x8c c:/program files (x86)/gnu tools arm embedded/6 2017-q1-update/bin/../lib/gcc/arm-none-eabi/6.3.1/../../../../arm-none-eabi/lib/thumb/v7-m\libc.a(lib_a-memchr-stub.o)
                0x08009438                memchr
 .text.memmove  0x080094c4       0xc8 c:/program files (x86)/gnu tools arm embedded/6 2017-q1-update/bin/../lib/gcc/arm-none-eabi/6.3.1/../../../../arm-none-eabi/lib/thumb/v7-m\libc.a(lib_a-memmove.o)
                0x080094c4                memmove
 .text.memset   0x0800958c       0x9c c:/program files (x86)/gnu tools arm embedded/6 2017-q1-update/bin/../lib/gcc/arm-none-eabi/6.3.1/../../../../arm-none-eabi/lib/thumb/v7-m\libc.a(lib_a-memset.o)
                0x0800958c                memset
 .text._Balloc  0x08009628       0x4c c:/program files (x86)/gnu tools arm embedded/6 2017-q1-update/bin/../lib/gcc/arm-none-eabi/6.3.1/../../../../arm-none-eabi/lib/thumb/v7-m\libc.a(lib_a-mprec.o)
                0x08009628                _Balloc
 .text._Bfree   0x08009674       0x14 c:/program files (x86)/gnu tools arm embedded/6 2017-q1-update/bin/../lib/gcc/arm-none-eabi/6.3.1/../../../../arm-none-eabi/lib/thumb/v7-m\libc.a(lib_a-mprec.o)
                0x08009674                _Bfree
 .text.__multadd
                0x08009688       0x84 c:/program files (x86)/gnu tools arm embedded/6 2017-q1-update/bin/../lib/gcc/arm-none-eabi/6.3.1/../../../../arm-none-eabi/lib/thumb/v7-m\libc.a(lib_a-mprec.o)
                0x08009688                __multadd
 .text.__hi0bits
                0x0800970c       0x40 c:/program files (x86)/gnu tools arm embedded/6 2017-q1-update/bin/../lib/gcc/arm-none-eabi/6.3.1/../../../../arm-none-eabi/lib/thumb/v7-m\libc.a(lib_a-mprec.o)
                0x0800970c                __hi0bits
 .text.__lo0bits
                0x0800974c       0x60 c:/program files (x86)/gnu tools arm embedded/6 2017-q1-update/bin/../lib/gcc/arm-none-eabi/6.3.1/../../../../arm-none-eabi/lib/thumb/v7-m\libc.a(lib_a-mprec.o)
                0x0800974c                __lo0bits
 .text.__i2b    0x080097ac       0x14 c:/program files (x86)/gnu tools arm embedded/6 2017-q1-update/bin/../lib/gcc/arm-none-eabi/6.3.1/../../../../arm-none-eabi/lib/thumb/v7-m\libc.a(lib_a-mprec.o)
                0x080097ac                __i2b
 .text.__multiply
                0x080097c0      0x124 c:/program files (x86)/gnu tools arm embedded/6 2017-q1-update/bin/../lib/gcc/arm-none-eabi/6.3.1/../../../../arm-none-eabi/lib/thumb/v7-m\libc.a(lib_a-mprec.o)
                0x080097c0                __multiply
 .text.__pow5mult
                0x080098e4       0xa0 c:/program files (x86)/gnu tools arm embedded/6 2017-q1-update/bin/../lib/gcc/arm-none-eabi/6.3.1/../../../../arm-none-eabi/lib/thumb/v7-m\libc.a(lib_a-mprec.o)
                0x080098e4                __pow5mult
 .text.__lshift
                0x08009984       0xa0 c:/program files (x86)/gnu tools arm embedded/6 2017-q1-update/bin/../lib/gcc/arm-none-eabi/6.3.1/../../../../arm-none-eabi/lib/thumb/v7-m\libc.a(lib_a-mprec.o)
                0x08009984                __lshift
 .text.__mcmp   0x08009a24       0x38 c:/program files (x86)/gnu tools arm embedded/6 2017-q1-update/bin/../lib/gcc/arm-none-eabi/6.3.1/../../../../arm-none-eabi/lib/thumb/v7-m\libc.a(lib_a-mprec.o)
                0x08009a24                __mcmp
 .text.__mdiff  0x08009a5c      0x11c c:/program files (x86)/gnu tools arm embedded/6 2017-q1-update/bin/../lib/gcc/arm-none-eabi/6.3.1/../../../../arm-none-eabi/lib/thumb/v7-m\libc.a(lib_a-mprec.o)
                0x08009a5c                __mdiff
 .text.__d2b    0x08009b78       0xa8 c:/program files (x86)/gnu tools arm embedded/6 2017-q1-update/bin/../lib/gcc/arm-none-eabi/6.3.1/../../../../arm-none-eabi/lib/thumb/v7-m\libc.a(lib_a-mprec.o)
                0x08009b78                __d2b
 .text.__sread  0x08009c20       0x24 c:/program files (x86)/gnu tools arm embedded/6 2017-q1-update/bin/../lib/gcc/arm-none-eabi/6.3.1/../../../../arm-none-eabi/lib/thumb/v7-m\libc.a(lib_a-stdio.o)
                0x08009c20                __sread
 .text.__swrite
                0x08009c44       0x3c c:/program files (x86)/gnu tools arm embedded/6 2017-q1-update/bin/../lib/gcc/arm-none-eabi/6.3.1/../../../../arm-none-eabi/lib/thumb/v7-m\libc.a(lib_a-stdio.o)
                0x08009c44                __swrite
 .text.__sseek  0x08009c80       0x20 c:/program files (x86)/gnu tools arm embedded/6 2017-q1-update/bin/../lib/gcc/arm-none-eabi/6.3.1/../../../../arm-none-eabi/lib/thumb/v7-m\libc.a(lib_a-stdio.o)
                0x08009c80                __sseek
 .text.__sclose
                0x08009ca0        0x8 c:/program files (x86)/gnu tools arm embedded/6 2017-q1-update/bin/../lib/gcc/arm-none-eabi/6.3.1/../../../../arm-none-eabi/lib/thumb/v7-m\libc.a(lib_a-stdio.o)
                0x08009ca0                __sclose
 .text.__sprint_r.part.0
                0x08009ca8       0x80 c:/program files (x86)/gnu tools arm embedded/6 2017-q1-update/bin/../lib/gcc/arm-none-eabi/6.3.1/../../../../arm-none-eabi/lib/thumb/v7-m\libc.a(lib_a-vfiprintf.o)
 .text.__sprint_r
                0x08009d28       0x14 c:/program files (x86)/gnu tools arm embedded/6 2017-q1-update/bin/../lib/gcc/arm-none-eabi/6.3.1/../../../../arm-none-eabi/lib/thumb/v7-m\libc.a(lib_a-vfiprintf.o)
                0x08009d28                __sprint_r
 .text._write_r
                0x08009d3c       0x2c c:/program files (x86)/gnu tools arm embedded/6 2017-q1-update/bin/../lib/gcc/arm-none-eabi/6.3.1/../../../../arm-none-eabi/lib/thumb/v7-m\libc.a(lib_a-writer.o)
                0x08009d3c                _write_r
 .text._calloc_r
                0x08009d68       0x60 c:/program files (x86)/gnu tools arm embedded/6 2017-q1-update/bin/../lib/gcc/arm-none-eabi/6.3.1/../../../../arm-none-eabi/lib/thumb/v7-m\libc.a(lib_a-callocr.o)
                0x08009d68                _calloc_r
 .text._close_r
                0x08009dc8       0x24 c:/program files (x86)/gnu tools arm embedded/6 2017-q1-update/bin/../lib/gcc/arm-none-eabi/6.3.1/../../../../arm-none-eabi/lib/thumb/v7-m\libc.a(lib_a-closer.o)
                0x08009dc8                _close_r
 .text._fclose_r
                0x08009dec       0xc4 c:/program files (x86)/gnu tools arm embedded/6 2017-q1-update/bin/../lib/gcc/arm-none-eabi/6.3.1/../../../../arm-none-eabi/lib/thumb/v7-m\libc.a(lib_a-fclose.o)
                0x08009dec                _fclose_r
 .text.__fputwc
                0x08009eb0       0x98 c:/program files (x86)/gnu tools arm embedded/6 2017-q1-update/bin/../lib/gcc/arm-none-eabi/6.3.1/../../../../arm-none-eabi/lib/thumb/v7-m\libc.a(lib_a-fputwc.o)
                0x08009eb0                __fputwc
 .text._fputwc_r
                0x08009f48       0x68 c:/program files (x86)/gnu tools arm embedded/6 2017-q1-update/bin/../lib/gcc/arm-none-eabi/6.3.1/../../../../arm-none-eabi/lib/thumb/v7-m\libc.a(lib_a-fputwc.o)
                0x08009f48                _fputwc_r
 .text._fstat_r
                0x08009fb0       0x28 c:/program files (x86)/gnu tools arm embedded/6 2017-q1-update/bin/../lib/gcc/arm-none-eabi/6.3.1/../../../../arm-none-eabi/lib/thumb/v7-m\libc.a(lib_a-fstatr.o)
                0x08009fb0                _fstat_r
 .text._isatty_r
                0x08009fd8       0x24 c:/program files (x86)/gnu tools arm embedded/6 2017-q1-update/bin/../lib/gcc/arm-none-eabi/6.3.1/../../../../arm-none-eabi/lib/thumb/v7-m\libc.a(lib_a-isattyr.o)
                0x08009fd8                _isatty_r
 .text.__locale_mb_cur_max
                0x08009ffc       0x1c c:/program files (x86)/gnu tools arm embedded/6 2017-q1-update/bin/../lib/gcc/arm-none-eabi/6.3.1/../../../../arm-none-eabi/lib/thumb/v7-m\libc.a(lib_a-locale.o)
                0x08009ffc                __locale_mb_cur_max
 .text._lseek_r
                0x0800a018       0x2c c:/program files (x86)/gnu tools arm embedded/6 2017-q1-update/bin/../lib/gcc/arm-none-eabi/6.3.1/../../../../arm-none-eabi/lib/thumb/v7-m\libc.a(lib_a-lseekr.o)
                0x0800a018                _lseek_r
 .text.__ascii_mbtowc
                0x0800a044       0x2c c:/program files (x86)/gnu tools arm embedded/6 2017-q1-update/bin/../lib/gcc/arm-none-eabi/6.3.1/../../../../arm-none-eabi/lib/thumb/v7-m\libc.a(lib_a-mbtowc_r.o)
                0x0800a044                __ascii_mbtowc
 .text._read_r  0x0800a070       0x2c c:/program files (x86)/gnu tools arm embedded/6 2017-q1-update/bin/../lib/gcc/arm-none-eabi/6.3.1/../../../../arm-none-eabi/lib/thumb/v7-m\libc.a(lib_a-readr.o)
                0x0800a070                _read_r
 .text.__swbuf_r
                0x0800a09c       0xb0 c:/program files (x86)/gnu tools arm embedded/6 2017-q1-update/bin/../lib/gcc/arm-none-eabi/6.3.1/../../../../arm-none-eabi/lib/thumb/v7-m\libc.a(lib_a-wbuf.o)
                0x0800a09c                __swbuf_r
 .text._wcrtomb_r
                0x0800a14c       0x54 c:/program files (x86)/gnu tools arm embedded/6 2017-q1-update/bin/../lib/gcc/arm-none-eabi/6.3.1/../../../../arm-none-eabi/lib/thumb/v7-m\libc.a(lib_a-wcrtomb.o)
                0x0800a14c                _wcrtomb_r
 .text.__ascii_wctomb
                0x0800a1a0       0x18 c:/program files (x86)/gnu tools arm embedded/6 2017-q1-update/bin/../lib/gcc/arm-none-eabi/6.3.1/../../../../arm-none-eabi/lib/thumb/v7-m\libc.a(lib_a-wctomb_r.o)
                0x0800a1a0                __ascii_wctomb
 .text          0x0800a1b8      0x110 c:/program files (x86)/gnu tools arm embedded/6 2017-q1-update/bin/../lib/gcc/arm-none-eabi/6.3.1/thumb/v7-m\libgcc.a(_arm_cmpdf2.o)
                0x0800a1b8                __gtdf2
                0x0800a1b8                __gedf2
                0x0800a1c0                __ltdf2
                0x0800a1c0                __ledf2
                0x0800a1c8                __nedf2
                0x0800a1c8                __eqdf2
                0x0800a1c8                __cmpdf2
                0x0800a244                __aeabi_cdrcmple
                0x0800a254                __aeabi_cdcmpeq
                0x0800a254                __aeabi_cdcmple
                0x0800a264                __aeabi_dcmpeq
                0x0800a278                __aeabi_dcmplt
                0x0800a28c                __aeabi_dcmple
                0x0800a2a0                __aeabi_dcmpge
                0x0800a2b4                __aeabi_dcmpgt
 .text          0x0800a2c8       0x2c c:/program files (x86)/gnu tools arm embedded/6 2017-q1-update/bin/../lib/gcc/arm-none-eabi/6.3.1/thumb/v7-m\libgcc.a(_arm_unorddf2.o)
                0x0800a2c8                __unorddf2
                0x0800a2c8                __aeabi_dcmpun
 .text          0x0800a2f4       0x50 c:/program files (x86)/gnu tools arm embedded/6 2017-q1-update/bin/../lib/gcc/arm-none-eabi/6.3.1/thumb/v7-m\libgcc.a(_arm_fixdfsi.o)
                0x0800a2f4                __aeabi_d2iz
                0x0800a2f4                __fixdfsi
 .text          0x0800a344       0x30 c:/program files (x86)/gnu tools arm embedded/6 2017-q1-update/bin/../lib/gcc/arm-none-eabi/6.3.1/thumb/v7-m\libgcc.a(_aeabi_uldivmod.o)
                0x0800a344                __aeabi_uldivmod
 .text          0x0800a374      0x2dc c:/program files (x86)/gnu tools arm embedded/6 2017-q1-update/bin/../lib/gcc/arm-none-eabi/6.3.1/thumb/v7-m\libgcc.a(_udivmoddi4.o)
                0x0800a374                __udivmoddi4
 .text          0x0800a650        0x4 c:/program files (x86)/gnu tools arm embedded/6 2017-q1-update/bin/../lib/gcc/arm-none-eabi/6.3.1/thumb/v7-m\libgcc.a(_dvmd_tls.o)
                0x0800a650                __aeabi_idiv0
                0x0800a650                __aeabi_ldiv0
 *(.init)
 *(.fini)
 *crtbegin.o(.ctors)
 *crtbegin?.o(.ctors)
 *(EXCLUDE_FILE(*crtend.o *crtend?.o) .ctors)
 *(SORT(.ctors.*))
 *(.ctors)
 *crtbegin.o(.dtors)
 *crtbegin?.o(.dtors)
 *(EXCLUDE_FILE(*crtend.o *crtend?.o) .dtors)
 *(SORT(.dtors.*))
 *(.dtors)
 *(.rodata*)
 .rodata        0x0800a654      0x87b ..\obj\imu.o
 *fill*         0x0800aecf        0x1 
 .rodata        0x0800aed0       0xb6 ..\obj\usb_desc.o
                0x0800aed0                Virtual_Com_Port_StringProduct
                0x0800af04                Virtual_Com_Port_StringVendor
                0x0800af2c                Virtual_Com_Port_StringLangID
                0x0800af30                Virtual_Com_Port_ConfigDescriptor
                0x0800af74                Virtual_Com_Port_DeviceDescriptor
 *fill*         0x0800af86        0x2 
 .rodata.str1.4
                0x0800af88       0x1a ..\obj\log.o
 *fill*         0x0800afa2        0x2 
 .rodata._puts_r.str1.4
                0x0800afa4        0x2 c:/program files (x86)/gnu tools arm embedded/6 2017-q1-update/bin/../lib/gcc/arm-none-eabi/6.3.1/../../../../arm-none-eabi/lib/thumb/v7-m\libc.a(lib_a-puts.o)
 *fill*         0x0800afa6        0x2 
 .rodata._vfprintf_r.str1.4
                0x0800afa8       0x42 c:/program files (x86)/gnu tools arm embedded/6 2017-q1-update/bin/../lib/gcc/arm-none-eabi/6.3.1/../../../../arm-none-eabi/lib/thumb/v7-m\libc.a(lib_a-vfprintf.o)
 *fill*         0x0800afea        0x2 
 .rodata.blanks.7243
                0x0800afec       0x10 c:/program files (x86)/gnu tools arm embedded/6 2017-q1-update/bin/../lib/gcc/arm-none-eabi/6.3.1/../../../../arm-none-eabi/lib/thumb/v7-m\libc.a(lib_a-vfprintf.o)
 .rodata.zeroes.7244
                0x0800affc       0x10 c:/program files (x86)/gnu tools arm embedded/6 2017-q1-update/bin/../lib/gcc/arm-none-eabi/6.3.1/../../../../arm-none-eabi/lib/thumb/v7-m\libc.a(lib_a-vfprintf.o)
 .rodata._dtoa_r.str1.4
                0x0800b00c       0x10 c:/program files (x86)/gnu tools arm embedded/6 2017-q1-update/bin/../lib/gcc/arm-none-eabi/6.3.1/../../../../arm-none-eabi/lib/thumb/v7-m\libc.a(lib_a-dtoa.o)
                                 0x12 (size before relaxing)
 *fill*         0x0800b01c        0x4 
 .rodata.__mprec_bigtens
                0x0800b020       0x28 c:/program files (x86)/gnu tools arm embedded/6 2017-q1-update/bin/../lib/gcc/arm-none-eabi/6.3.1/../../../../arm-none-eabi/lib/thumb/v7-m\libc.a(lib_a-mprec.o)
                0x0800b020                __mprec_bigtens
 .rodata.__mprec_tens
                0x0800b048       0xc8 c:/program files (x86)/gnu tools arm embedded/6 2017-q1-update/bin/../lib/gcc/arm-none-eabi/6.3.1/../../../../arm-none-eabi/lib/thumb/v7-m\libc.a(lib_a-mprec.o)
                0x0800b048                __mprec_tens
 .rodata.p05.6060
                0x0800b110        0xc c:/program files (x86)/gnu tools arm embedded/6 2017-q1-update/bin/../lib/gcc/arm-none-eabi/6.3.1/../../../../arm-none-eabi/lib/thumb/v7-m\libc.a(lib_a-mprec.o)
 .rodata._setlocale_r.str1.4
                0x0800b11c        0xa c:/program files (x86)/gnu tools arm embedded/6 2017-q1-update/bin/../lib/gcc/arm-none-eabi/6.3.1/../../../../arm-none-eabi/lib/thumb/v7-m\libc.a(lib_a-locale.o)
                                  0xd (size before relaxing)
 *fill*         0x0800b126        0x2 
 .rodata.str1.4
                0x0800b128        0x4 c:/program files (x86)/gnu tools arm embedded/6 2017-q1-update/bin/../lib/gcc/arm-none-eabi/6.3.1/../../../../arm-none-eabi/lib/thumb/v7-m\libc.a(lib_a-locale.o)
                                  0x2 (size before relaxing)
 .rodata._ctype_
                0x0800b12c      0x101 c:/program files (x86)/gnu tools arm embedded/6 2017-q1-update/bin/../lib/gcc/arm-none-eabi/6.3.1/../../../../arm-none-eabi/lib/thumb/v7-m\libc.a(lib_a-ctype_.o)
                0x0800b12c                _ctype_
 *(.eh_fram e*)

.glue_7         0x0800b230        0x0
 .glue_7        0x0800b230        0x0 linker stubs

.glue_7t        0x0800b230        0x0
 .glue_7t       0x0800b230        0x0 linker stubs

.vfp11_veneer   0x0800b230        0x0
 .vfp11_veneer  0x0800b230        0x0 linker stubs

.v4_bx          0x0800b230        0x0
 .v4_bx         0x0800b230        0x0 linker stubs

.iplt           0x0800b230        0x0
 .iplt          0x0800b230        0x0 ..\obj\usb_core.o

.ARM.extab      0x0800b230       0x24
 *(.ARM.extab* .gnu.linkonce.armextab.*)
 .ARM.extab.text._Z12mpu_deselectv
                0x0800b230        0xc ..\obj\imu.o
 .ARM.extab     0x0800b23c       0x18 c:/program files (x86)/gnu tools arm embedded/6 2017-q1-update/bin/../lib/gcc/arm-none-eabi/6.3.1/thumb/v7-m\libgcc.a(pr-support.o)
                0x0800b254                __exidx_start = .

.ARM.exidx      0x0800b254      0x288
 *(.ARM.exidx* .gnu.linkonce.armexidx.*)
 .ARM.exidx.text.SysTick_Handler
                0x0800b254        0x8 ..\obj\delay.o
 .ARM.exidx.text._Z10delay_initv
                0x0800b25c        0x8 ..\obj\delay.o
 .ARM.exidx.text._Z8delay_msm
                0x0800b264        0x8 ..\obj\delay.o
 .ARM.exidx.text._Z8delay_usf
                0x0800b26c        0x0 ..\obj\delay.o
                                  0x8 (size before relaxing)
 .ARM.exidx.text._ZN7MPU605013dmpInitializeEv
                0x0800b26c        0x8 ..\obj\imu.o
 .ARM.exidx.text._Z10mpu_selectv
                0x0800b274        0x8 ..\obj\imu.o
 .ARM.exidx.text._Z12mpu_deselectv
                0x0800b27c        0x8 ..\obj\imu.o
 .ARM.exidx.text._Z8spi_sendh
                0x0800b284        0x8 ..\obj\imu.o
 .ARM.exidx.text._Z8imu_initv
                0x0800b28c        0x8 ..\obj\imu.o
 .ARM.exidx.text.EXTI3_IRQHandler
                0x0800b294        0x8 ..\obj\imu.o
 .ARM.exidx.text.startup._GLOBAL__sub_I__ZN7MPU605013dmpInitializeEv
                0x0800b29c        0x8 ..\obj\imu.o
 .ARM.exidx.text._Z13receiver_initv
                0x0800b2a4        0x8 ..\obj\receiver.o
 .ARM.exidx.text.USART1_IRQHandler
                0x0800b2ac       0x10 ..\obj\receiver.o
                                  0x8 (size before relaxing)
 .ARM.exidx.text._Z8tim_initv
                0x0800b2bc        0x8 ..\obj\pwm.o
 .ARM.exidx.text._Z14TIM_IRQHandlerv
                0x0800b2c4        0x8 ..\obj\pwm.o
 .ARM.exidx.text.TIM2_IRQHandler
                0x0800b2cc        0x8 ..\obj\pwm.o
 .ARM.exidx.text.TIM3_IRQHandler
                0x0800b2d4        0x0 ..\obj\pwm.o
                                  0x8 (size before relaxing)
 .ARM.exidx.text.TIM4_IRQHandler
                0x0800b2d4        0x0 ..\obj\pwm.o
                                  0x8 (size before relaxing)
 .ARM.exidx.text._Z8pwm_initv
                0x0800b2d4       0x10 ..\obj\pwm.o
                                  0x8 (size before relaxing)
 .ARM.exidx.text._ZN6I2Cdev7readBitEhhhPht
                0x0800b2e4        0x8 ..\obj\I2Cdev.o
 .ARM.exidx.text._ZN6I2Cdev8readBitsEhhhhPht
                0x0800b2ec        0x8 ..\obj\I2Cdev.o
 .ARM.exidx.text._ZN6I2Cdev8readByteEhhPht
                0x0800b2f4        0x8 ..\obj\I2Cdev.o
 .ARM.exidx.text._ZN6I2Cdev9readBytesEhhhPht
                0x0800b2fc        0x8 ..\obj\I2Cdev.o
 .ARM.exidx.text._ZN6I2Cdev8writeBitEhhhh
                0x0800b304        0x8 ..\obj\I2Cdev.o
 .ARM.exidx.text._ZN6I2Cdev9writeBitsEhhhhh
                0x0800b30c        0x8 ..\obj\I2Cdev.o
 .ARM.exidx.text._ZN6I2Cdev9writeByteEhhh
                0x0800b314        0x8 ..\obj\I2Cdev.o
 .ARM.exidx.text._ZN6I2Cdev9writeWordEhht
                0x0800b31c        0x0 ..\obj\I2Cdev.o
                                  0x8 (size before relaxing)
 .ARM.exidx.text._ZN6I2Cdev10writeBytesEhhhPh
                0x0800b31c       0x10 ..\obj\I2Cdev.o
                                  0x8 (size before relaxing)
 .ARM.exidx.text._Z8led_initv
                0x0800b32c        0x8 ..\obj\main.o
 .ARM.exidx.text.startup.main
                0x0800b334       0x10 ..\obj\main.o
                                  0x8 (size before relaxing)
 .ARM.exidx.text._Z5log_1t
                0x0800b344        0x8 ..\obj\log.o
 .ARM.exidx.text._Z5log_1f
                0x0800b34c        0x8 ..\obj\log.o
 .ARM.exidx.text._Z8log_syncv
                0x0800b354        0x8 ..\obj\log.o
 .ARM.exidx.text._Z8log_initv
                0x0800b35c       0x10 ..\obj\log.o
                                  0x8 (size before relaxing)
 .ARM.exidx.text._ZN7MPU605016writeMemoryBlockEPKhthhbb.constprop.1
                0x0800b36c        0x8 ..\obj\MPU6050.o
 .ARM.exidx.text._ZN7MPU6050C2Ev
                0x0800b374        0x8 ..\obj\MPU6050.o
 .ARM.exidx.text._ZN7MPU605014testConnectionEv
                0x0800b37c        0x8 ..\obj\MPU6050.o
 .ARM.exidx.text._ZN7MPU60507setRateEh
                0x0800b384        0x8 ..\obj\MPU6050.o
 .ARM.exidx.text._ZN7MPU605020setExternalFrameSyncEh
                0x0800b38c        0x8 ..\obj\MPU6050.o
 .ARM.exidx.text._ZN7MPU605011setDLPFModeEh
                0x0800b394        0x0 ..\obj\MPU6050.o
                                  0x8 (size before relaxing)
 .ARM.exidx.text._ZN7MPU605021setFullScaleGyroRangeEh
                0x0800b394        0x0 ..\obj\MPU6050.o
                                  0x8 (size before relaxing)
 .ARM.exidx.text._ZN7MPU605027setMotionDetectionThresholdEh
                0x0800b394        0x8 ..\obj\MPU6050.o
 .ARM.exidx.text._ZN7MPU605026setMotionDetectionDurationEh
                0x0800b39c        0x0 ..\obj\MPU6050.o
                                  0x8 (size before relaxing)
 .ARM.exidx.text._ZN7MPU605031setZeroMotionDetectionThresholdEh
                0x0800b39c        0x0 ..\obj\MPU6050.o
                                  0x8 (size before relaxing)
 .ARM.exidx.text._ZN7MPU605030setZeroMotionDetectionDurationEh
                0x0800b39c        0x0 ..\obj\MPU6050.o
                                  0x8 (size before relaxing)
 .ARM.exidx.text._ZN7MPU605013setIntEnabledEh
                0x0800b39c        0x0 ..\obj\MPU6050.o
                                  0x8 (size before relaxing)
 .ARM.exidx.text._ZN7MPU605012getIntStatusEv
                0x0800b39c        0x8 ..\obj\MPU6050.o
 .ARM.exidx.text._ZN7MPU605014setFIFOEnabledEb
                0x0800b3a4        0x8 ..\obj\MPU6050.o
 .ARM.exidx.text._ZN7MPU60509resetFIFOEv
                0x0800b3ac        0x0 ..\obj\MPU6050.o
                                  0x8 (size before relaxing)
 .ARM.exidx.text._ZN7MPU60505resetEv
                0x0800b3ac        0x0 ..\obj\MPU6050.o
                                  0x8 (size before relaxing)
 .ARM.exidx.text._ZN7MPU605015setSleepEnabledEb
                0x0800b3ac        0x0 ..\obj\MPU6050.o
                                  0x8 (size before relaxing)
 .ARM.exidx.text._ZN7MPU605014setClockSourceEh
                0x0800b3ac        0x8 ..\obj\MPU6050.o
 .ARM.exidx.text._ZN7MPU605012getFIFOCountEv
                0x0800b3b4        0x8 ..\obj\MPU6050.o
 .ARM.exidx.text._ZN7MPU605012getFIFOBytesEPhh
                0x0800b3bc        0x0 ..\obj\MPU6050.o
                                  0x8 (size before relaxing)
 .ARM.exidx.text._ZN7MPU605015getOTPBankValidEv
                0x0800b3bc        0x0 ..\obj\MPU6050.o
                                  0x8 (size before relaxing)
 .ARM.exidx.text._ZN7MPU605015setOTPBankValidEb
                0x0800b3bc        0x8 ..\obj\MPU6050.o
 .ARM.exidx.text._ZN7MPU605016getXGyroOffsetTCEv
                0x0800b3c4        0x8 ..\obj\MPU6050.o
 .ARM.exidx.text._ZN7MPU605016setXGyroOffsetTCEa
                0x0800b3cc        0x8 ..\obj\MPU6050.o
 .ARM.exidx.text._ZN7MPU605016getYGyroOffsetTCEv
                0x0800b3d4        0x8 ..\obj\MPU6050.o
 .ARM.exidx.text._ZN7MPU605016setYGyroOffsetTCEa
                0x0800b3dc        0x8 ..\obj\MPU6050.o
 .ARM.exidx.text._ZN7MPU605016getZGyroOffsetTCEv
                0x0800b3e4        0x8 ..\obj\MPU6050.o
 .ARM.exidx.text._ZN7MPU605016setZGyroOffsetTCEa
                0x0800b3ec        0x8 ..\obj\MPU6050.o
 .ARM.exidx.text._ZN7MPU605014setXGyroOffsetEs
                0x0800b3f4        0x8 ..\obj\MPU6050.o
 .ARM.exidx.text._ZN7MPU605014setYGyroOffsetEs
                0x0800b3fc        0x0 ..\obj\MPU6050.o
                                  0x8 (size before relaxing)
 .ARM.exidx.text._ZN7MPU605014setZGyroOffsetEs
                0x0800b3fc        0x0 ..\obj\MPU6050.o
                                  0x8 (size before relaxing)
 .ARM.exidx.text._ZN7MPU605013setDMPEnabledEb
                0x0800b3fc        0x0 ..\obj\MPU6050.o
                                  0x8 (size before relaxing)
 .ARM.exidx.text._ZN7MPU60508resetDMPEv
                0x0800b3fc        0x0 ..\obj\MPU6050.o
                                  0x8 (size before relaxing)
 .ARM.exidx.text._ZN7MPU605013setMemoryBankEhbb
                0x0800b3fc        0x0 ..\obj\MPU6050.o
                                  0x8 (size before relaxing)
 .ARM.exidx.text._ZN7MPU605021setMemoryStartAddressEh
                0x0800b3fc        0x0 ..\obj\MPU6050.o
                                  0x8 (size before relaxing)
 .ARM.exidx.text._ZN7MPU605014readMemoryByteEv
                0x0800b3fc        0x8 ..\obj\MPU6050.o
 .ARM.exidx.text._ZN7MPU605015readMemoryBlockEPhthh
                0x0800b404        0x8 ..\obj\MPU6050.o
 .ARM.exidx.text._ZN7MPU605016writeMemoryBlockEPKhthhbb
                0x0800b40c        0x8 ..\obj\MPU6050.o
 .ARM.exidx.text._ZN7MPU605020writeProgMemoryBlockEPKhthhb
                0x0800b414        0x8 ..\obj\MPU6050.o
 .ARM.exidx.text._ZN7MPU605028writeProgDMPConfigurationSetEPKht
                0x0800b41c        0x8 ..\obj\MPU6050.o
 .ARM.exidx.text._ZN7MPU605013setDMPConfig1Eh
                0x0800b424        0x8 ..\obj\MPU6050.o
 .ARM.exidx.text._ZN7MPU605013setDMPConfig2Eh
                0x0800b42c        0x0 ..\obj\MPU6050.o
                                  0x8 (size before relaxing)
 .ARM.exidx     0x0800b42c       0x78 c:/program files (x86)/gnu tools arm embedded/6 2017-q1-update/bin/../lib/gcc/arm-none-eabi/6.3.1/thumb/v7-m\libgcc.a(unwind-arm.o)
                                 0xd8 (size before relaxing)
 .ARM.exidx     0x0800b4a4       0x38 c:/program files (x86)/gnu tools arm embedded/6 2017-q1-update/bin/../lib/gcc/arm-none-eabi/6.3.1/thumb/v7-m\libgcc.a(pr-support.o)
                                 0x48 (size before relaxing)
 .ARM.exidx     0x0800b4dc        0x0 c:/program files (x86)/gnu tools arm embedded/6 2017-q1-update/bin/../lib/gcc/arm-none-eabi/6.3.1/thumb/v7-m\libgcc.a(_udivmoddi4.o)
                                  0x8 (size before relaxing)
                0x0800b4dc                __exidx_end = .
                0x0800b4dc                __etext = .
                0x0800b4dc                _sidata = __etext

.rel.dyn        0x0800b4dc        0x0
 .rel.iplt      0x0800b4dc        0x0 ..\obj\usb_core.o

.data           0x20000000      0xb58 load address 0x0800b4dc
                0x20000000                __data_start__ = .
                0x20000000                _sdata = __data_start__
 *(vtable)
 *(.data*)
 .data          0x20000000       0x14 ..\obj\system_stm32f10x.o
                0x20000000                AHBPrescTable
                0x20000010                SystemCoreClock
 .data          0x20000014       0x1a ..\obj\usb_desc.o
                0x20000014                Virtual_Com_Port_StringSerial
 *fill*         0x2000002e        0x2 
 .data          0x20000030       0x90 ..\obj\pwm.o
 .data          0x200000c0        0x2 ..\obj\I2Cdev.o
                0x200000c0                I2Cdev::readTimeout
 *fill*         0x200000c2        0x2 
 .data          0x200000c4       0x8e ..\obj\usb_prop.o
                0x200000c4                linecoding
                0x200000cc                Device_Property
                0x200000fc                Device_Descriptor
                0x20000104                Config_Descriptor
                0x2000010c                String_Descriptor
                0x2000012c                User_Standard_Requests
                0x20000150                Device_Table
 *fill*         0x20000152        0x2 
 .data          0x20000154        0x8 ..\obj\usb.o
                0x20000154                packet_receive
                0x20000158                packet_sent
 .data          0x2000015c       0x14 ..\obj\stm32f10x_rcc.o
 .data          0x20000170       0x38 ..\obj\usb_istr.o
                0x20000170                pEpInt_OUT
                0x2000018c                pEpInt_IN
 .data._impure_ptr
                0x200001a8        0x4 c:/program files (x86)/gnu tools arm embedded/6 2017-q1-update/bin/../lib/gcc/arm-none-eabi/6.3.1/../../../../arm-none-eabi/lib/thumb/v7-m\libc.a(lib_a-impure.o)
                0x200001a8                _impure_ptr
 *fill*         0x200001ac        0x4 
 .data.impure_data
                0x200001b0      0x428 c:/program files (x86)/gnu tools arm embedded/6 2017-q1-update/bin/../lib/gcc/arm-none-eabi/6.3.1/../../../../arm-none-eabi/lib/thumb/v7-m\libc.a(lib_a-impure.o)
 .data.__malloc_av_
                0x200005d8      0x408 c:/program files (x86)/gnu tools arm embedded/6 2017-q1-update/bin/../lib/gcc/arm-none-eabi/6.3.1/../../../../arm-none-eabi/lib/thumb/v7-m\libc.a(lib_a-mallocr.o)
                0x200005d8                __malloc_av_
 .data.__malloc_sbrk_base
                0x200009e0        0x4 c:/program files (x86)/gnu tools arm embedded/6 2017-q1-update/bin/../lib/gcc/arm-none-eabi/6.3.1/../../../../arm-none-eabi/lib/thumb/v7-m\libc.a(lib_a-mallocr.o)
                0x200009e0                __malloc_sbrk_base
 .data.__malloc_trim_threshold
                0x200009e4        0x4 c:/program files (x86)/gnu tools arm embedded/6 2017-q1-update/bin/../lib/gcc/arm-none-eabi/6.3.1/../../../../arm-none-eabi/lib/thumb/v7-m\libc.a(lib_a-mallocr.o)
                0x200009e4                __malloc_trim_threshold
 .data.__global_locale
                0x200009e8      0x16c c:/program files (x86)/gnu tools arm embedded/6 2017-q1-update/bin/../lib/gcc/arm-none-eabi/6.3.1/../../../../arm-none-eabi/lib/thumb/v7-m\libc.a(lib_a-locale.o)
                0x200009e8                __global_locale
                0x20000b54                . = ALIGN (0x4)
                [!provide]                PROVIDE (__preinit_array_start, .)
 *(.preinit_array)
                [!provide]                PROVIDE (__preinit_array_end, .)
                0x20000b54                . = ALIGN (0x4)
                [!provide]                PROVIDE (__init_array_start, .)
 *(SORT(.init_array.*))
 *(.init_array)
 .init_array    0x20000b54        0x4 ..\obj\imu.o
                [!provide]                PROVIDE (__init_array_end, .)
                0x20000b58                . = ALIGN (0x4)
                [!provide]                PROVIDE (__fini_array_start, .)
 *(SORT(.fini_array.*))
 *(.fini_array)
                [!provide]                PROVIDE (__fini_array_end, .)
 *(.jcr*)
                0x20000b58                . = ALIGN (0x4)
                0x20000b58                __data_end__ = .
                0x20000b58                _edata = __data_end__

.igot.plt       0x20000b58        0x0 load address 0x0800c034
 .igot.plt      0x20000b58        0x0 ..\obj\usb_core.o

.bss            0x20000b58      0x240 load address 0x0800c034
                0x20000b58                . = ALIGN (0x4)
                0x20000b58                __bss_start__ = .
                0x20000b58                _sbss = __bss_start__
 *(.bss*)
 .bss           0x20000b58        0x1 ..\obj\usb_core.o
                0x20000b58                Data_Mul_MaxPacketSize
 *fill*         0x20000b59        0x3 
 .bss           0x20000b5c        0x4 ..\obj\delay.o
                0x20000b5c                millis
 .bss           0x20000b60       0x81 ..\obj\imu.o
                0x20000b60                mpu6050
                0x20000b78                packetSize
                0x20000b7c                fifoBuffer
                0x20000bbc                q
                0x20000bcc                quaternion
                0x20000bdc                fifoCount
                0x20000bde                devStatus
                0x20000bdf                mpuIntStatus
                0x20000be0                dmpReady
 *fill*         0x20000be1        0x3 
 .bss           0x20000be4       0x25 ..\obj\receiver.o
                0x20000bf4                receiver_channel
 *fill*         0x20000c09        0x3 
 .bss           0x20000c0c       0x18 ..\obj\pwm.o
                0x20000c0c                pwm_cycle_width
                0x20000c18                pwm_duty_width
 .bss           0x20000c24        0x1 ..\obj\usb_prop.o
                0x20000c24                Request
 *fill*         0x20000c25        0x3 
 .bss           0x20000c28        0x8 ..\obj\usb_pwr.o
                0x20000c28                remotewakeupon
                0x20000c2c                bDeviceState
 .bss           0x20000c30        0x2 ..\obj\main.o
 .bss           0x20000c32        0x1 ..\obj\usb.o
                0x20000c32                Send_Buffer_pos
 *fill*         0x20000c33        0x1 
 .bss           0x20000c34        0x4 ..\obj\syscalls.o
 .bss           0x20000c38        0xc ..\obj\usb_istr.o
                0x20000c38                bIntPackSOF
                0x20000c3c                esof_counter
                0x20000c40                wCNTR
 .bss.__malloc_current_mallinfo
                0x20000c44       0x28 c:/program files (x86)/gnu tools arm embedded/6 2017-q1-update/bin/../lib/gcc/arm-none-eabi/6.3.1/../../../../arm-none-eabi/lib/thumb/v7-m\libc.a(lib_a-mallocr.o)
                0x20000c44                __malloc_current_mallinfo
 .bss.__malloc_max_sbrked_mem
                0x20000c6c        0x4 c:/program files (x86)/gnu tools arm embedded/6 2017-q1-update/bin/../lib/gcc/arm-none-eabi/6.3.1/../../../../arm-none-eabi/lib/thumb/v7-m\libc.a(lib_a-mallocr.o)
                0x20000c6c                __malloc_max_sbrked_mem
 .bss.__malloc_max_total_mem
                0x20000c70        0x4 c:/program files (x86)/gnu tools arm embedded/6 2017-q1-update/bin/../lib/gcc/arm-none-eabi/6.3.1/../../../../arm-none-eabi/lib/thumb/v7-m\libc.a(lib_a-mallocr.o)
                0x20000c70                __malloc_max_total_mem
 .bss.__malloc_top_pad
                0x20000c74        0x4 c:/program files (x86)/gnu tools arm embedded/6 2017-q1-update/bin/../lib/gcc/arm-none-eabi/6.3.1/../../../../arm-none-eabi/lib/thumb/v7-m\libc.a(lib_a-mallocr.o)
                0x20000c74                __malloc_top_pad
 *(COMMON)
 COMMON         0x20000c78        0x2 ..\obj\usb_core.o
                0x20000c78                StatusInfo
 COMMON         0x20000c7a        0x4 ..\obj\usb_int.o
                0x20000c7a                SaveRState
                0x20000c7c                SaveTState
 *fill*         0x20000c7e        0x2 
 COMMON         0x20000c80       0x50 ..\obj\hw_config.o
                0x20000c80                HSEStartUpStatus
                0x20000c84                Receive_Buffer
                0x20000cc4                EXTI_InitStructure
                0x20000ccc                Send_length
 COMMON         0x20000cd0       0x24 ..\obj\usb_pwr.o
                0x20000cd0                ResumeS
                0x20000cd4                EP
 COMMON         0x20000cf4       0x32 ..\obj\usb_init.o
                0x20000cf4                SaveState
                0x20000cf8                pProperty
                0x20000cfc                EPindex
                0x20000d00                Device_Info
                0x20000d1c                pUser_Standard_Requests
                0x20000d20                pInformation
                0x20000d24                wInterrupt_Mask
 *fill*         0x20000d26        0x2 
 COMMON         0x20000d28       0x40 ..\obj\usb.o
                0x20000d28                Send_Buffer
 COMMON         0x20000d68        0x4 ..\obj\usb_endp.o
                0x20000d68                Receive_length
 COMMON         0x20000d6c        0x2 ..\obj\usb_istr.o
                0x20000d6c                wIstr
 *fill*         0x20000d6e        0x2 
 COMMON         0x20000d70       0x21 c:/program files (x86)/gnu tools arm embedded/6 2017-q1-update/bin/../lib/gcc/arm-none-eabi/6.3.1/../../../../arm-none-eabi/lib/thumb/v7-m\libc.a(lib_a-lock.o)
                0x20000d70                __lock___atexit_recursive_mutex
                0x20000d74                __lock___arc4random_mutex
                0x20000d78                __lock___env_recursive_mutex
                0x20000d7c                __lock___sinit_recursive_mutex
                0x20000d80                __lock___malloc_recursive_mutex
                0x20000d84                __lock___at_quick_exit_mutex
                0x20000d88                __lock___dd_hash_mutex
                0x20000d8c                __lock___tz_mutex
                0x20000d90                __lock___sfp_recursive_mutex
 *fill*         0x20000d91        0x3 
 COMMON         0x20000d94        0x4 c:/program files (x86)/gnu tools arm embedded/6 2017-q1-update/bin/../lib/gcc/arm-none-eabi/6.3.1/../../../../arm-none-eabi/lib/thumb/v7-m\libc.a(lib_a-reent.o)
                0x20000d94                errno
                0x20000d98                . = ALIGN (0x4)
                0x20000d98                __bss_end__ = .
                0x20000d98                _ebss = __bss_end__

.heap           0x20000d98        0x0
                0x20000d98                __end__ = .
                0x20000d98                _end = __end__
                0x20000d98                end = __end__
 *(.heap*)
                0x20000d98                __HeapLimit = .

.co_stack       0x20000d98     0x4000 load address 0x0800c274
                0x20000d98                . = ALIGN (0x8)
 *(.co_stack .co_stack.*)
 .co_stack      0x20000d98     0x4000 ..\obj\startup_stm32f10x_md.o
                0x20000d98                pulStack
                0x20005000                __StackTop = (ORIGIN (ram) + LENGTH (ram))
                0x20001000                __StackLimit = (__StackTop - SIZEOF (.co_stack))
                [!provide]                PROVIDE (__stack, __StackTop)
                0x00000001                ASSERT ((__StackLimit >= __HeapLimit), region ram  overflowed with stack)
LOAD ..\obj\otgd_fs_pcd.o
LOAD ..\obj\usb_core.o
LOAD ..\obj\delay.o
LOAD ..\obj\stm32f10x_tim.o
LOAD ..\obj\imu.o
LOAD ..\obj\usb_int.o
LOAD ..\obj\stm32f10x_dbgmcu.o
LOAD ..\obj\system_stm32f10x.o
LOAD ..\obj\receiver.o
LOAD ..\obj\usb_desc.o
LOAD ..\obj\usb_regs.o
LOAD ..\obj\pwm.o
LOAD ..\obj\stm32f10x_pwr.o
LOAD ..\obj\startup_stm32f10x_md.o
LOAD ..\obj\hw_config.o
LOAD ..\obj\I2Cdev.o
LOAD ..\obj\stm32f10x_gpio.o
LOAD ..\obj\usb_prop.o
LOAD ..\obj\usb_pwr.o
LOAD ..\obj\usb_init.o
LOAD ..\obj\main.o
LOAD ..\obj\usb.o
LOAD ..\obj\otgd_fs_dev.o
LOAD ..\obj\log.o
LOAD ..\obj\stm32f10x_rcc.o
LOAD ..\obj\stm32f10x_exti.o
LOAD ..\obj\stm32f10x_usart.o
LOAD ..\obj\otgd_fs_int.o
LOAD ..\obj\usb_sil.o
LOAD ..\obj\syscalls.o
LOAD ..\obj\otgd_fs_cal.o
LOAD ..\obj\stm32_it.o
LOAD ..\obj\usb_endp.o
LOAD ..\obj\misc.o
LOAD ..\obj\stm32f10x_spi.o
LOAD ..\obj\MPU6050.o
LOAD ..\obj\usb_mem.o
LOAD ..\obj\usb_istr.o
LOAD ..\obj\stm32f10x_iwdg.o
LOAD c:/program files (x86)/gnu tools arm embedded/6 2017-q1-update/bin/../lib/gcc/arm-none-eabi/6.3.1/../../../../arm-none-eabi/lib/thumb/v7-m\libm.a
LOAD c:/program files (x86)/gnu tools arm embedded/6 2017-q1-update/bin/../lib/gcc/arm-none-eabi/6.3.1/thumb/v7-m\libgcc.a
LOAD c:/program files (x86)/gnu tools arm embedded/6 2017-q1-update/bin/../lib/gcc/arm-none-eabi/6.3.1/../../../../arm-none-eabi/lib/thumb/v7-m\libc.a
START GROUP
LOAD c:/program files (x86)/gnu tools arm embedded/6 2017-q1-update/bin/../lib/gcc/arm-none-eabi/6.3.1/thumb/v7-m\libgcc.a
LOAD c:/program files (x86)/gnu tools arm embedded/6 2017-q1-update/bin/../lib/gcc/arm-none-eabi/6.3.1/../../../../arm-none-eabi/lib/thumb/v7-m\libg.a
LOAD c:/program files (x86)/gnu tools arm embedded/6 2017-q1-update/bin/../lib/gcc/arm-none-eabi/6.3.1/../../../../arm-none-eabi/lib/thumb/v7-m\libc.a
END GROUP
OUTPUT(BlackboxCC3D.elf elf32-littlearm)

.debug_info     0x00000000    0x221e1
 .debug_info    0x00000000      0xf76 ..\obj\usb_core.o
 .debug_info    0x00000f76      0x7ed ..\obj\delay.o
 .debug_info    0x00001763     0x2592 ..\obj\stm32f10x_tim.o
 .debug_info    0x00003cf5     0x59ed ..\obj\imu.o
 .debug_info    0x000096e2      0x5b9 ..\obj\usb_int.o
 .debug_info    0x00009c9b      0x16d ..\obj\stm32f10x_dbgmcu.o
 .debug_info    0x00009e08      0x4c7 ..\obj\system_stm32f10x.o
 .debug_info    0x0000a2cf     0x112f ..\obj\receiver.o
 .debug_info    0x0000b3fe      0x5a2 ..\obj\usb_desc.o
 .debug_info    0x0000b9a0     0x10aa ..\obj\usb_regs.o
 .debug_info    0x0000ca4a     0x10de ..\obj\pwm.o
 .debug_info    0x0000db28      0x1c7 ..\obj\startup_stm32f10x_md.o
 .debug_info    0x0000dcef      0xc1a ..\obj\hw_config.o
 .debug_info    0x0000e909      0xf14 ..\obj\I2Cdev.o
 .debug_info    0x0000f81d      0x896 ..\obj\stm32f10x_gpio.o
 .debug_info    0x000100b3      0xc0e ..\obj\usb_prop.o
 .debug_info    0x00010cc1      0x965 ..\obj\usb_pwr.o
 .debug_info    0x00011626      0x508 ..\obj\usb_init.o
 .debug_info    0x00011b2e      0xe76 ..\obj\main.o
 .debug_info    0x000129a4      0x6d7 ..\obj\usb.o
 .debug_info    0x0001307b     0x10e2 ..\obj\log.o
 .debug_info    0x0001415d      0x947 ..\obj\stm32f10x_rcc.o
 .debug_info    0x00014aa4      0x361 ..\obj\stm32f10x_exti.o
 .debug_info    0x00014e05      0xb31 ..\obj\stm32f10x_usart.o
 .debug_info    0x00015936      0x607 ..\obj\usb_sil.o
 .debug_info    0x00015f3d      0xcd9 ..\obj\syscalls.o
 .debug_info    0x00016c16      0x4f8 ..\obj\stm32_it.o
 .debug_info    0x0001710e      0x64e ..\obj\usb_endp.o
 .debug_info    0x0001775c      0x54d ..\obj\misc.o
 .debug_info    0x00017ca9      0x9d4 ..\obj\stm32f10x_spi.o
 .debug_info    0x0001867d     0x8da3 ..\obj\MPU6050.o
 .debug_info    0x00021420      0x59e ..\obj\usb_mem.o
 .debug_info    0x000219be      0x60f ..\obj\usb_istr.o
 .debug_info    0x00021fcd      0x214 ..\obj\stm32f10x_iwdg.o

.debug_abbrev   0x00000000     0x5130
 .debug_abbrev  0x00000000      0x3ee ..\obj\usb_core.o
 .debug_abbrev  0x000003ee      0x264 ..\obj\delay.o
 .debug_abbrev  0x00000652      0x2c6 ..\obj\stm32f10x_tim.o
 .debug_abbrev  0x00000918      0x788 ..\obj\imu.o
 .debug_abbrev  0x000010a0      0x192 ..\obj\usb_int.o
 .debug_abbrev  0x00001232      0x100 ..\obj\stm32f10x_dbgmcu.o
 .debug_abbrev  0x00001332      0x18a ..\obj\system_stm32f10x.o
 .debug_abbrev  0x000014bc      0x36e ..\obj\receiver.o
 .debug_abbrev  0x0000182a      0x119 ..\obj\usb_desc.o
 .debug_abbrev  0x00001943      0x2e8 ..\obj\usb_regs.o
 .debug_abbrev  0x00001c2b      0x2f4 ..\obj\pwm.o
 .debug_abbrev  0x00001f1f      0x124 ..\obj\startup_stm32f10x_md.o
 .debug_abbrev  0x00002043      0x2c4 ..\obj\hw_config.o
 .debug_abbrev  0x00002307      0x2fd ..\obj\I2Cdev.o
 .debug_abbrev  0x00002604      0x211 ..\obj\stm32f10x_gpio.o
 .debug_abbrev  0x00002815      0x2c3 ..\obj\usb_prop.o
 .debug_abbrev  0x00002ad8      0x306 ..\obj\usb_pwr.o
 .debug_abbrev  0x00002dde      0x119 ..\obj\usb_init.o
 .debug_abbrev  0x00002ef7      0x336 ..\obj\main.o
 .debug_abbrev  0x0000322d      0x19a ..\obj\usb.o
 .debug_abbrev  0x000033c7      0x326 ..\obj\log.o
 .debug_abbrev  0x000036ed      0x27d ..\obj\stm32f10x_rcc.o
 .debug_abbrev  0x0000396a      0x1bf ..\obj\stm32f10x_exti.o
 .debug_abbrev  0x00003b29      0x1f5 ..\obj\stm32f10x_usart.o
 .debug_abbrev  0x00003d1e      0x191 ..\obj\usb_sil.o
 .debug_abbrev  0x00003eaf      0x25d ..\obj\syscalls.o
 .debug_abbrev  0x0000410c      0x14a ..\obj\stm32_it.o
 .debug_abbrev  0x00004256      0x1ab ..\obj\usb_endp.o
 .debug_abbrev  0x00004401      0x17f ..\obj\misc.o
 .debug_abbrev  0x00004580      0x1f7 ..\obj\stm32f10x_spi.o
 .debug_abbrev  0x00004777      0x59d ..\obj\MPU6050.o
 .debug_abbrev  0x00004d14      0x13e ..\obj\usb_mem.o
 .debug_abbrev  0x00004e52      0x1a3 ..\obj\usb_istr.o
 .debug_abbrev  0x00004ff5      0x13b ..\obj\stm32f10x_iwdg.o

.debug_loc      0x00000000     0xdec1
 .debug_loc     0x00000000      0xacd ..\obj\usb_core.o
 .debug_loc     0x00000acd       0xd7 ..\obj\delay.o
 .debug_loc     0x00000ba4     0x24cb ..\obj\stm32f10x_tim.o
 .debug_loc     0x0000306f      0xdf2 ..\obj\imu.o
 .debug_loc     0x00003e61       0x7d ..\obj\usb_int.o
 .debug_loc     0x00003ede       0x3a ..\obj\stm32f10x_dbgmcu.o
 .debug_loc     0x00003f18       0xbc ..\obj\system_stm32f10x.o
 .debug_loc     0x00003fd4      0x4fc ..\obj\receiver.o
 .debug_loc     0x000044d0      0xa09 ..\obj\usb_regs.o
 .debug_loc     0x00004ed9      0x23c ..\obj\pwm.o
 .debug_loc     0x00005115      0x1f8 ..\obj\hw_config.o
 .debug_loc     0x0000530d      0x9a6 ..\obj\I2Cdev.o
 .debug_loc     0x00005cb3     0x14f5 ..\obj\stm32f10x_gpio.o
 .debug_loc     0x000071a8      0x1e1 ..\obj\usb_prop.o
 .debug_loc     0x00007389      0x1bd ..\obj\usb_pwr.o
 .debug_loc     0x00007546       0x14 ..\obj\main.o
 .debug_loc     0x0000755a       0x30 ..\obj\usb.o
 .debug_loc     0x0000758a      0x1ea ..\obj\log.o
 .debug_loc     0x00007774      0x705 ..\obj\stm32f10x_rcc.o
 .debug_loc     0x00007e79      0x212 ..\obj\stm32f10x_exti.o
 .debug_loc     0x0000808b      0x811 ..\obj\stm32f10x_usart.o
 .debug_loc     0x0000889c       0xcf ..\obj\usb_sil.o
 .debug_loc     0x0000896b      0x187 ..\obj\syscalls.o
 .debug_loc     0x00008af2      0x147 ..\obj\misc.o
 .debug_loc     0x00008c39      0x534 ..\obj\stm32f10x_spi.o
 .debug_loc     0x0000916d     0x4983 ..\obj\MPU6050.o
 .debug_loc     0x0000daf0      0x283 ..\obj\usb_mem.o
 .debug_loc     0x0000dd73       0xec ..\obj\usb_istr.o
 .debug_loc     0x0000de5f       0x62 ..\obj\stm32f10x_iwdg.o

.debug_aranges  0x00000000     0x1770
 .debug_aranges
                0x00000000       0x98 ..\obj\usb_core.o
 .debug_aranges
                0x00000098       0x38 ..\obj\delay.o
 .debug_aranges