Archive member included to satisfy reference by file (symbol)

c:/program files (x86)/gnu tools arm embedded/6 2017-q1-update/bin/../lib/gcc/arm-none-eabi/6.3.1/../../../../arm-none-eabi/lib/thumb/v7-m\libm.a(lib_a-sf_atan.o)
                              ..\obj\imu.o (atanf)
c:/program files (x86)/gnu tools arm embedded/6 2017-q1-update/bin/../lib/gcc/arm-none-eabi/6.3.1/../../../../arm-none-eabi/lib/thumb/v7-m\libm.a(lib_a-sf_fabs.o)
                              c:/program files (x86)/gnu tools arm embedded/6 2017-q1-update/bin/../lib/gcc/arm-none-eabi/6.3.1/../../../../arm-none-eabi/lib/thumb/v7-m\libm.a(lib_a-sf_atan.o) (fabsf)
c:/program files (x86)/gnu tools arm embedded/6 2017-q1-update/bin/../lib/gcc/arm-none-eabi/6.3.1/../../../../arm-none-eabi/lib/thumb/v7-m\libm.a(lib_a-wf_asin.o)
                              ..\obj\imu.o (asinf)
c:/program files (x86)/gnu tools arm embedded/6 2017-q1-update/bin/../lib/gcc/arm-none-eabi/6.3.1/../../../../arm-none-eabi/lib/thumb/v7-m\libm.a(lib_a-wf_atan2.o)
                              ..\obj\imu.o (atan2f)
c:/program files (x86)/gnu tools arm embedded/6 2017-q1-update/bin/../lib/gcc/arm-none-eabi/6.3.1/../../../../arm-none-eabi/lib/thumb/v7-m\libm.a(lib_a-wf_sqrt.o)
                              ..\obj\imu.o (sqrtf)
c:/program files (x86)/gnu tools arm embedded/6 2017-q1-update/bin/../lib/gcc/arm-none-eabi/6.3.1/../../../../arm-none-eabi/lib/thumb/v7-m\libm.a(lib_a-ef_asin.o)
                              c:/program files (x86)/gnu tools arm embedded/6 2017-q1-update/bin/../lib/gcc/arm-none-eabi/6.3.1/../../../../arm-none-eabi/lib/thumb/v7-m\libm.a(lib_a-wf_asin.o) (__ieee754_asinf)
c:/program files (x86)/gnu tools arm embedded/6 2017-q1-update/bin/../lib/gcc/arm-none-eabi/6.3.1/../../../../arm-none-eabi/lib/thumb/v7-m\libm.a(lib_a-ef_atan2.o)
                              c:/program files (x86)/gnu tools arm embedded/6 2017-q1-update/bin/../lib/gcc/arm-none-eabi/6.3.1/../../../../arm-none-eabi/lib/thumb/v7-m\libm.a(lib_a-wf_atan2.o) (__ieee754_atan2f)
c:/program files (x86)/gnu tools arm embedded/6 2017-q1-update/bin/../lib/gcc/arm-none-eabi/6.3.1/../../../../arm-none-eabi/lib/thumb/v7-m\libm.a(lib_a-ef_sqrt.o)
                              c:/program files (x86)/gnu tools arm embedded/6 2017-q1-update/bin/../lib/gcc/arm-none-eabi/6.3.1/../../../../arm-none-eabi/lib/thumb/v7-m\libm.a(lib_a-wf_sqrt.o) (__ieee754_sqrtf)
c:/program files (x86)/gnu tools arm embedded/6 2017-q1-update/bin/../lib/gcc/arm-none-eabi/6.3.1/../../../../arm-none-eabi/lib/thumb/v7-m\libm.a(lib_a-s_lib_ver.o)
                              c:/program files (x86)/gnu tools arm embedded/6 2017-q1-update/bin/../lib/gcc/arm-none-eabi/6.3.1/../../../../arm-none-eabi/lib/thumb/v7-m\libm.a(lib_a-wf_asin.o) (__fdlib_version)
c:/program files (x86)/gnu tools arm embedded/6 2017-q1-update/bin/../lib/gcc/arm-none-eabi/6.3.1/../../../../arm-none-eabi/lib/thumb/v7-m\libm.a(lib_a-s_matherr.o)
                              c:/program files (x86)/gnu tools arm embedded/6 2017-q1-update/bin/../lib/gcc/arm-none-eabi/6.3.1/../../../../arm-none-eabi/lib/thumb/v7-m\libm.a(lib_a-wf_asin.o) (matherr)
c:/program files (x86)/gnu tools arm embedded/6 2017-q1-update/bin/../lib/gcc/arm-none-eabi/6.3.1/../../../../arm-none-eabi/lib/thumb/v7-m\libm.a(lib_a-s_nan.o)
                              c:/program files (x86)/gnu tools arm embedded/6 2017-q1-update/bin/../lib/gcc/arm-none-eabi/6.3.1/../../../../arm-none-eabi/lib/thumb/v7-m\libm.a(lib_a-wf_asin.o) (nan)
c:/program files (x86)/gnu tools arm embedded/6 2017-q1-update/bin/../lib/gcc/arm-none-eabi/6.3.1/thumb/v7-m\libgcc.a(_arm_addsubdf3.o)
                              ..\obj\log.o (__aeabi_f2d)
c:/program files (x86)/gnu tools arm embedded/6 2017-q1-update/bin/../lib/gcc/arm-none-eabi/6.3.1/thumb/v7-m\libgcc.a(_arm_muldivdf3.o)
                              c:/program files (x86)/gnu tools arm embedded/6 2017-q1-update/bin/../lib/gcc/arm-none-eabi/6.3.1/../../../../arm-none-eabi/lib/thumb/v7-m\libm.a(lib_a-wf_sqrt.o) (__aeabi_ddiv)
c:/program files (x86)/gnu tools arm embedded/6 2017-q1-update/bin/../lib/gcc/arm-none-eabi/6.3.1/thumb/v7-m\libgcc.a(_arm_truncdfsf2.o)
                              c:/program files (x86)/gnu tools arm embedded/6 2017-q1-update/bin/../lib/gcc/arm-none-eabi/6.3.1/../../../../arm-none-eabi/lib/thumb/v7-m\libm.a(lib_a-wf_asin.o) (__aeabi_d2f)
c:/program files (x86)/gnu tools arm embedded/6 2017-q1-update/bin/../lib/gcc/arm-none-eabi/6.3.1/thumb/v7-m\libgcc.a(_arm_addsubsf3.o)
                              ..\obj\delay.o (__aeabi_fsub)
c:/program files (x86)/gnu tools arm embedded/6 2017-q1-update/bin/../lib/gcc/arm-none-eabi/6.3.1/thumb/v7-m\libgcc.a(_arm_muldivsf3.o)
                              ..\obj\delay.o (__aeabi_fmul)
c:/program files (x86)/gnu tools arm embedded/6 2017-q1-update/bin/../lib/gcc/arm-none-eabi/6.3.1/thumb/v7-m\libgcc.a(_arm_cmpsf2.o)
[...]
Memory Configuration

Name             Origin             Length             Attributes
rom              0x08000000         0x00020000         xr
ram              0x20000000         0x00005000         xrw
*default*        0x00000000         0xffffffff

Linker script and memory map

                0x20005000                _eram = 0x20005000

.text           0x08000000     0xcb54
 *(.isr_vector)
 .isr_vector    0x08000000      0x10c ..\obj\startup_stm32f10x_md.o
                0x08000000                g_pfnVectors
 *(.text*)
 .text.Standard_GetConfiguration
                0x0800010c       0x28 ..\obj\usb_core.o
                0x0800010c                Standard_GetConfiguration
 .text.Standard_GetInterface
                0x08000134       0x28 ..\obj\usb_core.o
                0x08000134                Standard_GetInterface
 .text.Standard_GetStatus
                0x0800015c       0x90 ..\obj\usb_core.o
                0x0800015c                Standard_GetStatus
 .text.DataStageIn
                0x080001ec       0xb0 ..\obj\usb_core.o
 .text.Standard_ClearFeature
                0x0800029c       0xd4 ..\obj\usb_core.o
                0x0800029c                Standard_ClearFeature
 .text.Standard_SetEndPointFeature
                0x08000370       0x94 ..\obj\usb_core.o
                0x08000370                Standard_SetEndPointFeature
 .text.Standard_GetDescriptorData
                0x08000404       0x1c ..\obj\usb_core.o
                0x08000404                Standard_GetDescriptorData
 .text.Setup0_Process
                0x08000420      0x3fc ..\obj\usb_core.o
                0x08000420                Setup0_Process
 .text.In0_Process
                0x0800081c       0xcc ..\obj\usb_core.o
                0x0800081c                In0_Process
 .text.Out0_Process
                0x080008e8      0x110 ..\obj\usb_core.o
                0x080008e8                Out0_Process
 .text.SetDeviceAddress
                0x080009f8       0x40 ..\obj\usb_core.o
                0x080009f8                SetDeviceAddress
 .text.NOP_Process
                0x08000a38        0x4 ..\obj\usb_core.o
                0x08000a38                NOP_Process
 .text.SysTick_Handler
                0x08000a3c       0x10 ..\obj\delay.o
                0x08000a3c                SysTick_Handler
 .text._Z10delay_initv
                0x08000a4c       0x48 ..\obj\delay.o
                0x08000a4c                delay_init()
 .text._Z8delay_msm
                0x08000a94       0x34 ..\obj\delay.o
                0x08000a94                delay_ms(unsigned long)
 .text._Z8delay_usf
                0x08000ac8       0x7c ..\obj\delay.o
                0x08000ac8                delay_us(float)
 .text.TIM_TimeBaseInit
                0x08000b44       0xac ..\obj\stm32f10x_tim.o
                0x08000b44                TIM_TimeBaseInit
 .text.TIM_ICInit
                0x08000bf0      0x248 ..\obj\stm32f10x_tim.o
                0x08000bf0                TIM_ICInit
 .text.TIM_TimeBaseStructInit
                0x08000e38       0x10 ..\obj\stm32f10x_tim.o
                0x08000e38                TIM_TimeBaseStructInit
 .text.TIM_ICStructInit
                0x08000e48       0x10 ..\obj\stm32f10x_tim.o
                0x08000e48                TIM_ICStructInit
 .text.TIM_Cmd  0x08000e58       0x1c ..\obj\stm32f10x_tim.o
                0x08000e58                TIM_Cmd
 .text.TIM_ITConfig
                0x08000e74       0x14 ..\obj\stm32f10x_tim.o
                0x08000e74                TIM_ITConfig
 .text.TIM_OC1PolarityConfig
                0x08000e88       0x10 ..\obj\stm32f10x_tim.o
                0x08000e88                TIM_OC1PolarityConfig
 .text.TIM_OC2PolarityConfig
                0x08000e98       0x14 ..\obj\stm32f10x_tim.o
                0x08000e98                TIM_OC2PolarityConfig
 .text.TIM_OC3PolarityConfig
                0x08000eac       0x14 ..\obj\stm32f10x_tim.o
                0x08000eac                TIM_OC3PolarityConfig
 .text.TIM_OC4PolarityConfig
                0x08000ec0       0x14 ..\obj\stm32f10x_tim.o
                0x08000ec0                TIM_OC4PolarityConfig
 .text.TIM_GetCapture1
                0x08000ed4        0x8 ..\obj\stm32f10x_tim.o
                0x08000ed4                TIM_GetCapture1
 .text.TIM_GetCapture2
                0x08000edc        0x8 ..\obj\stm32f10x_tim.o
                0x08000edc                TIM_GetCapture2
 .text.TIM_GetCapture3
                0x08000ee4        0x8 ..\obj\stm32f10x_tim.o
                0x08000ee4                TIM_GetCapture3
 .text.TIM_GetCapture4
                0x08000eec        0x8 ..\obj\stm32f10x_tim.o
                0x08000eec                TIM_GetCapture4
 .text.TIM_GetITStatus
                0x08000ef4       0x18 ..\obj\stm32f10x_tim.o
                0x08000ef4                TIM_GetITStatus
 .text.TIM_ClearITPendingBit
                0x08000f0c        0x8 ..\obj\stm32f10x_tim.o
                0x08000f0c                TIM_ClearITPendingBit
 .text._ZN7MPU605013dmpInitializeEv
                0x08000f14      0x438 ..\obj\imu.o
                0x08000f14                MPU6050::dmpInitialize()
 .text._Z10mpu_selectv
                0x0800134c       0x24 ..\obj\imu.o
                0x0800134c                mpu_select()
 .text._Z12mpu_deselectv
                0x08001370       0x1c ..\obj\imu.o
                0x08001370                mpu_deselect()
 .text._Z8spi_sendh
                0x0800138c       0x40 ..\obj\imu.o
                0x0800138c                spi_send(unsigned char)
 .text._Z8imu_initv
                0x080013cc      0x144 ..\obj\imu.o
                0x080013cc                imu_init()
 .text.EXTI3_IRQHandler
                0x08001510       0xf4 ..\obj\imu.o
                0x08001510                EXTI3_IRQHandler
 .text.startup._GLOBAL__sub_I__ZN7MPU605013dmpInitializeEv
                0x08001604       0x20 ..\obj\imu.o
 .text.CTR_LP   0x08001624      0x180 ..\obj\usb_int.o
                0x08001624                CTR_LP
 .text.DBGMCU_Config
                0x080017a4       0x18 ..\obj\stm32f10x_dbgmcu.o
                0x080017a4                DBGMCU_Config
 .text.SystemInit
                0x080017bc      0x104 ..\obj\system_stm32f10x.o
                0x080017bc                SystemInit
 .text._Z13receiver_initv
                0x080018c0       0xcc ..\obj\receiver.o
                0x080018c0                receiver_init()
 .text.USART1_IRQHandler
                0x0800198c      0x15c ..\obj\receiver.o
                0x0800198c                USART1_IRQHandler
 .text.SetBTABLE
                0x08001ae8       0x10 ..\obj\usb_regs.o
                0x08001ae8                SetBTABLE
 .text.SetEPType
                0x08001af8       0x1c ..\obj\usb_regs.o
                0x08001af8                SetEPType
 .text.SetEPTxStatus
                0x08001b14       0x34 ..\obj\usb_regs.o
                0x08001b14                SetEPTxStatus
 .text.SetEPRxStatus
                0x08001b48       0x34 ..\obj\usb_regs.o
                0x08001b48                SetEPRxStatus
 .text.SetEPTxValid
                0x08001b7c       0x28 ..\obj\usb_regs.o
                0x08001b7c                SetEPTxValid
 .text.SetEPRxValid
                0x08001ba4       0x28 ..\obj\usb_regs.o
                0x08001ba4                SetEPRxValid
 .text.Clear_Status_Out
                0x08001bcc       0x20 ..\obj\usb_regs.o
                0x08001bcc                Clear_Status_Out
 .text.ClearDTOG_RX
                0x08001bec       0x24 ..\obj\usb_regs.o
                0x08001bec                ClearDTOG_RX
 .text.ClearDTOG_TX
                0x08001c10       0x24 ..\obj\usb_regs.o
                0x08001c10                ClearDTOG_TX
 .text.SetEPTxAddr
                0x08001c34       0x20 ..\obj\usb_regs.o
                0x08001c34                SetEPTxAddr
 .text.SetEPRxAddr
                0x08001c54       0x20 ..\obj\usb_regs.o
                0x08001c54                SetEPRxAddr
 .text.GetEPTxAddr
                0x08001c74       0x1c ..\obj\usb_regs.o
                0x08001c74                GetEPTxAddr
 .text.GetEPRxAddr
                0x08001c90       0x1c ..\obj\usb_regs.o
                0x08001c90                GetEPRxAddr
 .text.SetEPTxCount
                0x08001cac       0x1c ..\obj\usb_regs.o
                0x08001cac                SetEPTxCount
 .text.SetEPRxCount
                0x08001cc8       0x44 ..\obj\usb_regs.o
                0x08001cc8                SetEPRxCount
 .text.GetEPRxCount
                0x08001d0c       0x20 ..\obj\usb_regs.o
                0x08001d0c                GetEPRxCount
 .text.ByteSwap
                0x08001d2c        0xc ..\obj\usb_regs.o
                0x08001d2c                ByteSwap
 .text._Z8tim_initv
                0x08001d38      0x158 ..\obj\pwm.o
                0x08001d38                tim_init()
 .text._Z14TIM_IRQHandlerv
                0x08001e90       0xa8 ..\obj\pwm.o
                0x08001e90                TIM_IRQHandler()
 .text.TIM2_IRQHandler
                0x08001f38        0x4 ..\obj\pwm.o
                0x08001f38                TIM2_IRQHandler
 .text.TIM3_IRQHandler
                0x08001f3c        0x4 ..\obj\pwm.o
                0x08001f3c                TIM3_IRQHandler
 .text.TIM4_IRQHandler
                0x08001f40        0x4 ..\obj\pwm.o
                0x08001f40                TIM4_IRQHandler
 .text._Z8pwm_initv
                0x08001f44       0xc4 ..\obj\pwm.o
                0x08001f44                pwm_init()
 .text.Default_Handler
                0x08002008        0x4 ..\obj\startup_stm32f10x_md.o
                0x08002008                EXTI2_IRQHandler
                0x08002008                DebugMon_Handler
                0x08002008                TIM1_CC_IRQHandler
                0x08002008                HardFault_Handler
                0x08002008                PVD_IRQHandler
                0x08002008                PendSV_Handler
                0x08002008                NMI_Handler
                0x08002008                EXTI0_IRQHandler
                0x08002008                I2C2_EV_IRQHandler
                0x08002008                UsageFault_Handler
                0x08002008                ADC1_2_IRQHandler
                0x08002008                SPI1_IRQHandler
                0x08002008                TAMPER_IRQHandler
                0x08002008                DMA1_Channel4_IRQHandler
                0x08002008                USART3_IRQHandler
                0x08002008                RTC_IRQHandler
                0x08002008                DMA1_Channel7_IRQHandler
                0x08002008                CAN1_RX1_IRQHandler
                0x08002008                I2C1_EV_IRQHandler
                0x08002008                DMA1_Channel6_IRQHandler
                0x08002008                RCC_IRQHandler
                0x08002008                TIM1_TRG_COM_IRQHandler
                0x08002008                DMA1_Channel1_IRQHandler
                0x08002008                EXTI15_10_IRQHandler
                0x08002008                EXTI9_5_IRQHandler
                0x08002008                SPI2_IRQHandler
                0x08002008                MemManage_Handler
                0x08002008                SVC_Handler
                0x08002008                DMA1_Channel5_IRQHandler
                0x08002008                EXTI4_IRQHandler
                0x08002008                USB_HP_CAN1_TX_IRQHandler
                0x08002008                DMA1_Channel3_IRQHandler
                0x08002008                WWDG_IRQHandler
                0x08002008                TIM1_BRK_IRQHandler
                0x08002008                EXTI1_IRQHandler
                0x08002008                RTCAlarm_IRQHandler
                0x08002008                USART2_IRQHandler
                0x08002008                I2C2_ER_IRQHandler
                0x08002008                DMA1_Channel2_IRQHandler
                0x08002008                CAN1_SCE_IRQHandler
                0x08002008                FLASH_IRQHandler
                0x08002008                BusFault_Handler
                0x08002008                I2C1_ER_IRQHandler
 .text.Default_Reset_Handler
                0x0800200c       0x4c ..\obj\startup_stm32f10x_md.o
                0x0800200c                Default_Reset_Handler
                0x0800200c                Reset_Handler
 .text.Set_System
                0x08002058       0x28 ..\obj\hw_config.o
                0x08002058                Set_System
 .text.Set_USBClock
                0x08002080       0x18 ..\obj\hw_config.o
                0x08002080                Set_USBClock
 .text.Leave_LowPowerMode
                0x08002098       0x24 ..\obj\hw_config.o
                0x08002098                Leave_LowPowerMode
 .text.USB_Interrupts_Config
                0x080020bc       0x2c ..\obj\hw_config.o
                0x080020bc                USB_Interrupts_Config
 .text.Get_SerialNum
                0x080020e8       0xfc ..\obj\hw_config.o
                0x080020e8                Get_SerialNum
 .text.CDC_Send_DATA
                0x080021e4       0x30 ..\obj\hw_config.o
                0x080021e4                CDC_Send_DATA
 .text._ZN6I2Cdev7readBitEhhhPht
                0x08002214       0x2c ..\obj\I2Cdev.o
                0x08002214                I2Cdev::readBit(unsigned char, unsigned char, unsigned char, unsigned char*, unsigned short)
 .text._ZN6I2Cdev8readBitsEhhhhPht
                0x08002240       0x3c ..\obj\I2Cdev.o
                0x08002240                I2Cdev::readBits(unsigned char, unsigned char, unsigned char, unsigned char, unsigned char*, unsigned short)
 .text._ZN6I2Cdev8readByteEhhPht
                0x0800227c       0x24 ..\obj\I2Cdev.o
                0x0800227c                I2Cdev::readByte(unsigned char, unsigned char, unsigned char*, unsigned short)
 .text._ZN6I2Cdev9readBytesEhhhPht
                0x080022a0       0x30 ..\obj\I2Cdev.o
                0x080022a0                I2Cdev::readBytes(unsigned char, unsigned char, unsigned char, unsigned char*, unsigned short)
 .text._ZN6I2Cdev8writeBitEhhhh
                0x080022d0       0x50 ..\obj\I2Cdev.o
                0x080022d0                I2Cdev::writeBit(unsigned char, unsigned char, unsigned char, unsigned char)
 .text._ZN6I2Cdev9writeBitsEhhhhh
                0x08002320       0x64 ..\obj\I2Cdev.o
                0x08002320                I2Cdev::writeBits(unsigned char, unsigned char, unsigned char, unsigned char, unsigned char)
 .text._ZN6I2Cdev9writeByteEhhh
                0x08002384       0x20 ..\obj\I2Cdev.o
                0x08002384                I2Cdev::writeByte(unsigned char, unsigned char, unsigned char)
 .text._ZN6I2Cdev9writeWordEhht
                0x080023a4       0x28 ..\obj\I2Cdev.o
                0x080023a4                I2Cdev::writeWord(unsigned char, unsigned char, unsigned short)
 .text._ZN6I2Cdev10writeBytesEhhhPh
                0x080023cc       0x30 ..\obj\I2Cdev.o
                0x080023cc                I2Cdev::writeBytes(unsigned char, unsigned char, unsigned char, unsigned char*)
 .text.GPIO_Init
                0x080023fc      0x36c ..\obj\stm32f10x_gpio.o
                0x080023fc                GPIO_Init
 .text.GPIO_StructInit
                0x08002768       0x10 ..\obj\stm32f10x_gpio.o
                0x08002768                GPIO_StructInit
 .text.GPIO_SetBits
                0x08002778        0x4 ..\obj\stm32f10x_gpio.o
                0x08002778                GPIO_SetBits
 .text.GPIO_WriteBit
                0x0800277c        0xc ..\obj\stm32f10x_gpio.o
                0x0800277c                GPIO_WriteBit
 .text.GPIO_PinRemapConfig
                0x08002788       0x6c ..\obj\stm32f10x_gpio.o
                0x08002788                GPIO_PinRemapConfig
 .text.GPIO_EXTILineConfig
                0x080027f4       0x30 ..\obj\stm32f10x_gpio.o
                0x080027f4                GPIO_EXTILineConfig
 .text.Virtual_Com_Port_SetConfiguration
                0x08002824       0x18 ..\obj\usb_prop.o
                0x08002824                Virtual_Com_Port_SetConfiguration
 .text.Virtual_Com_Port_SetDeviceAddress
                0x0800283c        0xc ..\obj\usb_prop.o
                0x0800283c                Virtual_Com_Port_SetDeviceAddress
 .text.Virtual_Com_Port_Status_In
                0x08002848       0x14 ..\obj\usb_prop.o
                0x08002848                Virtual_Com_Port_Status_In
 .text.Virtual_Com_Port_Status_Out
                0x0800285c        0x4 ..\obj\usb_prop.o
                0x0800285c                Virtual_Com_Port_Status_Out
 .text.Virtual_Com_Port_Data_Setup
                0x08002860       0x5c ..\obj\usb_prop.o
                0x08002860                Virtual_Com_Port_Data_Setup
 .text.Virtual_Com_Port_NoData_Setup
                0x080028bc       0x24 ..\obj\usb_prop.o
                0x080028bc                Virtual_Com_Port_NoData_Setup
 .text.Virtual_Com_Port_Get_Interface_Setting
                0x080028e0       0x10 ..\obj\usb_prop.o
                0x080028e0                Virtual_Com_Port_Get_Interface_Setting
 .text.Virtual_Com_Port_SetLineCoding
                0x080028f0       0x18 ..\obj\usb_prop.o
                0x080028f0                Virtual_Com_Port_SetLineCoding
 .text.Virtual_Com_Port_init
                0x08002908       0x24 ..\obj\usb_prop.o
                0x08002908                Virtual_Com_Port_init
 .text.Virtual_Com_Port_Reset
                0x0800292c       0xe0 ..\obj\usb_prop.o
                0x0800292c                Virtual_Com_Port_Reset
 .text.Virtual_Com_Port_GetDeviceDescriptor
                0x08002a0c        0xc ..\obj\usb_prop.o
                0x08002a0c                Virtual_Com_Port_GetDeviceDescriptor
 .text.Virtual_Com_Port_GetConfigDescriptor
                0x08002a18        0xc ..\obj\usb_prop.o
                0x08002a18                Virtual_Com_Port_GetConfigDescriptor
 .text.Virtual_Com_Port_GetStringDescriptor
                0x08002a24       0x20 ..\obj\usb_prop.o
                0x08002a24                Virtual_Com_Port_GetStringDescriptor
 .text.Virtual_Com_Port_GetLineCoding
                0x08002a44       0x18 ..\obj\usb_prop.o
                0x08002a44                Virtual_Com_Port_GetLineCoding
 .text.PowerOn  0x08002a5c       0x2c ..\obj\usb_pwr.o
                0x08002a5c                PowerOn
 .text.Resume   0x08002a88       0xd4 ..\obj\usb_pwr.o
                0x08002a88                Resume
 .text.USB_Init
                0x08002b5c       0x38 ..\obj\usb_init.o
                0x08002b5c                USB_Init
 .text._Z8led_initv
                0x08002b94       0x54 ..\obj\main.o
                0x08002b94                led_init()
 .text.startup.main
                0x08002be8       0x48 ..\obj\main.o
                0x08002be8                main
 .text.usb_init
                0x08002c30       0x18 ..\obj\usb.o
                0x08002c30                usb_init
 .text.usb_putchar
                0x08002c48       0x30 ..\obj\usb.o
                0x08002c48                usb_putchar
 .text._Z8log_initv
                0x08002c78       0x80 ..\obj\log.o
                0x08002c78                log_init()
 .text.TIM1_UP_IRQHandler
                0x08002cf8      0x21c ..\obj\log.o
                0x08002cf8                TIM1_UP_IRQHandler
 .text.RCC_USBCLKConfig
                0x08002f14        0xc ..\obj\stm32f10x_rcc.o
                0x08002f14                RCC_USBCLKConfig
 .text.RCC_GetClocksFreq
                0x08002f20       0x98 ..\obj\stm32f10x_rcc.o
                0x08002f20                RCC_GetClocksFreq
 .text.RCC_APB2PeriphClockCmd
                0x08002fb8       0x18 ..\obj\stm32f10x_rcc.o
                0x08002fb8                RCC_APB2PeriphClockCmd
 .text.RCC_APB1PeriphClockCmd
                0x08002fd0       0x18 ..\obj\stm32f10x_rcc.o
                0x08002fd0                RCC_APB1PeriphClockCmd
 .text.EXTI_Init
                0x08002fe8       0x7c ..\obj\stm32f10x_exti.o
                0x08002fe8                EXTI_Init
 .text.EXTI_StructInit
                0x08003064       0x10 ..\obj\stm32f10x_exti.o
                0x08003064                EXTI_StructInit
 .text.EXTI_GetITStatus
                0x08003074       0x1c ..\obj\stm32f10x_exti.o
                0x08003074                EXTI_GetITStatus
 .text.EXTI_ClearITPendingBit
                0x08003090        0xc ..\obj\stm32f10x_exti.o
                0x08003090                EXTI_ClearITPendingBit
 .text.USART_Init
                0x0800309c       0xbc ..\obj\stm32f10x_usart.o
                0x0800309c                USART_Init
 .text.USART_StructInit
                0x08003158       0x18 ..\obj\stm32f10x_usart.o
                0x08003158                USART_StructInit
 .text.USART_Cmd
                0x08003170       0x1c ..\obj\stm32f10x_usart.o
                0x08003170                USART_Cmd
 .text.USART_ITConfig
                0x0800318c       0x38 ..\obj\stm32f10x_usart.o
                0x0800318c                USART_ITConfig
 .text.USART_SendData
                0x080031c4        0x8 ..\obj\stm32f10x_usart.o
                0x080031c4                USART_SendData
 .text.USART_ReceiveData
                0x080031cc        0x8 ..\obj\stm32f10x_usart.o
                0x080031cc                USART_ReceiveData
 .text.USART_GetFlagStatus
                0x080031d4        0xc ..\obj\stm32f10x_usart.o
                0x080031d4                USART_GetFlagStatus
 .text.USART_GetITStatus
                0x080031e0       0x48 ..\obj\stm32f10x_usart.o
                0x080031e0                USART_GetITStatus
 .text.USB_SIL_Init
                0x08003228       0x24 ..\obj\usb_sil.o
                0x08003228                USB_SIL_Init
 .text._Z10morse_sendv
                0x0800324c       0xb0 ..\obj\morsecode.o
                0x0800324c                morse_send()
 .text._Z16morse_error_codeh
                0x080032fc       0x20 ..\obj\morsecode.o
                0x080032fc                morse_error_code(unsigned char)
 .text._sbrk    0x0800331c       0x1c ..\obj\syscalls.o
                0x0800331c                _sbrk
 .text._close   0x08003338        0x8 ..\obj\syscalls.o
                0x08003338                _close
 .text._fstat   0x08003340        0xc ..\obj\syscalls.o
                0x08003340                _fstat
 .text._isatty  0x0800334c        0x4 ..\obj\syscalls.o
                0x0800334c                _isatty
 .text._lseek   0x08003350        0x4 ..\obj\syscalls.o
                0x08003350                _lseek
 .text._read    0x08003354        0x4 ..\obj\syscalls.o
                0x08003354                _read
 .text._write   0x08003358       0x1c ..\obj\syscalls.o
                0x08003358                _write
 .text.abort    0x08003374        0x4 ..\obj\syscalls.o
                0x08003374                abort
 .text.USB_LP_CAN1_RX0_IRQHandler
                0x08003378        0x4 ..\obj\stm32_it.o
                0x08003378                USB_LP_CAN1_RX0_IRQHandler
 .text.USBWakeUp_IRQHandler
                0x0800337c        0x8 ..\obj\stm32_it.o
                0x0800337c                USBWakeUp_IRQHandler
 .text.EP1_IN_Callback
                0x08003384        0xc ..\obj\usb_endp.o
                0x08003384                EP1_IN_Callback
 .text.EP3_OUT_Callback
                0x08003390       0x30 ..\obj\usb_endp.o
                0x08003390                EP3_OUT_Callback
 .text.NVIC_PriorityGroupConfig
                0x080033c0       0x14 ..\obj\misc.o
                0x080033c0                NVIC_PriorityGroupConfig
 .text.NVIC_Init
                0x080033d4       0x64 ..\obj\misc.o
                0x080033d4                NVIC_Init
 .text.SPI_Init
                0x08003438       0x40 ..\obj\stm32f10x_spi.o
                0x08003438                SPI_Init
 .text.SPI_StructInit
                0x08003478       0x18 ..\obj\stm32f10x_spi.o
                0x08003478                SPI_StructInit
 .text.SPI_Cmd  0x08003490       0x1c ..\obj\stm32f10x_spi.o
                0x08003490                SPI_Cmd
 .text.SPI_I2S_SendData
                0x080034ac        0x4 ..\obj\stm32f10x_spi.o
                0x080034ac                SPI_I2S_SendData
 .text.SPI_I2S_ReceiveData
                0x080034b0        0x8 ..\obj\stm32f10x_spi.o
                0x080034b0                SPI_I2S_ReceiveData
 .text.SPI_I2S_GetFlagStatus
                0x080034b8        0xc ..\obj\stm32f10x_spi.o
                0x080034b8                SPI_I2S_GetFlagStatus
 .text._ZN7MPU605016writeMemoryBlockEPKhthhbb.constprop.1
                0x080034c4      0x104 ..\obj\MPU6050.o
 .text._ZN7MPU6050C2Ev
                0x080035c8        0x8 ..\obj\MPU6050.o
                0x080035c8                MPU6050::MPU6050()
                0x080035c8                MPU6050::MPU6050()
 .text._ZN7MPU605014testConnectionEv
                0x080035d0       0x34 ..\obj\MPU6050.o
                0x080035d0                MPU6050::testConnection()
 .text._ZN7MPU60507setRateEh
                0x08003604        0xc ..\obj\MPU6050.o
                0x08003604                MPU6050::setRate(unsigned char)
 .text._ZN7MPU605020setExternalFrameSyncEh
                0x08003610       0x18 ..\obj\MPU6050.o
                0x08003610                MPU6050::setExternalFrameSync(unsigned char)
 .text._ZN7MPU605011setDLPFModeEh
                0x08003628       0x18 ..\obj\MPU6050.o
                0x08003628                MPU6050::setDLPFMode(unsigned char)
 .text._ZN7MPU605021setFullScaleGyroRangeEh
                0x08003640       0x18 ..\obj\MPU6050.o
                0x08003640                MPU6050::setFullScaleGyroRange(unsigned char)
 .text._ZN7MPU605027setMotionDetectionThresholdEh
                0x08003658        0xc ..\obj\MPU6050.o
                0x08003658                MPU6050::setMotionDetectionThreshold(unsigned char)
 .text._ZN7MPU605026setMotionDetectionDurationEh
                0x08003664        0xc ..\obj\MPU6050.o
                0x08003664                MPU6050::setMotionDetectionDuration(unsigned char)
 .text._ZN7MPU605031setZeroMotionDetectionThresholdEh
                0x08003670        0xc ..\obj\MPU6050.o
                0x08003670                MPU6050::setZeroMotionDetectionThreshold(unsigned char)
 .text._ZN7MPU605030setZeroMotionDetectionDurationEh
                0x0800367c        0xc ..\obj\MPU6050.o
                0x0800367c                MPU6050::setZeroMotionDetectionDuration(unsigned char)
 .text._ZN7MPU605013setIntEnabledEh
                0x08003688        0xc ..\obj\MPU6050.o
                0x08003688                MPU6050::setIntEnabled(unsigned char)
 .text._ZN7MPU605012getIntStatusEv
                0x08003694       0x1c ..\obj\MPU6050.o
                0x08003694                MPU6050::getIntStatus()
 .text._ZN7MPU605014setFIFOEnabledEb
                0x080036b0        0xc ..\obj\MPU6050.o
                0x080036b0                MPU6050::setFIFOEnabled(bool)
 .text._ZN7MPU60509resetFIFOEv
                0x080036bc        0xc ..\obj\MPU6050.o
                0x080036bc                MPU6050::resetFIFO()
 .text._ZN7MPU60505resetEv
                0x080036c8        0xc ..\obj\MPU6050.o
                0x080036c8                MPU6050::reset()
 .text._ZN7MPU605015setSleepEnabledEb
                0x080036d4        0xc ..\obj\MPU6050.o
                0x080036d4                MPU6050::setSleepEnabled(bool)
 .text._ZN7MPU605014setClockSourceEh
                0x080036e0       0x18 ..\obj\MPU6050.o
                0x080036e0                MPU6050::setClockSource(unsigned char)
 .text._ZN7MPU605012getFIFOCountEv
                0x080036f8       0x28 ..\obj\MPU6050.o
                0x080036f8                MPU6050::getFIFOCount()
 .text._ZN7MPU605012getFIFOBytesEPhh
                0x08003720       0x1c ..\obj\MPU6050.o
                0x08003720                MPU6050::getFIFOBytes(unsigned char*, unsigned char)
 .text._ZN7MPU605015getOTPBankValidEv
                0x0800373c       0x24 ..\obj\MPU6050.o
                0x0800373c                MPU6050::getOTPBankValid()
 .text._ZN7MPU605015setOTPBankValidEb
                0x08003760        0xc ..\obj\MPU6050.o
                0x08003760                MPU6050::setOTPBankValid(bool)
 .text._ZN7MPU605016getXGyroOffsetTCEv
                0x0800376c       0x2c ..\obj\MPU6050.o
                0x0800376c                MPU6050::getXGyroOffsetTC()
 .text._ZN7MPU605016setXGyroOffsetTCEa
                0x08003798       0x1c ..\obj\MPU6050.o
                0x08003798                MPU6050::setXGyroOffsetTC(signed char)
 .text._ZN7MPU605016getYGyroOffsetTCEv
                0x080037b4       0x2c ..\obj\MPU6050.o
                0x080037b4                MPU6050::getYGyroOffsetTC()
 .text._ZN7MPU605016setYGyroOffsetTCEa
                0x080037e0       0x1c ..\obj\MPU6050.o
                0x080037e0                MPU6050::setYGyroOffsetTC(signed char)
 .text._ZN7MPU605016getZGyroOffsetTCEv
                0x080037fc       0x2c ..\obj\MPU6050.o
                0x080037fc                MPU6050::getZGyroOffsetTC()
 .text._ZN7MPU605016setZGyroOffsetTCEa
                0x08003828       0x1c ..\obj\MPU6050.o
                0x08003828                MPU6050::setZGyroOffsetTC(signed char)
 .text._ZN7MPU605014setXGyroOffsetEs
                0x08003844        0xc ..\obj\MPU6050.o
                0x08003844                MPU6050::setXGyroOffset(short)
 .text._ZN7MPU605014setYGyroOffsetEs
                0x08003850        0xc ..\obj\MPU6050.o
                0x08003850                MPU6050::setYGyroOffset(short)
 .text._ZN7MPU605014setZGyroOffsetEs
                0x0800385c        0xc ..\obj\MPU6050.o
                0x0800385c                MPU6050::setZGyroOffset(short)
 .text._ZN7MPU605013setDMPEnabledEb
                0x08003868        0xc ..\obj\MPU6050.o
                0x08003868                MPU6050::setDMPEnabled(bool)
 .text._ZN7MPU60508resetDMPEv
                0x08003874        0xc ..\obj\MPU6050.o
                0x08003874                MPU6050::resetDMP()
 .text._ZN7MPU605013setMemoryBankEhbb
                0x08003880       0x1c ..\obj\MPU6050.o
                0x08003880                MPU6050::setMemoryBank(unsigned char, bool, bool)
 .text._ZN7MPU605021setMemoryStartAddressEh
                0x0800389c        0xc ..\obj\MPU6050.o
                0x0800389c                MPU6050::setMemoryStartAddress(unsigned char)
 .text._ZN7MPU605014readMemoryByteEv
                0x080038a8       0x1c ..\obj\MPU6050.o
                0x080038a8                MPU6050::readMemoryByte()
 .text._ZN7MPU605015readMemoryBlockEPhthh
                0x080038c4       0xb4 ..\obj\MPU6050.o
                0x080038c4                MPU6050::readMemoryBlock(unsigned char*, unsigned short, unsigned char, unsigned char)
 .text._ZN7MPU605016writeMemoryBlockEPKhthhbb
                0x08003978      0x16c ..\obj\MPU6050.o
                0x08003978                MPU6050::writeMemoryBlock(unsigned char const*, unsigned short, unsigned char, unsigned char, bool, bool)
 .text._ZN7MPU605020writeProgMemoryBlockEPKhthhb
                0x08003ae4       0x1c ..\obj\MPU6050.o
                0x08003ae4                MPU6050::writeProgMemoryBlock(unsigned char const*, unsigned short, unsigned char, unsigned char, bool)
 .text._ZN7MPU605028writeProgDMPConfigurationSetEPKht
                0x08003b00       0xb0 ..\obj\MPU6050.o
                0x08003b00                MPU6050::writeProgDMPConfigurationSet(unsigned char const*, unsigned short)
 .text._ZN7MPU605013setDMPConfig1Eh
                0x08003bb0        0xc ..\obj\MPU6050.o
                0x08003bb0                MPU6050::setDMPConfig1(unsigned char)
 .text._ZN7MPU605013setDMPConfig2Eh
                0x08003bbc        0xc ..\obj\MPU6050.o
                0x08003bbc                MPU6050::setDMPConfig2(unsigned char)
 .text.UserToPMABufferCopy
                0x08003bc8       0x28 ..\obj\usb_mem.o
                0x08003bc8                UserToPMABufferCopy
 .text.PMAToUserBufferCopy
                0x08003bf0       0x20 ..\obj\usb_mem.o
                0x08003bf0                PMAToUserBufferCopy
 .text.USB_Istr
                0x08003c10      0x160 ..\obj\usb_istr.o
                0x08003c10                USB_Istr
 .text.IWDG_WriteAccessCmd
                0x08003d70        0xc ..\obj\stm32f10x_iwdg.o
                0x08003d70                IWDG_WriteAccessCmd
 .text.IWDG_SetPrescaler
                0x08003d7c        0xc ..\obj\stm32f10x_iwdg.o
                0x08003d7c                IWDG_SetPrescaler
 .text.IWDG_SetReload
                0x08003d88        0xc ..\obj\stm32f10x_iwdg.o
                0x08003d88                IWDG_SetReload
 .text.IWDG_ReloadCounter
                0x08003d94       0x10 ..\obj\stm32f10x_iwdg.o
                0x08003d94                IWDG_ReloadCounter
 .text          0x08003da4      0x370 c:/program files (x86)/gnu tools arm embedded/6 2017-q1-update/bin/../lib/gcc/arm-none-eabi/6.3.1/thumb/v7-m\libgcc.a(_arm_addsubdf3.o)
                0x08003da4                __aeabi_drsub
                0x08003dac                __aeabi_dsub
                0x08003dac                __subdf3
                0x08003db0                __aeabi_dadd
                0x08003db0                __adddf3
                0x08004028                __floatunsidf
                0x08004028                __aeabi_ui2d
                0x08004048                __floatsidf
                0x08004048                __aeabi_i2d
                0x0800406c                __aeabi_f2d
                0x0800406c                __extendsfdf2
                0x080040a8                __floatundidf
                0x080040a8                __aeabi_ul2d
                0x080040b8                __floatdidf
                0x080040b8                __aeabi_l2d
 .text          0x08004114      0x424 c:/program files (x86)/gnu tools arm embedded/6 2017-q1-update/bin/../lib/gcc/arm-none-eabi/6.3.1/thumb/v7-m\libgcc.a(_arm_muldivdf3.o)
                0x08004114                __aeabi_dmul
                0x08004114                __muldf3
                0x08004368                __divdf3
                0x08004368                __aeabi_ddiv
 .text          0x08004538      0x21c c:/program files (x86)/gnu tools arm embedded/6 2017-q1-update/bin/../lib/gcc/arm-none-eabi/6.3.1/thumb/v7-m\libgcc.a(_arm_addsubsf3.o)
                0x08004538                __aeabi_frsub
                0x08004540                __subsf3
                0x08004540                __aeabi_fsub
                0x08004544                __aeabi_fadd
                0x08004544                __addsf3
                0x080046a4                __aeabi_ui2f
                0x080046a4                __floatunsisf
                0x080046ac                __aeabi_i2f
                0x080046ac                __floatsisf
                0x080046c8                __aeabi_ul2f
                0x080046c8                __floatundisf
                0x080046d8                __aeabi_l2f
                0x080046d8                __floatdisf
 .text          0x08004754      0x2a0 c:/program files (x86)/gnu tools arm embedded/6 2017-q1-update/bin/../lib/gcc/arm-none-eabi/6.3.1/thumb/v7-m\libgcc.a(_arm_muldivsf3.o)
                0x08004754                __mulsf3
                0x08004754                __aeabi_fmul
                0x080048bc                __aeabi_fdiv
                0x080048bc                __divsf3
 .text          0x080049f4       0x40 c:/program files (x86)/gnu tools arm embedded/6 2017-q1-update/bin/../lib/gcc/arm-none-eabi/6.3.1/thumb/v7-m\libgcc.a(_arm_fixunssfsi.o)
                0x080049f4                __fixunssfsi
                0x080049f4                __aeabi_f2uiz
 .text          0x08004a34      0x9dc c:/program files (x86)/gnu tools arm embedded/6 2017-q1-update/bin/../lib/gcc/arm-none-eabi/6.3.1/thumb/v7-m\libgcc.a(unwind-arm.o)
                0x08004cf8                _Unwind_GetCFA
                0x08004cfc                __gnu_Unwind_RaiseException
                0x08004d5c                __gnu_Unwind_ForcedUnwind
                0x08004d70                __gnu_Unwind_Resume
                0x08004db4                __gnu_Unwind_Resume_or_Rethrow
                0x08004dc8                _Unwind_Complete
                0x08004dcc                _Unwind_DeleteException
                0x08004dd8                _Unwind_VRS_Get
                0x08004e24                _Unwind_VRS_Set
                0x08004e74                __gnu_Unwind_Backtrace
                0x080051b8                __aeabi_unwind_cpp_pr0
                0x080051bc                __aeabi_unwind_cpp_pr1
                0x080051c0                __aeabi_unwind_cpp_pr2
                0x080051c4                _Unwind_VRS_Pop
 .text          0x08005410      0x1ac c:/program files (x86)/gnu tools arm embedded/6 2017-q1-update/bin/../lib/gcc/arm-none-eabi/6.3.1/thumb/v7-m\libgcc.a(libunwind.o)
                0x08005410                __restore_core_regs
                0x08005410                restore_core_regs
                0x08005428                __gnu_Unwind_Restore_VFP
                0x08005430                __gnu_Unwind_Save_VFP
                0x08005438                __gnu_Unwind_Restore_VFP_D
                0x08005440                __gnu_Unwind_Save_VFP_D
                0x08005448                __gnu_Unwind_Restore_VFP_D_16_to_31
                0x08005450                __gnu_Unwind_Save_VFP_D_16_to_31
                0x08005458                __gnu_Unwind_Restore_WMMXD
                0x0800549c                __gnu_Unwind_Save_WMMXD
                0x080054e0                __gnu_Unwind_Restore_WMMXC
                0x080054f4                __gnu_Unwind_Save_WMMXC
                0x08005508                ___Unwind_RaiseException
                0x08005508                _Unwind_RaiseException
                0x0800552c                _Unwind_Resume
                0x0800552c                ___Unwind_Resume
                0x08005550                _Unwind_Resume_or_Rethrow
                0x08005550                ___Unwind_Resume_or_Rethrow
                0x08005574                _Unwind_ForcedUnwind
                0x08005574                ___Unwind_ForcedUnwind
                0x08005598                ___Unwind_Backtrace
                0x08005598                _Unwind_Backtrace
 .text          0x080055bc      0x384 c:/program files (x86)/gnu tools arm embedded/6 2017-q1-update/bin/../lib/gcc/arm-none-eabi/6.3.1/thumb/v7-m\libgcc.a(pr-support.o)
                0x08005614                __gnu_unwind_execute
                0x080058e4                __gnu_unwind_frame
                0x08005910                _Unwind_GetRegionStart
                0x0800591c                _Unwind_GetLanguageSpecificData
                0x08005930                _Unwind_GetTextRelBase
                0x08005938                _Unwind_GetDataRelBase
 .text.isalpha  0x08005940       0x14 c:/program files (x86)/gnu tools arm embedded/6 2017-q1-update/bin/../lib/gcc/arm-none-eabi/6.3.1/../../../../arm-none-eabi/lib/thumb/v7-m\libc.a(lib_a-isalpha.o)
                0x08005940                isalpha
 .text.__locale_mb_cur_max
                0x08005954       0x1c c:/program files (x86)/gnu tools arm embedded/6 2017-q1-update/bin/../lib/gcc/arm-none-eabi/6.3.1/../../../../arm-none-eabi/lib/thumb/v7-m\libc.a(lib_a-locale.o)
                0x08005954                __locale_mb_cur_max
 .text.__locale_ctype_ptr
                0x08005970       0x1c c:/program files (x86)/gnu tools arm embedded/6 2017-q1-update/bin/../lib/gcc/arm-none-eabi/6.3.1/../../../../arm-none-eabi/lib/thumb/v7-m\libc.a(lib_a-locale.o)
                0x08005970                __locale_ctype_ptr
 .text.malloc   0x0800598c       0x10 c:/program files (x86)/gnu tools arm embedded/6 2017-q1-update/bin/../lib/gcc/arm-none-eabi/6.3.1/../../../../arm-none-eabi/lib/thumb/v7-m\libc.a(lib_a-malloc.o)
                0x0800598c                malloc
 .text.free     0x0800599c       0x10 c:/program files (x86)/gnu tools arm embedded/6 2017-q1-update/bin/../lib/gcc/arm-none-eabi/6.3.1/../../../../arm-none-eabi/lib/thumb/v7-m\libc.a(lib_a-malloc.o)
                0x0800599c                free
 .text._malloc_r
                0x080059ac      0x544 c:/program files (x86)/gnu tools arm embedded/6 2017-q1-update/bin/../lib/gcc/arm-none-eabi/6.3.1/../../../../arm-none-eabi/lib/thumb/v7-m\libc.a(lib_a-mallocr.o)
                0x080059ac                _malloc_r
 .text.__ascii_mbtowc
                0x08005ef0       0x2c c:/program files (x86)/gnu tools arm embedded/6 2017-q1-update/bin/../lib/gcc/arm-none-eabi/6.3.1/../../../../arm-none-eabi/lib/thumb/v7-m\libc.a(lib_a-mbtowc_r.o)
                0x08005ef0                __ascii_mbtowc
 .text.memcmp   0x08005f1c       0x60 c:/program files (x86)/gnu tools arm embedded/6 2017-q1-update/bin/../lib/gcc/arm-none-eabi/6.3.1/../../../../arm-none-eabi/lib/thumb/v7-m\libc.a(lib_a-memcmp.o)
                0x08005f1c                memcmp
 .text          0x08005f7c       0xec c:/program files (x86)/gnu tools arm embedded/6 2017-q1-update/bin/../lib/gcc/arm-none-eabi/6.3.1/../../../../arm-none-eabi/lib/thumb/v7-m\libc.a(lib_a-memcpy.o)
                0x08005f7c                memcpy
 .text.__malloc_lock
                0x08006068        0xc c:/program files (x86)/gnu tools arm embedded/6 2017-q1-update/bin/../lib/gcc/arm-none-eabi/6.3.1/../../../../arm-none-eabi/lib/thumb/v7-m\libc.a(lib_a-mlock.o)
                0x08006068                __malloc_lock
 .text.__malloc_unlock
                0x08006074        0xc c:/program files (x86)/gnu tools arm embedded/6 2017-q1-update/bin/../lib/gcc/arm-none-eabi/6.3.1/../../../../arm-none-eabi/lib/thumb/v7-m\libc.a(lib_a-mlock.o)
                0x08006074                __malloc_unlock
 .text.printf   0x08006080       0x28 c:/program files (x86)/gnu tools arm embedded/6 2017-q1-update/bin/../lib/gcc/arm-none-eabi/6.3.1/../../../../arm-none-eabi/lib/thumb/v7-m\libc.a(lib_a-printf.o)
                0x08006080                printf
 .text._puts_r  0x080060a8       0x9c c:/program files (x86)/gnu tools arm embedded/6 2017-q1-update/bin/../lib/gcc/arm-none-eabi/6.3.1/../../../../arm-none-eabi/lib/thumb/v7-m\libc.a(lib_a-puts.o)
                0x080060a8                _puts_r
 .text.puts     0x08006144       0x10 c:/program files (x86)/gnu tools arm embedded/6 2017-q1-update/bin/../lib/gcc/arm-none-eabi/6.3.1/../../../../arm-none-eabi/lib/thumb/v7-m\libc.a(lib_a-puts.o)
                0x08006144                puts
 .text.realloc  0x08006154       0x10 c:/program files (x86)/gnu tools arm embedded/6 2017-q1-update/bin/../lib/gcc/arm-none-eabi/6.3.1/../../../../arm-none-eabi/lib/thumb/v7-m\libc.a(lib_a-realloc.o)
                0x08006154                realloc
 .text._realloc_r
                0x08006164      0x36c c:/program files (x86)/gnu tools arm embedded/6 2017-q1-update/bin/../lib/gcc/arm-none-eabi/6.3.1/../../../../arm-none-eabi/lib/thumb/v7-m\libc.a(lib_a-reallocr.o)
                0x08006164                _realloc_r
 .text._sbrk_r  0x080064d0       0x24 c:/program files (x86)/gnu tools arm embedded/6 2017-q1-update/bin/../lib/gcc/arm-none-eabi/6.3.1/../../../../arm-none-eabi/lib/thumb/v7-m\libc.a(lib_a-sbrkr.o)
                0x080064d0                _sbrk_r
 .text.setvbuf  0x080064f4      0x190 c:/program files (x86)/gnu tools arm embedded/6 2017-q1-update/bin/../lib/gcc/arm-none-eabi/6.3.1/../../../../arm-none-eabi/lib/thumb/v7-m\libc.a(lib_a-setvbuf.o)
                0x080064f4                setvbuf
 .text.snprintf
                0x08006684       0x94 c:/program files (x86)/gnu tools arm embedded/6 2017-q1-update/bin/../lib/gcc/arm-none-eabi/6.3.1/../../../../arm-none-eabi/lib/thumb/v7-m\libc.a(lib_a-snprintf.o)
                0x08006684                snprintf
 .text.strlen   0x08006718       0x5c c:/program files (x86)/gnu tools arm embedded/6 2017-q1-update/bin/../lib/gcc/arm-none-eabi/6.3.1/../../../../arm-none-eabi/lib/thumb/v7-m\libc.a(lib_a-strlen-stub.o)
                0x08006718                strlen
 .text._svfprintf_r
                0x08006774     0x14f8 c:/program files (x86)/gnu tools arm embedded/6 2017-q1-update/bin/../lib/gcc/arm-none-eabi/6.3.1/../../../../arm-none-eabi/lib/thumb/v7-m\libc.a(lib_a-svfprintf.o)
                0x08006774                _svfprintf_r
 .text.toupper  0x08007c6c       0x1c c:/program files (x86)/gnu tools arm embedded/6 2017-q1-update/bin/../lib/gcc/arm-none-eabi/6.3.1/../../../../arm-none-eabi/lib/thumb/v7-m\libc.a(lib_a-toupper.o)
                0x08007c6c                toupper
 .text._vfprintf_r
                0x08007c88     0x15e4 c:/program files (x86)/gnu tools arm embedded/6 2017-q1-update/bin/../lib/gcc/arm-none-eabi/6.3.1/../../../../arm-none-eabi/lib/thumb/v7-m\libc.a(lib_a-vfprintf.o)
                0x08007c88                _vfprintf_r
 .text.__sbprintf
                0x0800926c       0x88 c:/program files (x86)/gnu tools arm embedded/6 2017-q1-update/bin/../lib/gcc/arm-none-eabi/6.3.1/../../../../arm-none-eabi/lib/thumb/v7-m\libc.a(lib_a-vfprintf.o)
 .text.__ascii_wctomb
                0x080092f4       0x18 c:/program files (x86)/gnu tools arm embedded/6 2017-q1-update/bin/../lib/gcc/arm-none-eabi/6.3.1/../../../../arm-none-eabi/lib/thumb/v7-m\libc.a(lib_a-wctomb_r.o)
                0x080092f4                __ascii_wctomb
 .text.__swsetup_r
                0x0800930c       0xc8 c:/program files (x86)/gnu tools arm embedded/6 2017-q1-update/bin/../lib/gcc/arm-none-eabi/6.3.1/../../../../arm-none-eabi/lib/thumb/v7-m\libc.a(lib_a-wsetup.o)
                0x0800930c                __swsetup_r
 .text.quorem   0x080093d4      0x128 c:/program files (x86)/gnu tools arm embedded/6 2017-q1-update/bin/../lib/gcc/arm-none-eabi/6.3.1/../../../../arm-none-eabi/lib/thumb/v7-m\libc.a(lib_a-dtoa.o)
 *fill*         0x080094fc        0x4 
 .text._dtoa_r  0x08009500      0xe44 c:/program files (x86)/gnu tools arm embedded/6 2017-q1-update/bin/../lib/gcc/arm-none-eabi/6.3.1/../../../../arm-none-eabi/lib/thumb/v7-m\libc.a(lib_a-dtoa.o)
                0x08009500                _dtoa_r
 .text.__sflush_r
                0x0800a344      0x138 c:/program files (x86)/gnu tools arm embedded/6 2017-q1-update/bin/../lib/gcc/arm-none-eabi/6.3.1/../../../../arm-none-eabi/lib/thumb/v7-m\libc.a(lib_a-fflush.o)
                0x0800a344                __sflush_r
 .text._fflush_r
                0x0800a47c       0x54 c:/program files (x86)/gnu tools arm embedded/6 2017-q1-update/bin/../lib/gcc/arm-none-eabi/6.3.1/../../../../arm-none-eabi/lib/thumb/v7-m\libc.a(lib_a-fflush.o)
                0x0800a47c                _fflush_r
 .text._cleanup_r
                0x0800a4d0        0xc c:/program files (x86)/gnu tools arm embedded/6 2017-q1-update/bin/../lib/gcc/arm-none-eabi/6.3.1/../../../../arm-none-eabi/lib/thumb/v7-m\libc.a(lib_a-findfp.o)
                0x0800a4d0                _cleanup_r
 .text.std.isra.0
                0x0800a4dc       0x50 c:/program files (x86)/gnu tools arm embedded/6 2017-q1-update/bin/../lib/gcc/arm-none-eabi/6.3.1/../../../../arm-none-eabi/lib/thumb/v7-m\libc.a(lib_a-findfp.o)
 .text.__sinit  0x0800a52c       0x60 c:/program files (x86)/gnu tools arm embedded/6 2017-q1-update/bin/../lib/gcc/arm-none-eabi/6.3.1/../../../../arm-none-eabi/lib/thumb/v7-m\libc.a(lib_a-findfp.o)
                0x0800a52c                __sinit
 .text.__sfp_lock_acquire
                0x0800a58c        0xc c:/program files (x86)/gnu tools arm embedded/6 2017-q1-update/bin/../lib/gcc/arm-none-eabi/6.3.1/../../../../arm-none-eabi/lib/thumb/v7-m\libc.a(lib_a-findfp.o)
                0x0800a58c                __sfp_lock_acquire
 .text.__sfp_lock_release
                0x0800a598        0xc c:/program files (x86)/gnu tools arm embedded/6 2017-q1-update/bin/../lib/gcc/arm-none-eabi/6.3.1/../../../../arm-none-eabi/lib/thumb/v7-m\libc.a(lib_a-findfp.o)
                0x0800a598                __sfp_lock_release
 .text._malloc_trim_r
                0x0800a5a4       0xa0 c:/program files (x86)/gnu tools arm embedded/6 2017-q1-update/bin/../lib/gcc/arm-none-eabi/6.3.1/../../../../arm-none-eabi/lib/thumb/v7-m\libc.a(lib_a-freer.o)
                0x0800a5a4                _malloc_trim_r
 .text._free_r  0x0800a644      0x1cc c:/program files (x86)/gnu tools arm embedded/6 2017-q1-update/bin/../lib/gcc/arm-none-eabi/6.3.1/../../../../arm-none-eabi/lib/thumb/v7-m\libc.a(lib_a-freer.o)
                0x0800a644                _free_r
 .text.__sfvwrite_r
                0x0800a810      0x2f4 c:/program files (x86)/gnu tools arm embedded/6 2017-q1-update/bin/../lib/gcc/arm-none-eabi/6.3.1/../../../../arm-none-eabi/lib/thumb/v7-m\libc.a(lib_a-fvwrite.o)
                0x0800a810                __sfvwrite_r
 .text._fwalk_reent
                0x0800ab04       0x50 c:/program files (x86)/gnu tools arm embedded/6 2017-q1-update/bin/../lib/gcc/arm-none-eabi/6.3.1/../../../../arm-none-eabi/lib/thumb/v7-m\libc.a(lib_a-fwalk.o)
                0x0800ab04                _fwalk_reent
 .text._localeconv_r
                0x0800ab54       0x1c c:/program files (x86)/gnu tools arm embedded/6 2017-q1-update/bin/../lib/gcc/arm-none-eabi/6.3.1/../../../../arm-none-eabi/lib/thumb/v7-m\libc.a(lib_a-localeconv.o)
                0x0800ab54                _localeconv_r
 .text.__retarget_lock_init_recursive
                0x0800ab70        0x4 c:/program files (x86)/gnu tools arm embedded/6 2017-q1-update/bin/../lib/gcc/arm-none-eabi/6.3.1/../../../../arm-none-eabi/lib/thumb/v7-m\libc.a(lib_a-lock.o)
                0x0800ab70                __retarget_lock_init_recursive
 .text.__retarget_lock_close_recursive
                0x0800ab74        0x4 c:/program files (x86)/gnu tools arm embedded/6 2017-q1-update/bin/../lib/gcc/arm-none-eabi/6.3.1/../../../../arm-none-eabi/lib/thumb/v7-m\libc.a(lib_a-lock.o)
                0x0800ab74                __retarget_lock_close_recursive
 .text.__retarget_lock_acquire_recursive
                0x0800ab78        0x4 c:/program files (x86)/gnu tools arm embedded/6 2017-q1-update/bin/../lib/gcc/arm-none-eabi/6.3.1/../../../../arm-none-eabi/lib/thumb/v7-m\libc.a(lib_a-lock.o)
                0x0800ab78                __retarget_lock_acquire_recursive
 .text.__retarget_lock_release_recursive
                0x0800ab7c        0x4 c:/program files (x86)/gnu tools arm embedded/6 2017-q1-update/bin/../lib/gcc/arm-none-eabi/6.3.1/../../../../arm-none-eabi/lib/thumb/v7-m\libc.a(lib_a-lock.o)
                0x0800ab7c                __retarget_lock_release_recursive
 .text.__swhatbuf_r
                0x0800ab80       0x5c c:/program files (x86)/gnu tools arm embedded/6 2017-q1-update/bin/../lib/gcc/arm-none-eabi/6.3.1/../../../../arm-none-eabi/lib/thumb/v7-m\libc.a(lib_a-makebuf.o)
                0x0800ab80                __swhatbuf_r
 .text.__smakebuf_r
                0x0800abdc       0x94 c:/program files (x86)/gnu tools arm embedded/6 2017-q1-update/bin/../lib/gcc/arm-none-eabi/6.3.1/../../../../arm-none-eabi/lib/thumb/v7-m\libc.a(lib_a-makebuf.o)
                0x0800abdc                __smakebuf_r
 .text.memchr   0x0800ac70       0x8c c:/program files (x86)/gnu tools arm embedded/6 2017-q1-update/bin/../lib/gcc/arm-none-eabi/6.3.1/../../../../arm-none-eabi/lib/thumb/v7-m\libc.a(lib_a-memchr-stub.o)
                0x0800ac70                memchr
 .text.memmove  0x0800acfc       0xc8 c:/program files (x86)/gnu tools arm embedded/6 2017-q1-update/bin/../lib/gcc/arm-none-eabi/6.3.1/../../../../arm-none-eabi/lib/thumb/v7-m\libc.a(lib_a-memmove.o)
                0x0800acfc                memmove
 .text.memset   0x0800adc4       0x9c c:/program files (x86)/gnu tools arm embedded/6 2017-q1-update/bin/../lib/gcc/arm-none-eabi/6.3.1/../../../../arm-none-eabi/lib/thumb/v7-m\libc.a(lib_a-memset.o)
                0x0800adc4                memset
 .text._Balloc  0x0800ae60       0x4c c:/program files (x86)/gnu tools arm embedded/6 2017-q1-update/bin/../lib/gcc/arm-none-eabi/6.3.1/../../../../arm-none-eabi/lib/thumb/v7-m\libc.a(lib_a-mprec.o)
                0x0800ae60                _Balloc
 .text._Bfree   0x0800aeac       0x14 c:/program files (x86)/gnu tools arm embedded/6 2017-q1-update/bin/../lib/gcc/arm-none-eabi/6.3.1/../../../../arm-none-eabi/lib/thumb/v7-m\libc.a(lib_a-mprec.o)
                0x0800aeac                _Bfree
 .text.__multadd
                0x0800aec0       0x84 c:/program files (x86)/gnu tools arm embedded/6 2017-q1-update/bin/../lib/gcc/arm-none-eabi/6.3.1/../../../../arm-none-eabi/lib/thumb/v7-m\libc.a(lib_a-mprec.o)
                0x0800aec0                __multadd
 .text.__hi0bits
                0x0800af44       0x40 c:/program files (x86)/gnu tools arm embedded/6 2017-q1-update/bin/../lib/gcc/arm-none-eabi/6.3.1/../../../../arm-none-eabi/lib/thumb/v7-m\libc.a(lib_a-mprec.o)
                0x0800af44                __hi0bits
 .text.__lo0bits
                0x0800af84       0x60 c:/program files (x86)/gnu tools arm embedded/6 2017-q1-update/bin/../lib/gcc/arm-none-eabi/6.3.1/../../../../arm-none-eabi/lib/thumb/v7-m\libc.a(lib_a-mprec.o)
                0x0800af84                __lo0bits
 .text.__i2b    0x0800afe4       0x14 c:/program files (x86)/gnu tools arm embedded/6 2017-q1-update/bin/../lib/gcc/arm-none-eabi/6.3.1/../../../../arm-none-eabi/lib/thumb/v7-m\libc.a(lib_a-mprec.o)
                0x0800afe4                __i2b
 .text.__multiply
                0x0800aff8      0x124 c:/program files (x86)/gnu tools arm embedded/6 2017-q1-update/bin/../lib/gcc/arm-none-eabi/6.3.1/../../../../arm-none-eabi/lib/thumb/v7-m\libc.a(lib_a-mprec.o)
                0x0800aff8                __multiply
 .text.__pow5mult
                0x0800b11c       0xa0 c:/program files (x86)/gnu tools arm embedded/6 2017-q1-update/bin/../lib/gcc/arm-none-eabi/6.3.1/../../../../arm-none-eabi/lib/thumb/v7-m\libc.a(lib_a-mprec.o)
                0x0800b11c                __pow5mult
 .text.__lshift
                0x0800b1bc       0xa0 c:/program files (x86)/gnu tools arm embedded/6 2017-q1-update/bin/../lib/gcc/arm-none-eabi/6.3.1/../../../../arm-none-eabi/lib/thumb/v7-m\libc.a(lib_a-mprec.o)
                0x0800b1bc                __lshift
 .text.__mcmp   0x0800b25c       0x38 c:/program files (x86)/gnu tools arm embedded/6 2017-q1-update/bin/../lib/gcc/arm-none-eabi/6.3.1/../../../../arm-none-eabi/lib/thumb/v7-m\libc.a(lib_a-mprec.o)
                0x0800b25c                __mcmp
 .text.__mdiff  0x0800b294      0x11c c:/program files (x86)/gnu tools arm embedded/6 2017-q1-update/bin/../lib/gcc/arm-none-eabi/6.3.1/../../../../arm-none-eabi/lib/thumb/v7-m\libc.a(lib_a-mprec.o)
                0x0800b294                __mdiff
 .text.__d2b    0x0800b3b0       0xa8 c:/program files (x86)/gnu tools arm embedded/6 2017-q1-update/bin/../lib/gcc/arm-none-eabi/6.3.1/../../../../arm-none-eabi/lib/thumb/v7-m\libc.a(lib_a-mprec.o)
                0x0800b3b0                __d2b
 .text.__sread  0x0800b458       0x24 c:/program files (x86)/gnu tools arm embedded/6 2017-q1-update/bin/../lib/gcc/arm-none-eabi/6.3.1/../../../../arm-none-eabi/lib/thumb/v7-m\libc.a(lib_a-stdio.o)
                0x0800b458                __sread
 .text.__swrite
                0x0800b47c       0x3c c:/program files (x86)/gnu tools arm embedded/6 2017-q1-update/bin/../lib/gcc/arm-none-eabi/6.3.1/../../../../arm-none-eabi/lib/thumb/v7-m\libc.a(lib_a-stdio.o)
                0x0800b47c                __swrite
 .text.__sseek  0x0800b4b8       0x20 c:/program files (x86)/gnu tools arm embedded/6 2017-q1-update/bin/../lib/gcc/arm-none-eabi/6.3.1/../../../../arm-none-eabi/lib/thumb/v7-m\libc.a(lib_a-stdio.o)
                0x0800b4b8                __sseek
 .text.__sclose
                0x0800b4d8        0x8 c:/program files (x86)/gnu tools arm embedded/6 2017-q1-update/bin/../lib/gcc/arm-none-eabi/6.3.1/../../../../arm-none-eabi/lib/thumb/v7-m\libc.a(lib_a-stdio.o)
                0x0800b4d8                __sclose
 .text.__ssprint_r
                0x0800b4e0       0xfc c:/program files (x86)/gnu tools arm embedded/6 2017-q1-update/bin/../lib/gcc/arm-none-eabi/6.3.1/../../../../arm-none-eabi/lib/thumb/v7-m\libc.a(lib_a-svfiprintf.o)
                0x0800b4e0                __ssprint_r
 .text.__sprint_r.part.0
                0x0800b5dc       0x80 c:/program files (x86)/gnu tools arm embedded/6 2017-q1-update/bin/../lib/gcc/arm-none-eabi/6.3.1/../../../../arm-none-eabi/lib/thumb/v7-m\libc.a(lib_a-vfiprintf.o)
 .text.__sprint_r
                0x0800b65c       0x14 c:/program files (x86)/gnu tools arm embedded/6 2017-q1-update/bin/../lib/gcc/arm-none-eabi/6.3.1/../../../../arm-none-eabi/lib/thumb/v7-m\libc.a(lib_a-vfiprintf.o)
                0x0800b65c                __sprint_r
 .text._write_r
                0x0800b670       0x2c c:/program files (x86)/gnu tools arm embedded/6 2017-q1-update/bin/../lib/gcc/arm-none-eabi/6.3.1/../../../../arm-none-eabi/lib/thumb/v7-m\libc.a(lib_a-writer.o)
                0x0800b670                _write_r
 .text._calloc_r
                0x0800b69c       0x60 c:/program files (x86)/gnu tools arm embedded/6 2017-q1-update/bin/../lib/gcc/arm-none-eabi/6.3.1/../../../../arm-none-eabi/lib/thumb/v7-m\libc.a(lib_a-callocr.o)
                0x0800b69c                _calloc_r
 .text._close_r
                0x0800b6fc       0x24 c:/program files (x86)/gnu tools arm embedded/6 2017-q1-update/bin/../lib/gcc/arm-none-eabi/6.3.1/../../../../arm-none-eabi/lib/thumb/v7-m\libc.a(lib_a-closer.o)
                0x0800b6fc                _close_r
 .text._fclose_r
                0x0800b720       0xc4 c:/program files (x86)/gnu tools arm embedded/6 2017-q1-update/bin/../lib/gcc/arm-none-eabi/6.3.1/../../../../arm-none-eabi/lib/thumb/v7-m\libc.a(lib_a-fclose.o)
                0x0800b720                _fclose_r
 .text.__fputwc
                0x0800b7e4       0x98 c:/program files (x86)/gnu tools arm embedded/6 2017-q1-update/bin/../lib/gcc/arm-none-eabi/6.3.1/../../../../arm-none-eabi/lib/thumb/v7-m\libc.a(lib_a-fputwc.o)
                0x0800b7e4                __fputwc
 .text._fputwc_r
                0x0800b87c       0x68 c:/program files (x86)/gnu tools arm embedded/6 2017-q1-update/bin/../lib/gcc/arm-none-eabi/6.3.1/../../../../arm-none-eabi/lib/thumb/v7-m\libc.a(lib_a-fputwc.o)
                0x0800b87c                _fputwc_r
 .text._fstat_r
                0x0800b8e4       0x28 c:/program files (x86)/gnu tools arm embedded/6 2017-q1-update/bin/../lib/gcc/arm-none-eabi/6.3.1/../../../../arm-none-eabi/lib/thumb/v7-m\libc.a(lib_a-fstatr.o)
                0x0800b8e4                _fstat_r
 .text._isatty_r
                0x0800b90c       0x24 c:/program files (x86)/gnu tools arm embedded/6 2017-q1-update/bin/../lib/gcc/arm-none-eabi/6.3.1/../../../../arm-none-eabi/lib/thumb/v7-m\libc.a(lib_a-isattyr.o)
                0x0800b90c                _isatty_r
 .text._lseek_r
                0x0800b930       0x2c c:/program files (x86)/gnu tools arm embedded/6 2017-q1-update/bin/../lib/gcc/arm-none-eabi/6.3.1/../../../../arm-none-eabi/lib/thumb/v7-m\libc.a(lib_a-lseekr.o)
                0x0800b930                _lseek_r
 .text._read_r  0x0800b95c       0x2c c:/program files (x86)/gnu tools arm embedded/6 2017-q1-update/bin/../lib/gcc/arm-none-eabi/6.3.1/../../../../arm-none-eabi/lib/thumb/v7-m\libc.a(lib_a-readr.o)
                0x0800b95c                _read_r
 .text.__swbuf_r
                0x0800b988       0xb0 c:/program files (x86)/gnu tools arm embedded/6 2017-q1-update/bin/../lib/gcc/arm-none-eabi/6.3.1/../../../../arm-none-eabi/lib/thumb/v7-m\libc.a(lib_a-wbuf.o)
                0x0800b988                __swbuf_r
 .text._wcrtomb_r
                0x0800ba38       0x54 c:/program files (x86)/gnu tools arm embedded/6 2017-q1-update/bin/../lib/gcc/arm-none-eabi/6.3.1/../../../../arm-none-eabi/lib/thumb/v7-m\libc.a(lib_a-wcrtomb.o)
                0x0800ba38                _wcrtomb_r
 .text          0x0800ba8c      0x110 c:/program files (x86)/gnu tools arm embedded/6 2017-q1-update/bin/../lib/gcc/arm-none-eabi/6.3.1/thumb/v7-m\libgcc.a(_arm_cmpdf2.o)
                0x0800ba8c                __gtdf2
                0x0800ba8c                __gedf2
                0x0800ba94                __ltdf2
                0x0800ba94                __ledf2
                0x0800ba9c                __nedf2
                0x0800ba9c                __eqdf2
                0x0800ba9c                __cmpdf2
                0x0800bb18                __aeabi_cdrcmple
                0x0800bb28                __aeabi_cdcmpeq
                0x0800bb28                __aeabi_cdcmple
                0x0800bb38                __aeabi_dcmpeq
                0x0800bb4c                __aeabi_dcmplt
                0x0800bb60                __aeabi_dcmple
                0x0800bb74                __aeabi_dcmpge
                0x0800bb88                __aeabi_dcmpgt
 .text          0x0800bb9c       0x2c c:/program files (x86)/gnu tools arm embedded/6 2017-q1-update/bin/../lib/gcc/arm-none-eabi/6.3.1/thumb/v7-m\libgcc.a(_arm_unorddf2.o)
                0x0800bb9c                __unorddf2
                0x0800bb9c                __aeabi_dcmpun
 .text          0x0800bbc8       0x50 c:/program files (x86)/gnu tools arm embedded/6 2017-q1-update/bin/../lib/gcc/arm-none-eabi/6.3.1/thumb/v7-m\libgcc.a(_arm_fixdfsi.o)
                0x0800bbc8                __aeabi_d2iz
                0x0800bbc8                __fixdfsi
 .text          0x0800bc18       0x30 c:/program files (x86)/gnu tools arm embedded/6 2017-q1-update/bin/../lib/gcc/arm-none-eabi/6.3.1/thumb/v7-m\libgcc.a(_aeabi_uldivmod.o)
                0x0800bc18                __aeabi_uldivmod
 .text          0x0800bc48      0x2dc c:/program files (x86)/gnu tools arm embedded/6 2017-q1-update/bin/../lib/gcc/arm-none-eabi/6.3.1/thumb/v7-m\libgcc.a(_udivmoddi4.o)
                0x0800bc48                __udivmoddi4
 .text          0x0800bf24        0x4 c:/program files (x86)/gnu tools arm embedded/6 2017-q1-update/bin/../lib/gcc/arm-none-eabi/6.3.1/thumb/v7-m\libgcc.a(_dvmd_tls.o)
                0x0800bf24                __aeabi_idiv0
                0x0800bf24                __aeabi_ldiv0
 *(.init)
 *(.fini)
 *crtbegin.o(.ctors)
 *crtbegin?.o(.ctors)
 *(EXCLUDE_FILE(*crtend.o *crtend?.o) .ctors)
 *(SORT(.ctors.*))
 *(.ctors)
 *crtbegin.o(.dtors)
 *crtbegin?.o(.dtors)
 *(EXCLUDE_FILE(*crtend.o *crtend?.o) .dtors)
 *(SORT(.dtors.*))
 *(.dtors)
 *(.rodata*)
 .rodata        0x0800bf28      0x87b ..\obj\imu.o
 *fill*         0x0800c7a3        0x1 
 .rodata        0x0800c7a4       0xb6 ..\obj\usb_desc.o
                0x0800c7a4                Virtual_Com_Port_StringProduct
                0x0800c7d8                Virtual_Com_Port_StringVendor
                0x0800c800                Virtual_Com_Port_StringLangID
                0x0800c804                Virtual_Com_Port_ConfigDescriptor
                0x0800c848                Virtual_Com_Port_DeviceDescriptor
 *fill*         0x0800c85a        0x2 
 .rodata.str1.4
                0x0800c85c       0x1a ..\obj\log.o
 *fill*         0x0800c876        0x2 
 .rodata        0x0800c878       0x26 ..\obj\morsecode.o
 *fill*         0x0800c89e        0x2 
 .rodata.str1.4
                0x0800c8a0        0x5 ..\obj\morsecode.o
 *fill*         0x0800c8a5        0x3 
 .rodata._setlocale_r.str1.4
                0x0800c8a8        0xa c:/program files (x86)/gnu tools arm embedded/6 2017-q1-update/bin/../lib/gcc/arm-none-eabi/6.3.1/../../../../arm-none-eabi/lib/thumb/v7-m\libc.a(lib_a-locale.o)
                                  0xd (size before relaxing)
 *fill*         0x0800c8b2        0x2 
 .rodata.str1.4
                0x0800c8b4        0x2 c:/program files (x86)/gnu tools arm embedded/6 2017-q1-update/bin/../lib/gcc/arm-none-eabi/6.3.1/../../../../arm-none-eabi/lib/thumb/v7-m\libc.a(lib_a-locale.o)
 *fill*         0x0800c8b6        0x2 
 .rodata._puts_r.str1.4
                0x0800c8b8        0x2 c:/program files (x86)/gnu tools arm embedded/6 2017-q1-update/bin/../lib/gcc/arm-none-eabi/6.3.1/../../../../arm-none-eabi/lib/thumb/v7-m\libc.a(lib_a-puts.o)
 *fill*         0x0800c8ba        0x2 
 .rodata._svfprintf_r.str1.4
                0x0800c8bc       0x42 c:/program files (x86)/gnu tools arm embedded/6 2017-q1-update/bin/../lib/gcc/arm-none-eabi/6.3.1/../../../../arm-none-eabi/lib/thumb/v7-m\libc.a(lib_a-svfprintf.o)
 *fill*         0x0800c8fe        0x2 
 .rodata.blanks.7228
                0x0800c900       0x10 c:/program files (x86)/gnu tools arm embedded/6 2017-q1-update/bin/../lib/gcc/arm-none-eabi/6.3.1/../../../../arm-none-eabi/lib/thumb/v7-m\libc.a(lib_a-svfprintf.o)
 .rodata.zeroes.7229
                0x0800c910       0x10 c:/program files (x86)/gnu tools arm embedded/6 2017-q1-update/bin/../lib/gcc/arm-none-eabi/6.3.1/../../../../arm-none-eabi/lib/thumb/v7-m\libc.a(lib_a-svfprintf.o)
 .rodata._vfprintf_r.str1.4
                0x0800c920       0x42 c:/program files (x86)/gnu tools arm embedded/6 2017-q1-update/bin/../lib/gcc/arm-none-eabi/6.3.1/../../../../arm-none-eabi/lib/thumb/v7-m\libc.a(lib_a-vfprintf.o)
 .rodata.blanks.7243
                0x0800c920       0x10 c:/program files (x86)/gnu tools arm embedded/6 2017-q1-update/bin/../lib/gcc/arm-none-eabi/6.3.1/../../../../arm-none-eabi/lib/thumb/v7-m\libc.a(lib_a-vfprintf.o)
 .rodata.zeroes.7244
                0x0800c930       0x10 c:/program files (x86)/gnu tools arm embedded/6 2017-q1-update/bin/../lib/gcc/arm-none-eabi/6.3.1/../../../../arm-none-eabi/lib/thumb/v7-m\libc.a(lib_a-vfprintf.o)
 .rodata._ctype_
                0x0800c940      0x101 c:/program files (x86)/gnu tools arm embedded/6 2017-q1-update/bin/../lib/gcc/arm-none-eabi/6.3.1/../../../../arm-none-eabi/lib/thumb/v7-m\libc.a(lib_a-ctype_.o)
                0x0800c940                _ctype_
 *fill*         0x0800ca41        0x3 
 .rodata._dtoa_r.str1.4
                0x0800ca44       0x10 c:/program files (x86)/gnu tools arm embedded/6 2017-q1-update/bin/../lib/gcc/arm-none-eabi/6.3.1/../../../../arm-none-eabi/lib/thumb/v7-m\libc.a(lib_a-dtoa.o)
                                 0x12 (size before relaxing)
 *fill*         0x0800ca54        0x4 
 .rodata.__mprec_bigtens
                0x0800ca58       0x28 c:/program files (x86)/gnu tools arm embedded/6 2017-q1-update/bin/../lib/gcc/arm-none-eabi/6.3.1/../../../../arm-none-eabi/lib/thumb/v7-m\libc.a(lib_a-mprec.o)
                0x0800ca58                __mprec_bigtens
 .rodata.__mprec_tens
                0x0800ca80       0xc8 c:/program files (x86)/gnu tools arm embedded/6 2017-q1-update/bin/../lib/gcc/arm-none-eabi/6.3.1/../../../../arm-none-eabi/lib/thumb/v7-m\libc.a(lib_a-mprec.o)
                0x0800ca80                __mprec_tens
 .rodata.p05.6060
                0x0800cb48        0xc c:/program files (x86)/gnu tools arm embedded/6 2017-q1-update/bin/../lib/gcc/arm-none-eabi/6.3.1/../../../../arm-none-eabi/lib/thumb/v7-m\libc.a(lib_a-mprec.o)
 *(.eh_fram e*)

.glue_7         0x0800cb54        0x0
 .glue_7        0x0800cb54        0x0 linker stubs

.glue_7t        0x0800cb54        0x0
 .glue_7t       0x0800cb54        0x0 linker stubs

.vfp11_veneer   0x0800cb54        0x0
 .vfp11_veneer  0x0800cb54        0x0 linker stubs

.v4_bx          0x0800cb54        0x0
 .v4_bx         0x0800cb54        0x0 linker stubs

.iplt           0x0800cb54        0x0
 .iplt          0x0800cb54        0x0 ..\obj\usb_core.o

.ARM.extab      0x0800cb54       0x30
 *(.ARM.extab* .gnu.linkonce.armextab.*)
 .ARM.extab.text._Z12mpu_deselectv
                0x0800cb54        0xc ..\obj\imu.o
 .ARM.extab.text.startup.main
                0x0800cb60        0xc ..\obj\main.o
 .ARM.extab     0x0800cb6c       0x18 c:/program files (x86)/gnu tools arm embedded/6 2017-q1-update/bin/../lib/gcc/arm-none-eabi/6.3.1/thumb/v7-m\libgcc.a(pr-support.o)
                0x0800cb84                __exidx_start = .

.ARM.exidx      0x0800cb84      0x290
 *(.ARM.exidx* .gnu.linkonce.armexidx.*)
 .ARM.exidx.text.SysTick_Handler
                0x0800cb84        0x8 ..\obj\delay.o
 .ARM.exidx.text._Z10delay_initv
                0x0800cb8c        0x8 ..\obj\delay.o
 .ARM.exidx.text._Z8delay_msm
                0x0800cb94        0x8 ..\obj\delay.o
 .ARM.exidx.text._Z8delay_usf
                0x0800cb9c        0x0 ..\obj\delay.o
                                  0x8 (size before relaxing)
 .ARM.exidx.text._ZN7MPU605013dmpInitializeEv
                0x0800cb9c        0x8 ..\obj\imu.o
 .ARM.exidx.text._Z10mpu_selectv
                0x0800cba4        0x8 ..\obj\imu.o
 .ARM.exidx.text._Z12mpu_deselectv
                0x0800cbac        0x8 ..\obj\imu.o
 .ARM.exidx.text._Z8spi_sendh
                0x0800cbb4        0x8 ..\obj\imu.o
 .ARM.exidx.text._Z8imu_initv
                0x0800cbbc        0x8 ..\obj\imu.o
 .ARM.exidx.text.EXTI3_IRQHandler
                0x0800cbc4        0x8 ..\obj\imu.o
 .ARM.exidx.text.startup._GLOBAL__sub_I__ZN7MPU605013dmpInitializeEv
                0x0800cbcc        0x8 ..\obj\imu.o
 .ARM.exidx.text._Z13receiver_initv
                0x0800cbd4        0x8 ..\obj\receiver.o
 .ARM.exidx.text.USART1_IRQHandler
                0x0800cbdc       0x10 ..\obj\receiver.o
                                  0x8 (size before relaxing)
 .ARM.exidx.text._Z8tim_initv
                0x0800cbec        0x8 ..\obj\pwm.o
 .ARM.exidx.text._Z14TIM_IRQHandlerv
                0x0800cbf4        0x8 ..\obj\pwm.o
 .ARM.exidx.text.TIM2_IRQHandler
                0x0800cbfc        0x8 ..\obj\pwm.o
 .ARM.exidx.text.TIM3_IRQHandler
                0x0800cc04        0x0 ..\obj\pwm.o
                                  0x8 (size before relaxing)
 .ARM.exidx.text.TIM4_IRQHandler
                0x0800cc04        0x0 ..\obj\pwm.o
                                  0x8 (size before relaxing)
 .ARM.exidx.text._Z8pwm_initv
                0x0800cc04       0x10 ..\obj\pwm.o
                                  0x8 (size before relaxing)
 .ARM.exidx.text._ZN6I2Cdev7readBitEhhhPht
                0x0800cc14        0x8 ..\obj\I2Cdev.o
 .ARM.exidx.text._ZN6I2Cdev8readBitsEhhhhPht
                0x0800cc1c        0x8 ..\obj\I2Cdev.o
 .ARM.exidx.text._ZN6I2Cdev8readByteEhhPht
                0x0800cc24        0x8 ..\obj\I2Cdev.o
 .ARM.exidx.text._ZN6I2Cdev9readBytesEhhhPht
                0x0800cc2c        0x8 ..\obj\I2Cdev.o
 .ARM.exidx.text._ZN6I2Cdev8writeBitEhhhh
                0x0800cc34        0x8 ..\obj\I2Cdev.o
 .ARM.exidx.text._ZN6I2Cdev9writeBitsEhhhhh
                0x0800cc3c        0x8 ..\obj\I2Cdev.o
 .ARM.exidx.text._ZN6I2Cdev9writeByteEhhh
                0x0800cc44        0x8 ..\obj\I2Cdev.o
 .ARM.exidx.text._ZN6I2Cdev9writeWordEhht
                0x0800cc4c        0x0 ..\obj\I2Cdev.o
                                  0x8 (size before relaxing)
 .ARM.exidx.text._ZN6I2Cdev10writeBytesEhhhPh
                0x0800cc4c       0x10 ..\obj\I2Cdev.o
                                  0x8 (size before relaxing)
 .ARM.exidx.text._Z8led_initv
                0x0800cc5c        0x8 ..\obj\main.o
 .ARM.exidx.text.startup.main
                0x0800cc64       0x10 ..\obj\main.o
                                  0x8 (size before relaxing)
 .ARM.exidx.text._Z8log_initv
                0x0800cc74        0x8 ..\obj\log.o
 .ARM.exidx.text.TIM1_UP_IRQHandler
                0x0800cc7c       0x10 ..\obj\log.o
                                  0x8 (size before relaxing)
 .ARM.exidx.text._Z10morse_sendv
                0x0800cc8c        0x8 ..\obj\morsecode.o
 .ARM.exidx.text._Z16morse_error_codeh
                0x0800cc94       0x10 ..\obj\morsecode.o
                                  0x8 (size before relaxing)
 .ARM.exidx.text._ZN7MPU605016writeMemoryBlockEPKhthhbb.constprop.1
                0x0800cca4        0x8 ..\obj\MPU6050.o
 .ARM.exidx.text._ZN7MPU6050C2Ev
                0x0800ccac        0x8 ..\obj\MPU6050.o
 .ARM.exidx.text._ZN7MPU605014testConnectionEv
                0x0800ccb4        0x8 ..\obj\MPU6050.o
 .ARM.exidx.text._ZN7MPU60507setRateEh
                0x0800ccbc        0x8 ..\obj\MPU6050.o
 .ARM.exidx.text._ZN7MPU605020setExternalFrameSyncEh
                0x0800ccc4        0x8 ..\obj\MPU6050.o
 .ARM.exidx.text._ZN7MPU605011setDLPFModeEh
                0x0800cccc        0x0 ..\obj\MPU6050.o
                                  0x8 (size before relaxing)
 .ARM.exidx.text._ZN7MPU605021setFullScaleGyroRangeEh
                0x0800cccc        0x0 ..\obj\MPU6050.o
                                  0x8 (size before relaxing)
 .ARM.exidx.text._ZN7MPU605027setMotionDetectionThresholdEh
                0x0800cccc        0x8 ..\obj\MPU6050.o
 .ARM.exidx.text._ZN7MPU605026setMotionDetectionDurationEh
                0x0800ccd4        0x0 ..\obj\MPU6050.o
                                  0x8 (size before relaxing)
 .ARM.exidx.text._ZN7MPU605031setZeroMotionDetectionThresholdEh
                0x0800ccd4        0x0 ..\obj\MPU6050.o
                                  0x8 (size before relaxing)
 .ARM.exidx.text._ZN7MPU605030setZeroMotionDetectionDurationEh
                0x0800ccd4        0x0 ..\obj\MPU6050.o
                                  0x8 (size before relaxing)
 .ARM.exidx.text._ZN7MPU605013setIntEnabledEh
                0x0800ccd4        0x0 ..\obj\MPU6050.o
                                  0x8 (size before relaxing)
 .ARM.exidx.text._ZN7MPU605012getIntStatusEv
                0x0800ccd4        0x8 ..\obj\MPU6050.o
 .ARM.exidx.text._ZN7MPU605014setFIFOEnabledEb
                0x0800ccdc        0x8 ..\obj\MPU6050.o
 .ARM.exidx.text._ZN7MPU60509resetFIFOEv
                0x0800cce4        0x0 ..\obj\MPU6050.o
                                  0x8 (size before relaxing)
 .ARM.exidx.text._ZN7MPU60505resetEv
                0x0800cce4        0x0 ..\obj\MPU6050.o
                                  0x8 (size before relaxing)
 .ARM.exidx.text._ZN7MPU605015setSleepEnabledEb
                0x0800cce4        0x0 ..\obj\MPU6050.o
                                  0x8 (size before relaxing)
 .ARM.exidx.text._ZN7MPU605014setClockSourceEh
                0x0800cce4        0x8 ..\obj\MPU6050.o
 .ARM.exidx.text._ZN7MPU605012getFIFOCountEv
                0x0800ccec        0x8 ..\obj\MPU6050.o
 .ARM.exidx.text._ZN7MPU605012getFIFOBytesEPhh
                0x0800ccf4        0x0 ..\obj\MPU6050.o
                                  0x8 (size before relaxing)
 .ARM.exidx.text._ZN7MPU605015getOTPBankValidEv
                0x0800ccf4        0x0 ..\obj\MPU6050.o
                                  0x8 (size before relaxing)
 .ARM.exidx.text._ZN7MPU605015setOTPBankValidEb
                0x0800ccf4        0x8 ..\obj\MPU6050.o
 .ARM.exidx.text._ZN7MPU605016getXGyroOffsetTCEv
                0x0800ccfc        0x8 ..\obj\MPU6050.o
 .ARM.exidx.text._ZN7MPU605016setXGyroOffsetTCEa
                0x0800cd04        0x8 ..\obj\MPU6050.o
 .ARM.exidx.text._ZN7MPU605016getYGyroOffsetTCEv
                0x0800cd0c        0x8 ..\obj\MPU6050.o
 .ARM.exidx.text._ZN7MPU605016setYGyroOffsetTCEa
                0x0800cd14        0x8 ..\obj\MPU6050.o
 .ARM.exidx.text._ZN7MPU605016getZGyroOffsetTCEv
                0x0800cd1c        0x8 ..\obj\MPU6050.o
 .ARM.exidx.text._ZN7MPU605016setZGyroOffsetTCEa
                0x0800cd24        0x8 ..\obj\MPU6050.o
 .ARM.exidx.text._ZN7MPU605014setXGyroOffsetEs
                0x0800cd2c        0x8 ..\obj\MPU6050.o
 .ARM.exidx.text._ZN7MPU605014setYGyroOffsetEs
                0x0800cd34        0x0 ..\obj\MPU6050.o
                                  0x8 (size before relaxing)
 .ARM.exidx.text._ZN7MPU605014setZGyroOffsetEs
                0x0800cd34        0x0 ..\obj\MPU6050.o
                                  0x8 (size before relaxing)
 .ARM.exidx.text._ZN7MPU605013setDMPEnabledEb
                0x0800cd34        0x0 ..\obj\MPU6050.o
                                  0x8 (size before relaxing)
 .ARM.exidx.text._ZN7MPU60508resetDMPEv
                0x0800cd34        0x0 ..\obj\MPU6050.o
                                  0x8 (size before relaxing)
 .ARM.exidx.text._ZN7MPU605013setMemoryBankEhbb
                0x0800cd34        0x0 ..\obj\MPU6050.o
                                  0x8 (size before relaxing)
 .ARM.exidx.text._ZN7MPU605021setMemoryStartAddressEh
                0x0800cd34        0x0 ..\obj\MPU6050.o
                                  0x8 (size before relaxing)
 .ARM.exidx.text._ZN7MPU605014readMemoryByteEv
                0x0800cd34        0x8 ..\obj\MPU6050.o
 .ARM.exidx.text._ZN7MPU605015readMemoryBlockEPhthh
                0x0800cd3c        0x8 ..\obj\MPU6050.o
 .ARM.exidx.text._ZN7MPU605016writeMemoryBlockEPKhthhbb
                0x0800cd44        0x8 ..\obj\MPU6050.o
 .ARM.exidx.text._ZN7MPU605020writeProgMemoryBlockEPKhthhb
                0x0800cd4c        0x8 ..\obj\MPU6050.o
 .ARM.exidx.text._ZN7MPU605028writeProgDMPConfigurationSetEPKht
                0x0800cd54        0x8 ..\obj\MPU6050.o
 .ARM.exidx.text._ZN7MPU605013setDMPConfig1Eh
                0x0800cd5c        0x8 ..\obj\MPU6050.o
 .ARM.exidx.text._ZN7MPU605013setDMPConfig2Eh
                0x0800cd64        0x0 ..\obj\MPU6050.o
                                  0x8 (size before relaxing)
 .ARM.exidx     0x0800cd64       0x78 c:/program files (x86)/gnu tools arm embedded/6 2017-q1-update/bin/../lib/gcc/arm-none-eabi/6.3.1/thumb/v7-m\libgcc.a(unwind-arm.o)
                                 0xd8 (size before relaxing)
 .ARM.exidx     0x0800cddc       0x38 c:/program files (x86)/gnu tools arm embedded/6 2017-q1-update/bin/../lib/gcc/arm-none-eabi/6.3.1/thumb/v7-m\libgcc.a(pr-support.o)
                                 0x48 (size before relaxing)
 .ARM.exidx     0x0800ce14        0x0 c:/program files (x86)/gnu tools arm embedded/6 2017-q1-update/bin/../lib/gcc/arm-none-eabi/6.3.1/thumb/v7-m\libgcc.a(_udivmoddi4.o)
                                  0x8 (size before relaxing)
                0x0800ce14                __exidx_end = .
                0x0800ce14                __etext = .
                0x0800ce14                _sidata = __etext

.rel.dyn        0x0800ce14        0x0
 .rel.iplt      0x0800ce14        0x0 ..\obj\usb_core.o

.data           0x20000000      0xb58 load address 0x0800ce14
                0x20000000                __data_start__ = .
                0x20000000                _sdata = __data_start__
 *(vtable)
 *(.data*)
 .data          0x20000000       0x14 ..\obj\system_stm32f10x.o
                0x20000000                AHBPrescTable
                0x20000010                SystemCoreClock
 .data          0x20000014       0x1a ..\obj\usb_desc.o
                0x20000014                Virtual_Com_Port_StringSerial
 *fill*         0x2000002e        0x2 
 .data          0x20000030       0x90 ..\obj\pwm.o
 .data          0x200000c0        0x2 ..\obj\I2Cdev.o
                0x200000c0                I2Cdev::readTimeout
 *fill*         0x200000c2        0x2 
 .data          0x200000c4       0x8e ..\obj\usb_prop.o
                0x200000c4                linecoding
                0x200000cc                Device_Property
                0x200000fc                Device_Descriptor
                0x20000104                Config_Descriptor
                0x2000010c                String_Descriptor
                0x2000012c                User_Standard_Requests
                0x20000150                Device_Table
 *fill*         0x20000152        0x2 
 .data          0x20000154        0x8 ..\obj\usb.o
                0x20000154                packet_receive
                0x20000158                packet_sent
 .data          0x2000015c       0x14 ..\obj\stm32f10x_rcc.o
 .data          0x20000170       0x38 ..\obj\usb_istr.o
                0x20000170                pEpInt_OUT
                0x2000018c                pEpInt_IN
 .data._impure_ptr
                0x200001a8        0x4 c:/program files (x86)/gnu tools arm embedded/6 2017-q1-update/bin/../lib/gcc/arm-none-eabi/6.3.1/../../../../arm-none-eabi/lib/thumb/v7-m\libc.a(lib_a-impure.o)
                0x200001a8                _impure_ptr
 *fill*         0x200001ac        0x4 
 .data.impure_data
                0x200001b0      0x428 c:/program files (x86)/gnu tools arm embedded/6 2017-q1-update/bin/../lib/gcc/arm-none-eabi/6.3.1/../../../../arm-none-eabi/lib/thumb/v7-m\libc.a(lib_a-impure.o)
 .data.__global_locale
                0x200005d8      0x16c c:/program files (x86)/gnu tools arm embedded/6 2017-q1-update/bin/../lib/gcc/arm-none-eabi/6.3.1/../../../../arm-none-eabi/lib/thumb/v7-m\libc.a(lib_a-locale.o)
                0x200005d8                __global_locale
 .data.__malloc_av_
                0x20000744      0x408 c:/program files (x86)/gnu tools arm embedded/6 2017-q1-update/bin/../lib/gcc/arm-none-eabi/6.3.1/../../../../arm-none-eabi/lib/thumb/v7-m\libc.a(lib_a-mallocr.o)
                0x20000744                __malloc_av_
 .data.__malloc_sbrk_base
                0x20000b4c        0x4 c:/program files (x86)/gnu tools arm embedded/6 2017-q1-update/bin/../lib/gcc/arm-none-eabi/6.3.1/../../../../arm-none-eabi/lib/thumb/v7-m\libc.a(lib_a-mallocr.o)
                0x20000b4c                __malloc_sbrk_base
 .data.__malloc_trim_threshold
                0x20000b50        0x4 c:/program files (x86)/gnu tools arm embedded/6 2017-q1-update/bin/../lib/gcc/arm-none-eabi/6.3.1/../../../../arm-none-eabi/lib/thumb/v7-m\libc.a(lib_a-mallocr.o)
                0x20000b50                __malloc_trim_threshold
                0x20000b54                . = ALIGN (0x4)
                [!provide]                PROVIDE (__preinit_array_start, .)
 *(.preinit_array)
                [!provide]                PROVIDE (__preinit_array_end, .)
                0x20000b54                . = ALIGN (0x4)
                [!provide]                PROVIDE (__init_array_start, .)
 *(SORT(.init_array.*))
 *(.init_array)
 .init_array    0x20000b54        0x4 ..\obj\imu.o
                [!provide]                PROVIDE (__init_array_end, .)
                0x20000b58                . = ALIGN (0x4)
                [!provide]                PROVIDE (__fini_array_start, .)
 *(SORT(.fini_array.*))
 *(.fini_array)
                [!provide]                PROVIDE (__fini_array_end, .)
 *(.jcr*)
                0x20000b58                . = ALIGN (0x4)
                0x20000b58                __data_end__ = .
                0x20000b58                _edata = __data_end__

.igot.plt       0x20000b58        0x0 load address 0x0800d96c
 .igot.plt      0x20000b58        0x0 ..\obj\usb_core.o

.bss            0x20000b58      0x24c load address 0x0800d96c
                0x20000b58                . = ALIGN (0x4)
                0x20000b58                __bss_start__ = .
                0x20000b58                _sbss = __bss_start__
 *(.bss*)
 .bss           0x20000b58        0x1 ..\obj\usb_core.o
                0x20000b58                Data_Mul_MaxPacketSize
 *fill*         0x20000b59        0x3 
 .bss           0x20000b5c        0x4 ..\obj\delay.o
                0x20000b5c                millis
 .bss           0x20000b60       0x81 ..\obj\imu.o
                0x20000b60                mpu6050
                0x20000b78                packetSize
                0x20000b7c                fifoBuffer
                0x20000bbc                q
                0x20000bcc                quaternion
                0x20000bdc                fifoCount
                0x20000bde                devStatus
                0x20000bdf                mpuIntStatus
                0x20000be0                dmpReady
 *fill*         0x20000be1        0x3 
 .bss           0x20000be4       0x25 ..\obj\receiver.o
                0x20000bf4                receiver_channel
 *fill*         0x20000c09        0x3 
 .bss           0x20000c0c       0x18 ..\obj\pwm.o
                0x20000c0c                pwm_cycle_width
                0x20000c18                pwm_duty_width
 .bss           0x20000c24        0x1 ..\obj\usb_prop.o
                0x20000c24                Request
 *fill*         0x20000c25        0x3 
 .bss           0x20000c28        0x8 ..\obj\usb_pwr.o
                0x20000c28                remotewakeupon
                0x20000c2c                bDeviceState
 .bss           0x20000c30        0x1 ..\obj\usb.o
                0x20000c30                Send_Buffer_pos
 *fill*         0x20000c31        0x1 
 .bss           0x20000c32        0x2 ..\obj\log.o
 .bss           0x20000c34        0xc ..\obj\morsecode.o
                0x20000c34                morse_string
 .bss           0x20000c40        0x4 ..\obj\syscalls.o
 .bss           0x20000c44        0xc ..\obj\usb_istr.o
                0x20000c44                bIntPackSOF
                0x20000c48                esof_counter
                0x20000c4c                wCNTR
 .bss.__malloc_current_mallinfo
                0x20000c50       0x28 c:/program files (x86)/gnu tools arm embedded/6 2017-q1-update/bin/../lib/gcc/arm-none-eabi/6.3.1/../../../../arm-none-eabi/lib/thumb/v7-m\libc.a(lib_a-mallocr.o)
                0x20000c50                __malloc_current_mallinfo
 .bss.__malloc_max_sbrked_mem
                0x20000c78        0x4 c:/program files (x86)/gnu tools arm embedded/6 2017-q1-update/bin/../lib/gcc/arm-none-eabi/6.3.1/../../../../arm-none-eabi/lib/thumb/v7-m\libc.a(lib_a-mallocr.o)
                0x20000c78                __malloc_max_sbrked_mem
 .bss.__malloc_max_total_mem
                0x20000c7c        0x4 c:/program files (x86)/gnu tools arm embedded/6 2017-q1-update/bin/../lib/gcc/arm-none-eabi/6.3.1/../../../../arm-none-eabi/lib/thumb/v7-m\libc.a(lib_a-mallocr.o)
                0x20000c7c                __malloc_max_total_mem
 .bss.__malloc_top_pad
                0x20000c80        0x4 c:/program files (x86)/gnu tools arm embedded/6 2017-q1-update/bin/../lib/gcc/arm-none-eabi/6.3.1/../../../../arm-none-eabi/lib/thumb/v7-m\libc.a(lib_a-mallocr.o)
                0x20000c80                __malloc_top_pad
 *(COMMON)
 COMMON         0x20000c84        0x2 ..\obj\usb_core.o
                0x20000c84                StatusInfo
 COMMON         0x20000c86        0x4 ..\obj\usb_int.o
                0x20000c86                SaveRState
                0x20000c88                SaveTState
 *fill*         0x20000c8a        0x2 
 COMMON         0x20000c8c       0x50 ..\obj\hw_config.o
                0x20000c8c                HSEStartUpStatus
                0x20000c90                Receive_Buffer
                0x20000cd0                EXTI_InitStructure
                0x20000cd8                Send_length
 COMMON         0x20000cdc       0x24 ..\obj\usb_pwr.o
                0x20000cdc                ResumeS
                0x20000ce0                EP
 COMMON         0x20000d00       0x32 ..\obj\usb_init.o
                0x20000d00                SaveState
                0x20000d04                pProperty
                0x20000d08                EPindex
                0x20000d0c                Device_Info
                0x20000d28                pUser_Standard_Requests
                0x20000d2c                pInformation
                0x20000d30                wInterrupt_Mask
 *fill*         0x20000d32        0x2 
 COMMON         0x20000d34       0x40 ..\obj\usb.o
                0x20000d34                Send_Buffer
 COMMON         0x20000d74        0x4 ..\obj\usb_endp.o
                0x20000d74                Receive_length
 COMMON         0x20000d78        0x2 ..\obj\usb_istr.o
                0x20000d78                wIstr
 *fill*         0x20000d7a        0x2 
 COMMON         0x20000d7c       0x21 c:/program files (x86)/gnu tools arm embedded/6 2017-q1-update/bin/../lib/gcc/arm-none-eabi/6.3.1/../../../../arm-none-eabi/lib/thumb/v7-m\libc.a(lib_a-lock.o)
                0x20000d7c                __lock___atexit_recursive_mutex
                0x20000d80                __lock___arc4random_mutex
                0x20000d84                __lock___env_recursive_mutex
                0x20000d88                __lock___sinit_recursive_mutex
                0x20000d8c                __lock___malloc_recursive_mutex
                0x20000d90                __lock___at_quick_exit_mutex
                0x20000d94                __lock___dd_hash_mutex
                0x20000d98                __lock___tz_mutex
                0x20000d9c                __lock___sfp_recursive_mutex
 *fill*         0x20000d9d        0x3 
 COMMON         0x20000da0        0x4 c:/program files (x86)/gnu tools arm embedded/6 2017-q1-update/bin/../lib/gcc/arm-none-eabi/6.3.1/../../../../arm-none-eabi/lib/thumb/v7-m\libc.a(lib_a-reent.o)
                0x20000da0                errno
                0x20000da4                . = ALIGN (0x4)
                0x20000da4                __bss_end__ = .
                0x20000da4                _ebss = __bss_end__

.heap           0x20000da4        0x0
                0x20000da4                __end__ = .
                0x20000da4                _end = __end__
                0x20000da4                end = __end__
 *(.heap*)
                0x20000da4                __HeapLimit = .

.co_stack       0x20000da4     0x4004 load address 0x0800dbb8
                0x20000da8                . = ALIGN (0x8)
 *fill*         0x20000da4        0x4 
 *(.co_stack .co_stack.*)
 .co_stack      0x20000da8     0x4000 ..\obj\startup_stm32f10x_md.o
                0x20000da8                pulStack
                0x20005000                __StackTop = (ORIGIN (ram) + LENGTH (ram))
                0x20000ffc                __StackLimit = (__StackTop - SIZEOF (.co_stack))
                [!provide]                PROVIDE (__stack, __StackTop)
                0x00000001                ASSERT ((__StackLimit >= __HeapLimit), region ram  overflowed with stack)
LOAD ..\obj\otgd_fs_pcd.o
LOAD ..\obj\usb_core.o
LOAD ..\obj\delay.o
LOAD ..\obj\stm32f10x_tim.o
LOAD ..\obj\imu.o
LOAD ..\obj\usb_int.o
LOAD ..\obj\stm32f10x_dbgmcu.o
LOAD ..\obj\system_stm32f10x.o
LOAD ..\obj\receiver.o
LOAD ..\obj\usb_desc.o
LOAD ..\obj\usb_regs.o
LOAD ..\obj\pwm.o
LOAD ..\obj\stm32f10x_pwr.o
LOAD ..\obj\startup_stm32f10x_md.o
LOAD ..\obj\hw_config.o
LOAD ..\obj\I2Cdev.o
LOAD ..\obj\stm32f10x_gpio.o
LOAD ..\obj\usb_prop.o
LOAD ..\obj\usb_pwr.o
LOAD ..\obj\usb_init.o
LOAD ..\obj\main.o
LOAD ..\obj\usb.o
LOAD ..\obj\otgd_fs_dev.o
LOAD ..\obj\log.o
LOAD ..\obj\stm32f10x_rcc.o
LOAD ..\obj\stm32f10x_exti.o
LOAD ..\obj\stm32f10x_usart.o
LOAD ..\obj\otgd_fs_int.o
LOAD ..\obj\usb_sil.o
LOAD ..\obj\morsecode.o
LOAD ..\obj\syscalls.o
LOAD ..\obj\otgd_fs_cal.o
LOAD ..\obj\stm32_it.o
LOAD ..\obj\usb_endp.o
LOAD ..\obj\misc.o
LOAD ..\obj\stm32f10x_spi.o
LOAD ..\obj\MPU6050.o
LOAD ..\obj\usb_mem.o
LOAD ..\obj\usb_istr.o
LOAD ..\obj\stm32f10x_iwdg.o
LOAD c:/program files (x86)/gnu tools arm embedded/6 2017-q1-update/bin/../lib/gcc/arm-none-eabi/6.3.1/../../../../arm-none-eabi/lib/thumb/v7-m\libm.a
LOAD c:/program files (x86)/gnu tools arm embedded/6 2017-q1-update/bin/../lib/gcc/arm-none-eabi/6.3.1/thumb/v7-m\libgcc.a
LOAD c:/program files (x86)/gnu tools arm embedded/6 2017-q1-update/bin/../lib/gcc/arm-none-eabi/6.3.1/../../../../arm-none-eabi/lib/thumb/v7-m\libc.a
START GROUP
LOAD c:/program files (x86)/gnu tools arm embedded/6 2017-q1-update/bin/../lib/gcc/arm-none-eabi/6.3.1/thumb/v7-m\libgcc.a
LOAD c:/program files (x86)/gnu tools arm embedded/6 2017-q1-update/bin/../lib/gcc/arm-none-eabi/6.3.1/../../../../arm-none-eabi/lib/thumb/v7-m\libg.a
LOAD c:/program files (x86)/gnu tools arm embedded/6 2017-q1-update/bin/../lib/gcc/arm-none-eabi/6.3.1/../../../../arm-none-eabi/lib/thumb/v7-m\libc.a
END GROUP
OUTPUT(BlackboxCC3D-NOBL.elf elf32-littlearm)

.debug_info     0x00000000    0x2391c
 .debug_info    0x00000000      0xf76 ..\obj\usb_core.o
 .debug_info    0x00000f76      0x7ed ..\obj\delay.o
 .debug_info    0x00001763     0x2592 ..\obj\stm32f10x_tim.o
 .debug_info    0x00003cf5     0x59d3 ..\obj\imu.o
 .debug_info    0x000096c8      0x5b9 ..\obj\usb_int.o
 .debug_info    0x00009c81      0x16d ..\obj\stm32f10x_dbgmcu.o
 .debug_info    0x00009dee      0x4c7 ..\obj\system_stm32f10x.o
 .debug_info    0x0000a2b5     0x12bd ..\obj\receiver.o
 .debug_info    0x0000b572      0x5a2 ..\obj\usb_desc.o
 .debug_info    0x0000bb14     0x10aa ..\obj\usb_regs.o
 .debug_info    0x0000cbbe     0x1101 ..\obj\pwm.o
 .debug_info    0x0000dcbf      0x1c7 ..\obj\startup_stm32f10x_md.o
 .debug_info    0x0000de86      0xc1a ..\obj\hw_config.o
 .debug_info    0x0000eaa0      0xf14 ..\obj\I2Cdev.o
 .debug_info    0x0000f9b4      0x896 ..\obj\stm32f10x_gpio.o
 .debug_info    0x0001024a      0xc0e ..\obj\usb_prop.o
 .debug_info    0x00010e58      0x965 ..\obj\usb_pwr.o
 .debug_info    0x000117bd      0x508 ..\obj\usb_init.o
 .debug_info    0x00011cc5      0xd79 ..\obj\main.o
 .debug_info    0x00012a3e      0x6d7 ..\obj\usb.o
 .debug_info    0x00013115     0x1a4d ..\obj\log.o
 .debug_info    0x00014b62      0x947 ..\obj\stm32f10x_rcc.o
 .debug_info    0x000154a9      0x361 ..\obj\stm32f10x_exti.o
 .debug_info    0x0001580a      0xb31 ..\obj\stm32f10x_usart.o
 .debug_info    0x0001633b      0x607 ..\obj\usb_sil.o
 .debug_info    0x00016942      0xd36 ..\obj\morsecode.o
 .debug_info    0x00017678      0xcd9 ..\obj\syscalls.o
 .debug_info    0x00018351      0x4f8 ..\obj\stm32_it.o
 .debug_info    0x00018849      0x64e ..\obj\usb_endp.o
 .debug_info    0x00018e97      0x54d ..\obj\misc.o
 .debug_info    0x000193e4      0x9d4 ..\obj\stm32f10x_spi.o
 .debug_info    0x00019db8     0x8da3 ..\obj\MPU6050.o
 .debug_info    0x00022b5b      0x59e ..\obj\usb_mem.o
 .debug_info    0x000230f9      0x60f ..\obj\usb_istr.o
 .debug_info    0x00023708      0x214 ..\obj\stm32f10x_iwdg.o

.debug_abbrev   0x00000000     0x547e
 .debug_abbrev  0x00000000      0x3ee ..\obj\usb_core.o
 .debug_abbrev  0x000003ee      0x264 ..\obj\delay.o
 .debug_abbrev  0x00000652      0x2c6 ..\obj\stm32f10x_tim.o
 .debug_abbrev  0x00000918      0x788 ..\obj\imu.o
 .debug_abbrev  0x000010a0      0x192 ..\obj\usb_int.o
 .debug_abbrev  0x00001232      0x100 ..\obj\stm32f10x_dbgmcu.o
 .debug_abbrev  0x00001332      0x18a ..\obj\system_stm32f10x.o
 .debug_abbrev  0x000014bc      0x369 ..\obj\receiver.o
 .debug_abbrev  0x00001825      0x119 ..\obj\usb_desc.o
 .debug_abbrev  0x0000193e      0x2e8 ..\obj\usb_regs.o